    Updating crates.io index
 Downloading crates ...
  Downloaded alloc-stdlib v0.2.2
  Downloaded clap_lex v1.1.0
  Downloaded anstyle-query v1.1.5
  Downloaded arc-swap v1.9.1
  Downloaded cfg_aliases v0.2.1
  Downloaded glib-macros v0.18.5
  Downloaded gdkx11-sys v0.18.2
  Downloaded crossbeam-deque v0.8.6
  Downloaded field-offset v0.3.6
  Downloaded gio v0.18.4
  Downloaded gio-sys v0.18.1
  Downloaded is_terminal_polyfill v1.70.2
  Downloaded json-patch v3.0.1
  Downloaded markup5ever v0.10.1
  Downloaded proc-macro-crate v3.5.0
  Downloaded ppv-lite86 v0.2.21
  Downloaded powerfmt v0.2.0
  Downloaded phf_macros v0.8.0
  Downloaded proc-macro-error-attr v1.0.4
  Downloaded rand_core v0.9.5
  Downloaded rfc6979 v0.4.0
  Downloaded sqlx-macros-core v0.8.6
  Downloaded tower-service v0.3.3
  Downloaded toml v0.9.12+spec-1.1.0
  Downloaded toml_writer v1.1.1+spec-1.1.0
  Downloaded unic-ucd-version v0.9.0
  Downloaded version-compare v0.2.1
  Downloaded version_check v0.9.5
  Downloaded zerovec-derive v0.11.3
  Downloaded zeroize_derive v1.4.3
  Downloaded xdg v2.5.2
  Downloaded vcpkg v0.2.15
  Downloaded zerotrie v0.2.4
  Downloaded zerovec v0.11.6
  Downloaded wayland-sys v0.31.11
  Downloaded zvariant_utils v3.3.1
  Downloaded zvariant_derive v5.11.0
  Downloaded wayland-scanner v0.31.10
  Downloaded zune-core v0.5.1
  Downloaded zerocopy v0.8.48
  Downloaded x11-dl v2.21.0
  Downloaded x11 v2.21.0
  Downloaded libgit2-sys v0.18.4+1.9.3
  Downloaded zerocopy-derive v0.8.48
  Downloaded x11rb-protocol v0.13.2
  Downloaded zstd v0.13.3
  Downloaded wiremock v0.6.5
  Downloaded whoami v1.6.1
  Downloaded webkit2gtk-sys v2.0.2
  Downloaded zbus v5.15.0
  Downloaded linux-raw-sys v0.12.1
  Downloaded web-time v1.1.0
  Downloaded zstd-safe v7.2.4
  Downloaded zmij v1.0.21
  Downloaded x11rb v0.13.2
  Downloaded wry v0.55.1
  Downloaded web_atoms v0.2.4
  Downloaded web_atoms v0.1.3
  Downloaded want v0.3.1
  Downloaded syntect v5.3.0
  Downloaded wl-clipboard-rs v0.9.3
  Downloaded unicode_categories v0.1.1
  Downloaded tracing-subscriber v0.3.23
  Downloaded zbus_names v4.3.2
  Downloaded weezl v0.1.12
  Downloaded wayland-protocols-wlr v0.3.12
  Downloaded walkdir v2.5.0
  Downloaded libsqlite3-sys v0.30.1
  Downloaded unicode-normalization v0.1.25
  Downloaded unic-ucd-ident v0.9.0
  Downloaded unic-common v0.9.0
  Downloaded tracing v0.1.44
  Downloaded pxfm v0.1.29
  Downloaded petgraph v0.8.3
  Downloaded unicode-properties v0.1.4
  Downloaded onig_sys v69.9.3
  Downloaded zerofrom-derive v0.1.7
  Downloaded yoke-derive v0.8.2
  Downloaded yaml-rust v0.4.5
  Downloaded writeable v0.6.3
  Downloaded unic-char-range v0.9.0
  Downloaded webpki-roots v1.0.7
  Downloaded winnow v0.5.40
  Downloaded typenum v1.20.0
  Downloaded syn v2.0.117
  Downloaded rustix v1.1.4
  Downloaded libdbus-sys v0.2.7
  Downloaded zeroize v1.8.2
  Downloaded zvariant v5.11.0
  Downloaded zune-jpeg v0.5.15
  Downloaded winnow v0.7.15
  Downloaded webkit2gtk v2.0.2
  Downloaded wayland-client v0.31.14
  Downloaded wayland-backend v0.3.15
  Downloaded wayland-protocols v0.32.12
  Downloaded winnow v1.0.3
  Downloaded openssl-src v300.6.0+3.6.2
  Downloaded zerofrom v0.1.8
  Downloaded zbus_macros v5.15.0
  Downloaded yoke v0.8.2
  Downloaded wait-timeout v0.2.1
  Downloaded uuid v1.23.1
  Downloaded utf8parse v0.2.2
  Downloaded utf-8 v0.7.6
  Downloaded url v2.5.8
  Downloaded untrusted v0.9.0
  Downloaded unicode-segmentation v1.13.2
  Downloaded toml_edit v0.20.2
  Downloaded tokio v1.52.3
  Downloaded time v0.3.47
  Downloaded tao v0.35.2
  Downloaded syn v1.0.109
  Downloaded serde_with v3.20.0
  Downloaded tree-sitter v0.25.10
  Downloaded toml_edit v0.25.11+spec-1.1.0
  Downloaded tokio-util v0.7.18
  Downloaded tauri-utils v2.9.2
  Downloaded tauri-runtime-wry v2.11.2
  Downloaded tauri-plugin-notification v2.3.3
  Downloaded tauri-plugin-fs v2.5.1
  Downloaded sqlx-sqlite v0.8.6
  Downloaded utf8_iter v1.0.4
  Downloaded urlpattern v0.3.0
  Downloaded unicode-ident v1.0.24
  Downloaded unicode-bidi v0.3.18
  Downloaded unarray v0.1.4
  Downloaded typed-arena v2.0.2
  Downloaded tree-sitter-language v0.1.7
  Downloaded zstd-sys v2.0.16+zstd.1.5.7
  Downloaded tracing-core v0.1.36
  Downloaded tower-http v0.6.10
  Downloaded tower v0.5.3
  Downloaded toml_datetime v0.7.5+spec-1.1.0
  Downloaded tokio-rustls v0.26.4
  Downloaded tiff v0.11.3
  Downloaded tauri v2.11.2
  Downloaded snafu v0.8.9
  Downloaded selectors v0.36.1
  Downloaded schemars v1.2.1
  Downloaded rustls-webpki v0.103.13
  Downloaded rustls v0.23.40
  Downloaded octocrab v0.50.0
  Downloaded unic-char-property v0.9.0
  Downloaded typeid v1.0.3
  Downloaded try-lock v0.2.5
  Downloaded tree_magic_mini v3.2.2
  Downloaded tree-sitter-highlight v0.25.10
  Downloaded tray-icon v0.23.1
  Downloaded tracing-log v0.2.0
  Downloaded tracing-attributes v0.1.31
  Downloaded tower-layer v0.3.3
  Downloaded toml_edit v0.19.15
  Downloaded toml v1.1.2+spec-1.1.0
  Downloaded tokio-stream v0.1.18
  Downloaded tinyvec v1.11.0
  Downloaded time-macros v0.2.27
  Downloaded tauri-plugin-os v2.3.2
  Downloaded tauri-plugin-clipboard-manager v2.3.2
  Downloaded tauri-build v2.6.2
  Downloaded sys-locale v0.3.2
  Downloaded sqlx-postgres v0.8.6
  Downloaded sqlx-mysql v0.8.6
  Downloaded sqlx-core v0.8.6
  Downloaded siphasher v0.3.11
  Downloaded similar v3.1.0
  Downloaded serde_json v1.0.149
  Downloaded libz-sys v1.1.28
  Downloaded toml_parser v1.1.2+spec-1.1.0
  Downloaded toml_datetime v1.1.1+spec-1.1.0
  Downloaded toml_datetime v0.6.3
  Downloaded toml v0.8.2
  Downloaded tokio-macros v2.7.0
  Downloaded tinytemplate v1.2.1
  Downloaded tinystr v0.8.3
  Downloaded time-core v0.1.8
  Downloaded thread_local v1.1.9
  Downloaded thiserror-impl v2.0.18
  Downloaded thiserror-impl v1.0.69
  Downloaded thiserror v2.0.18
  Downloaded thiserror v1.0.69
  Downloaded tendril v0.5.0
  Downloaded tendril v0.4.3
  Downloaded tempfile v3.27.0
  Downloaded tauri-winres v0.3.6
  Downloaded tauri-specta v2.0.0-rc.25
  Downloaded tauri-plugin v2.6.2
  Downloaded tauri-macros v2.6.2
  Downloaded system-deps v6.2.2
  Downloaded synstructure v0.13.2
  Downloaded sync_wrapper v1.0.2
  Downloaded stringprep v0.1.5
  Downloaded string_cache_codegen v0.6.1
  Downloaded string_cache_codegen v0.5.4
  Downloaded string_cache v0.9.0
  Downloaded string_cache v0.8.9
  Downloaded stable_deref_trait v1.2.1
  Downloaded sqlx-macros v0.8.6
  Downloaded sqlx v0.8.6
  Downloaded spin v0.9.8
  Downloaded specta-util v0.0.12
  Downloaded specta-typescript v0.0.12
  Downloaded specta-serde v0.0.12
  Downloaded specta-macros v2.0.0-rc.25
  Downloaded specta v2.0.0-rc.25
  Downloaded socket2 v0.6.3
  Downloaded slab v0.4.12
  Downloaded simple_asn1 v0.6.4
  Downloaded shlex v1.3.0
  Downloaded servo_arc v0.4.3
  Downloaded serialize-to-javascript-impl v0.1.2
  Downloaded serde_with_macros v3.20.0
  Downloaded serde_spanned v1.1.1
  Downloaded serde_spanned v0.6.9
  Downloaded serde_path_to_error v0.1.20
  Downloaded serde-untagged v0.1.9
  Downloaded semver v1.0.28
  Downloaded selectors v0.22.0
  Downloaded schemars v0.9.0
  Downloaded rusty-fork v0.3.1
  Downloaded libc v0.2.186
  Downloaded tinyvec_macros v0.1.1
  Downloaded thin-slice v0.1.1
  Downloaded terminal_size v0.4.4
  Downloaded tauri-runtime v2.11.2
  Downloaded tauri-codegen v2.6.2
  Downloaded target-lexicon v0.12.16
  Downloaded subtle v2.6.1
  Downloaded streaming-iterator v0.1.9
  Downloaded spki v0.7.3
  Downloaded soup3 v0.5.0
  Downloaded snafu-derive v0.8.9
  Downloaded smallvec v1.15.1
  Downloaded similar v2.7.0
  Downloaded simd-adler32 v0.3.9
  Downloaded signature v2.2.0
  Downloaded signal-hook-registry v1.4.8
  Downloaded shell-words v1.1.1
  Downloaded sharded-slab v0.1.7
  Downloaded sha1 v0.10.6
  Downloaded serialize-to-javascript v0.1.2
  Downloaded serde_urlencoded v0.7.1
  Downloaded serde_repr v0.1.20
  Downloaded serde_derive v1.0.228
  Downloaded sec1 v0.7.3
  Downloaded scopeguard v1.2.0
  Downloaded same-file v1.0.6
  Downloaded ryu v1.0.23
  Downloaded rustc-hash v2.1.2
  Downloaded ring v0.17.14
  Downloaded regex-syntax v0.8.10
  Downloaded regex-automata v0.4.14
  Downloaded quinn-proto v0.11.14
  Downloaded quick-xml v0.39.4
  Downloaded proptest v1.11.0
  Downloaded strsim v0.11.1
  Downloaded soup3-sys v0.5.0
  Downloaded siphasher v1.0.3
  Downloaded sha2 v0.10.9
  Downloaded serde_derive_internals v0.29.1
  Downloaded serde_core v1.0.228
  Downloaded serde v1.0.228
  Downloaded secrecy v0.10.3
  Downloaded schemars_derive v0.8.22
  Downloaded schemars v0.8.22
  Downloaded rustversion v1.0.22
  Downloaded rustls-pki-types v1.14.1
  Downloaded rustls-native-certs v0.8.3
  Downloaded rustc_version v0.4.1
  Downloaded rusqlite v0.32.1
  Downloaded rsa v0.9.10
  Downloaded reqwest v0.12.28
  Downloaded regex v1.12.3
  Downloaded ref-cast v1.0.25
  Downloaded rayon v1.12.0
  Downloaded raw-window-handle v0.6.2
  Downloaded rand_core v0.5.1
  Downloaded rand v0.9.4
  Downloaded rand v0.8.6
  Downloaded rand v0.7.3
  Downloaded quote v1.0.45
  Downloaded quick-error v2.0.1
  Downloaded prettyplease v0.2.37
  Downloaded png v0.18.1
  Downloaded png v0.17.16
  Downloaded plotters v0.3.7
  Downloaded p384 v0.13.1
  Downloaded nix v0.30.1
  Downloaded servo_arc v0.1.1
  Downloaded rayon-core v1.13.0
  Downloaded rand_xorshift v0.4.0
  Downloaded rand_core v0.6.4
  Downloaded rand_chacha v0.3.1
  Downloaded rand_chacha v0.2.2
  Downloaded quinn v0.11.9
  Downloaded quick-error v1.2.3
  Downloaded proc-macro2 v1.0.106
  Downloaded proc-macro-hack v0.5.20+deprecated
  Downloaded proc-macro-crate v2.0.2
  Downloaded pin-project-internal v1.1.13
  Downloaded parking_lot v0.12.5
  Downloaded p256 v0.13.2
  Downloaded num-bigint-dig v0.8.6
  Downloaded num-bigint v0.4.6
  Downloaded nom v8.0.0
  Downloaded ref-cast-impl v1.0.25
  Downloaded rand_pcg v0.2.1
  Downloaded rand_chacha v0.9.0
  Downloaded quinn-udp v0.5.14
  Downloaded proc-macro-crate v1.3.1
  Downloaded primeorder v0.13.6
  Downloaded pkg-config v0.3.33
  Downloaded pkcs1 v0.7.5
  Downloaded phf_shared v0.11.3
  Downloaded pango v0.18.3
  Downloaded oorandom v11.1.5
  Downloaded once_cell v1.21.4
  Downloaded muda v0.19.1
  Downloaded memchr v2.8.0
  Downloaded proc-macro-error v1.0.4
  Downloaded precomputed-hash v0.1.1
  Downloaded potential_utf v0.1.5
  Downloaded phf v0.12.1
  Downloaded pem v3.0.6
  Downloaded plist v1.9.0
  Downloaded phf_shared v0.8.0
  Downloaded percent-encoding v2.3.2
  Downloaded num-traits v0.2.19
  Downloaded phf_generator v0.13.1
  Downloaded phf_codegen v0.11.3
  Downloaded phf v0.13.1
  Downloaded phf v0.11.3
  Downloaded parking v2.2.1
  Downloaded page_size v0.6.0
  Downloaded ordered-stream v0.2.0
  Downloaded openssl-probe v0.1.6
  Downloaded moxcms v0.8.1
  Downloaded mio v1.2.0
  Downloaded polling v3.11.0
  Downloaded plotters-svg v0.3.7
  Downloaded pkcs8 v0.10.2
  Downloaded piper v0.2.5
  Downloaded pin-project-lite v0.2.17
  Downloaded pin-project v1.1.13
  Downloaded phf_shared v0.13.1
  Downloaded phf_shared v0.12.1
  Downloaded phf_macros v0.13.1
  Downloaded phf_macros v0.11.3
  Downloaded phf_generator v0.11.3
  Downloaded phf_generator v0.8.0
  Downloaded phf_codegen v0.13.1
  Downloaded phf_codegen v0.8.0
  Downloaded pem-rfc7468 v0.7.0
  Downloaded paste v1.0.15
  Downloaded nu-ansi-term v0.50.3
  Downloaded new_debug_unreachable v1.0.6
  Downloaded mockito v1.7.2
  Downloaded miniz_oxide v0.8.9
  Downloaded memoffset v0.9.1
  Downloaded plotters-backend v0.3.7
  Downloaded phf v0.8.0
  Downloaded parking_lot_core v0.9.12
  Downloaded pango-sys v0.18.0
  Downloaded os_pipe v1.2.3
  Downloaded os_info v3.14.0
  Downloaded option-ext v0.2.0
  Downloaded openssl-sys v0.9.116
  Downloaded openssl-probe v0.2.1
  Downloaded onig v6.5.3
  Downloaded num_cpus v1.17.0
  Downloaded num-iter v0.1.45
  Downloaded num-conv v0.2.1
  Downloaded notify-types v2.1.0
  Downloaded notify-rust v4.17.0
  Downloaded notify v8.2.0
  Downloaded nodrop v0.1.14
  Downloaded mime v0.3.17
  Downloaded md-5 v0.10.6
  Downloaded matches v0.1.10
  Downloaded matchers v0.2.0
  Downloaded match_token v0.35.0
  Downloaded markup5ever v0.38.0
  Downloaded markup5ever v0.35.0
  Downloaded indexmap v2.14.0
  Downloaded image v0.25.10
  Downloaded icu_properties_data v2.2.0
  Downloaded icu_normalizer_data v2.2.0
  Downloaded icu_normalizer v2.2.0
  Downloaded icu_locale_core v2.2.0
  Downloaded icu_collections v2.2.0
  Downloaded ico v0.5.0
  Downloaded hyper-util v0.1.20
  Downloaded gtk v0.18.2
  Downloaded chrono-tz v0.10.4
  Downloaded bstr v1.12.1
  Downloaded brotli v8.0.2
  Downloaded num-integer v0.1.46
  Downloaded libm v0.2.16
  Downloaded libappindicator v0.9.0
  Downloaded hyper v1.9.0
  Downloaded hkdf v0.12.4
  Downloaded hashbrown v0.17.1
  Downloaded hashbrown v0.15.5
  Downloaded hashbrown v0.14.5
  Downloaded hashbrown v0.12.3
  Downloaded h2 v0.4.14
  Downloaded gtk-sys v0.18.2
  Downloaded comrak v0.48.0
  Downloaded clap_builder v4.6.0
  Downloaded chrono v0.4.44
  Downloaded brotli-decompressor v5.0.0
  Downloaded aho-corasick v1.1.4
  Downloaded maplit v1.0.2
  Downloaded mac v0.1.1
  Downloaded lru-slab v0.1.2
  Downloaded log v0.4.29
  Downloaded lock_api v0.4.14
  Downloaded litemap v0.8.2
  Downloaded linked-hash-map v0.5.6
  Downloaded libloading v0.7.4
  Downloaded libappindicator-sys v0.9.0
  Downloaded lazy_static v1.5.0
  Downloaded kuchiki v0.8.1
  Downloaded keyring v3.6.3
  Downloaded keyboard-types v0.7.0
  Downloaded jsonwebtoken v10.4.0
  Downloaded jsonptr v0.6.3
  Downloaded jobserver v0.1.34
  Downloaded jetscii v0.5.3
  Downloaded javascriptcore-rs-sys v1.1.1
  Downloaded javascriptcore-rs v1.1.2
  Downloaded itoa v1.0.18
  Downloaded itoa v0.4.8
  Downloaded itertools v0.13.0
  Downloaded ipnet v2.12.0
  Downloaded inotify-sys v0.1.5
  Downloaded inotify v0.11.1
  Downloaded infer v0.19.0
  Downloaded indexmap v1.9.3
  Downloaded idna v1.1.0
  Downloaded icu_properties v2.2.0
  Downloaded iana-time-zone v0.1.65
  Downloaded hyper-timeout v0.5.2
  Downloaded hyper-rustls v0.27.9
  Downloaded httparse v1.10.1
  Downloaded http v1.4.0
  Downloaded html5ever v0.38.0
  Downloaded html5ever v0.35.0
  Downloaded html5ever v0.25.2
  Downloaded git2 v0.20.4
  Downloaded futures-util v0.3.32
  Downloaded flate2 v1.1.9
  Downloaded derive_more-impl v2.1.1
  Downloaded derive_more v2.1.1
  Downloaded curve25519-dalek v4.1.3
  Downloaded crypto-bigint v0.5.5
  Downloaded crossbeam-channel v0.5.15
  Downloaded criterion v0.8.2
  Downloaded cc v1.2.62
  Downloaded bytes v1.11.1
  Downloaded bon-macros v3.9.1
  Downloaded arboard v3.6.1
  Downloaded idna_adapter v1.2.2
  Downloaded ident_case v1.0.1
  Downloaded icu_provider v2.2.0
  Downloaded http-body v1.0.1
  Downloaded home v0.5.12
  Downloaded hmac v0.12.1
  Downloaded heck v0.4.1
  Downloaded half v2.7.1
  Downloaded gobject-sys v0.18.0
  Downloaded glib-sys v0.18.1
  Downloaded glib v0.18.5
  Downloaded getrandom v0.4.2
  Downloaded getrandom v0.2.17
  Downloaded gdk-sys v0.18.2
  Downloaded futures-intrusive v0.5.0
  Downloaded futures v0.3.32
  Downloaded flume v0.11.1
  Downloaded event-listener v5.4.1
  Downloaded enumflags2 v0.7.12
  Downloaded entities v1.0.1
  Downloaded elliptic-curve v0.13.8
  Downloaded dtoa v1.0.11
  Downloaded dom_query v0.27.0
  Downloaded dlopen2_derive v0.4.3
  Downloaded derive_more v0.99.20
  Downloaded deadpool v0.12.3
  Downloaded dbus v0.9.11
  Downloaded darling_core v0.23.0
  Downloaded cssparser v0.36.0
  Downloaded cssparser v0.35.0
  Downloaded crossbeam-utils v0.8.21
  Downloaded crossbeam-epoch v0.9.18
  Downloaded crc32fast v1.5.0
  Downloaded crc-catalog v2.5.0
  Downloaded const-oid v0.9.6
  Downloaded compression-codecs v0.4.38
  Downloaded colored v3.1.1
  Downloaded clap v4.6.1
  Downloaded cfg-expr v0.15.8
  Downloaded cargo_toml v0.22.3
  Downloaded cargo-platform v0.1.9
  Downloaded camino v1.2.2
  Downloaded byteorder v1.5.0
  Downloaded bytemuck v1.25.0
  Downloaded bon v3.9.1
  Downloaded bitflags v2.11.1
  Downloaded bincode v1.3.3
  Downloaded async-compression v0.4.42
  Downloaded async-broadcast v0.7.2
  Downloaded anstyle-parse v1.0.0
  Downloaded anstyle v1.0.14
  Downloaded anstream v1.0.0
  Downloaded anes v0.1.6
  Downloaded ammonia v4.1.2
  Downloaded allocator-api2 v0.2.21
  Downloaded ahash v0.8.12
  Downloaded httpdate v1.0.3
  Downloaded http-range v0.1.5
  Downloaded http-body-util v0.1.3
  Downloaded hex v0.4.3
  Downloaded heck v0.5.0
  Downloaded hashlink v0.10.0
  Downloaded hashlink v0.9.1
  Downloaded gtk3-macros v0.18.2
  Downloaded group v0.13.0
  Downloaded glob v0.3.3
  Downloaded getrandom v0.1.16
  Downloaded gethostname v1.1.0
  Downloaded gdk-pixbuf-sys v0.18.0
  Downloaded gdk-pixbuf v0.18.5
  Downloaded futures-sink v0.3.32
  Downloaded foldhash v0.1.5
  Downloaded fmt2io v1.0.0
  Downloaded fixedbitset v0.5.7
  Downloaded find-msvc-tools v0.1.9
  Downloaded fdeflate v0.3.7
  Downloaded fallible-streaming-iterator v0.1.9
  Downloaded event-listener-strategy v0.5.4
  Downloaded enumflags2_derive v0.7.12
  Downloaded embed-resource v3.0.9
  Downloaded either v1.15.0
  Downloaded dyn-clone v1.0.20
  Downloaded dunce v1.0.5
  Downloaded dtor-proc-macro v0.0.6
  Downloaded dtoa-short v0.3.5
  Downloaded downcast-rs v1.2.1
  Downloaded dotenvy v0.15.7
  Downloaded displaydoc v0.2.5
  Downloaded dirs-sys v0.5.0
  Downloaded digest v0.10.7
  Downloaded deranged v0.5.8
  Downloaded deadpool-runtime v0.1.4
  Downloaded ctor-proc-macro v0.0.7
  Downloaded ctor v0.8.0
  Downloaded cssparser-macros v0.6.1
  Downloaded crossbeam-queue v0.3.12
  Downloaded crc v3.4.0
  Downloaded cpufeatures v0.2.17
  Downloaded convert_case v0.4.0
  Downloaded concurrent-queue v2.5.0
  Downloaded colorchoice v1.0.5
  Downloaded ciborium-ll v0.2.2
  Downloaded cairo-sys-rs v0.18.2
  Downloaded cairo-rs v0.18.5
  Downloaded bs58 v0.5.1
  Downloaded blocking v1.6.2
  Downloaded block-buffer v0.10.4
  Downloaded bit-set v0.8.0
  Downloaded async-recursion v1.1.1
  Downloaded async-process v2.5.0
  Downloaded async-channel v2.5.0
  Downloaded alloc-no-stdlib v2.0.4
  Downloaded adler2 v2.0.1
  Downloaded getrandom v0.3.4
  Downloaded generic-array v0.14.9
  Downloaded gdk v0.18.2
  Downloaded fxhash v0.2.1
  Downloaded futures-task v0.3.32
  Downloaded futures-core v0.3.32
  Downloaded foldhash v0.2.0
  Downloaded fancy-regex v0.16.2
  Downloaded dtor v0.3.0
  Downloaded dpi v0.1.2
  Downloaded dirs v6.0.0
  Downloaded der v0.7.10
  Downloaded darling_macro v0.23.0
  Downloaded darling v0.23.0
  Downloaded curve25519-dalek-derive v0.1.1
  Downloaded crypto-common v0.1.6
  Downloaded cast v0.3.0
  Downloaded cargo-platform v0.3.3
  Downloaded gdkx11 v0.18.2
  Downloaded gdkwayland-sys v0.18.2
  Downloaded futures-macro v0.3.32
  Downloaded futures-lite v2.6.1
  Downloaded futures-io v0.3.32
  Downloaded futures-executor v0.3.32
  Downloaded futures-channel v0.3.32
  Downloaded futf v0.1.5
  Downloaded fnv v1.0.7
  Downloaded ff v0.13.1
  Downloaded fax v0.2.7
  Downloaded errno v0.3.14
  Downloaded equivalent v1.0.2
  Downloaded endi v1.1.1
  Downloaded emojis v0.6.4
  Downloaded ed25519-dalek v2.2.0
  Downloaded cfg-if v1.0.4
  Downloaded base64ct v1.8.3
  Downloaded async-lock v3.4.2
  Downloaded alloca v0.4.0
  Downloaded fastrand v2.4.1
  Downloaded fallible-iterator v0.3.0
  Downloaded ed25519 v2.2.3
  Downloaded criterion-plot v0.8.2
  Downloaded cookie v0.18.1
  Downloaded compression-core v0.4.32
  Downloaded ciborium-io v0.2.2
  Downloaded ciborium v0.2.2
  Downloaded caseless v0.2.2
  Downloaded cargo_metadata v0.23.1
  Downloaded cargo_metadata v0.19.2
  Downloaded byteorder-lite v0.1.0
  Downloaded atoi v2.0.0
  Downloaded async-task v4.7.1
  Downloaded base64 v0.22.1
  Downloaded autocfg v1.5.0
  Downloaded async-trait v0.1.89
  Downloaded form_urlencoded v1.2.2
  Downloaded erased-serde v0.4.10
  Downloaded ecdsa v0.16.9
  Downloaded cssparser v0.27.2
  Downloaded cfb v0.7.3
  Downloaded bitflags v1.3.2
  Downloaded bit-vec v0.8.0
  Downloaded atk-sys v0.18.2
  Downloaded atk v0.18.2
  Downloaded async-signal v0.2.14
  Downloaded dlopen2 v0.8.2
  Downloaded clap_derive v4.6.1
  Downloaded base16ct v0.2.0
  Downloaded atomic-waker v1.1.2
  Downloaded async-io v2.6.0
  Downloaded async-executor v1.14.0
  Downloaded assert-json-diff v2.0.2
  Downloaded anyhow v1.0.102
  Downloaded Inflector v0.11.4
   Compiling quote v1.0.45
   Compiling proc-macro2 v1.0.106
   Compiling unicode-ident v1.0.24
   Compiling serde v1.0.228
   Compiling serde_core v1.0.228
   Compiling libc v0.2.186
   Compiling syn v2.0.117
   Compiling equivalent v1.0.2
   Compiling pkg-config v0.3.33
   Compiling hashbrown v0.17.1
   Compiling indexmap v2.14.0
   Compiling smallvec v1.15.1
    Checking cfg-if v1.0.4
   Compiling heck v0.5.0
   Compiling version_check v0.9.5
   Compiling jobserver v0.1.34
   Compiling shlex v1.3.0
   Compiling find-msvc-tools v0.1.9
   Compiling cc v1.2.62
   Compiling autocfg v1.5.0
   Compiling winnow v0.5.40
   Compiling parking_lot_core v0.9.12
   Compiling target-lexicon v0.12.16
   Compiling synstructure v0.13.2
    Checking memchr v2.8.0
   Compiling cfg-expr v0.15.8
   Compiling version-compare v0.2.1
   Compiling siphasher v1.0.3
    Checking pin-project-lite v0.2.17
    Checking bitflags v2.11.1
   Compiling zmij v1.0.21
    Checking futures-core v0.3.32
    Checking once_cell v1.21.4
   Compiling icu_properties_data v2.2.0
   Compiling icu_normalizer_data v2.2.0
   Compiling semver v1.0.28
    Checking log v0.4.29
   Compiling thiserror v2.0.18
   Compiling serde_derive v1.0.228
   Compiling zerofrom-derive v0.1.7
   Compiling yoke-derive v0.8.2
   Compiling zerovec-derive v0.11.3
   Compiling displaydoc v0.2.5
   Compiling thiserror-impl v2.0.18
    Checking scopeguard v1.2.0
    Checking lock_api v0.4.14
   Compiling itoa v1.0.18
    Checking futures-io v0.3.32
   Compiling thiserror v1.0.69
    Checking slab v0.4.12
   Compiling stable_deref_trait v1.2.1
   Compiling thiserror-impl v1.0.69
   Compiling zerofrom v0.1.8
   Compiling phf_shared v0.13.1
    Checking futures-sink v0.3.32
   Compiling yoke v0.8.2
   Compiling fastrand v2.4.1
   Compiling phf_generator v0.13.1
   Compiling zerovec v0.11.6
   Compiling zeroize_derive v1.4.3
   Compiling winnow v1.0.3
   Compiling serde_json v1.0.149
   Compiling toml_datetime v0.6.3
   Compiling serde_spanned v0.6.9
    Checking zeroize v1.8.2
   Compiling toml_edit v0.20.2
    Checking futures-channel v0.3.32
   Compiling rustc_version v0.4.1
   Compiling syn v1.0.109
    Checking parking_lot v0.12.5
   Compiling toml_parser v1.1.2+spec-1.1.0
   Compiling futures-macro v0.3.32
    Checking futures-task v0.3.32
    Checking futures-util v0.3.32
   Compiling tinystr v0.8.3
   Compiling litemap v0.8.2
   Compiling toml v0.8.2
   Compiling system-deps v6.2.2
   Compiling writeable v0.6.3
   Compiling icu_locale_core v2.2.0
   Compiling glib-sys v0.18.1
   Compiling gobject-sys v0.18.0
   Compiling potential_utf v0.1.5
   Compiling zerotrie v0.2.4
   Compiling toml_datetime v1.1.1+spec-1.1.0
   Compiling num-conv v0.2.1
   Compiling time-core v0.1.8
   Compiling utf8_iter v1.0.4
   Compiling icu_provider v2.2.0
   Compiling icu_collections v2.2.0
   Compiling strsim v0.11.1
   Compiling ident_case v1.0.1
   Compiling darling_core v0.23.0
   Compiling phf_macros v0.13.1
   Compiling crossbeam-utils v0.8.21
   Compiling icu_properties v2.2.0
   Compiling icu_normalizer v2.2.0
   Compiling percent-encoding v2.3.2
    Checking bytes v1.11.1
   Compiling getrandom v0.4.2
   Compiling typeid v1.0.3
   Compiling form_urlencoded v1.2.2
   Compiling idna_adapter v1.2.2
   Compiling gio-sys v0.18.1
   Compiling phf_codegen v0.13.1
   Compiling idna v1.1.0
   Compiling cssparser-macros v0.6.1
    Checking errno v0.3.14
   Compiling erased-serde v0.4.10
   Compiling url v2.5.8
   Compiling darling_macro v0.23.0
    Checking signal-hook-registry v1.4.8
   Compiling darling v0.23.0
   Compiling quick-xml v0.39.4
   Compiling camino v1.2.2
   Compiling new_debug_unreachable v1.0.6
   Compiling phf v0.13.1
   Compiling string_cache_codegen v0.6.1
   Compiling base64 v0.22.1
   Compiling precomputed-hash v0.1.1
   Compiling anyhow v1.0.102
   Compiling web_atoms v0.2.4
   Compiling serde_with_macros v3.20.0
    Checking futures-executor v0.3.32
   Compiling proc-macro-error-attr v1.0.4
   Compiling serde_spanned v1.1.1
   Compiling toml_writer v1.1.1+spec-1.1.0
   Compiling ctor-proc-macro v0.0.7
    Checking subtle v2.6.1
   Compiling string_cache v0.9.0
    Checking mio v1.2.0
   Compiling proc-macro-error v1.0.4
   Compiling dtoa v1.0.11
   Compiling utf-8 v0.7.6
   Compiling rustix v1.1.4
   Compiling tendril v0.5.0
   Compiling dtoa-short v0.3.5
   Compiling uuid v1.23.1
   Compiling selectors v0.36.1
   Compiling gdk-sys v0.18.2
   Compiling tokio-macros v2.7.0
   Compiling derive_more-impl v2.1.1
   Compiling aho-corasick v1.1.4
   Compiling indexmap v1.9.3
   Compiling generic-array v0.14.9
    Checking socket2 v0.6.3
   Compiling byteorder v1.5.0
    Checking linux-raw-sys v0.12.1
   Compiling regex-syntax v0.8.10
   Compiling unic-char-range v0.9.0
   Compiling powerfmt v0.2.0
   Compiling alloc-no-stdlib v2.0.4
   Compiling unic-common v0.9.0
   Compiling unic-ucd-version v0.9.0
   Compiling alloc-stdlib v0.2.2
   Compiling deranged v0.5.8
   Compiling unic-char-property v0.9.0
   Compiling derive_more v2.1.1
    Checking tokio v1.52.3
   Compiling regex-automata v0.4.14
   Compiling markup5ever v0.38.0
   Compiling cssparser v0.36.0
   Compiling toml v1.1.2+spec-1.1.0
   Compiling servo_arc v0.4.3
   Compiling serde_derive_internals v0.29.1
   Compiling bit-vec v0.8.0
    Checking const-oid v0.9.6
    Checking typenum v1.20.0
   Compiling fnv v1.0.7
   Compiling hashbrown v0.12.3
   Compiling schemars v0.8.22
   Compiling crc32fast v1.5.0
   Compiling rustc-hash v2.1.2
   Compiling schemars_derive v0.8.22
   Compiling cfb v0.7.3
   Compiling bit-set v0.8.0
   Compiling regex v1.12.3
   Compiling html5ever v0.38.0
   Compiling time v0.3.47
   Compiling unic-ucd-ident v0.9.0
   Compiling brotli-decompressor v5.0.0
   Compiling proc-macro-crate v2.0.2
   Compiling jsonptr v0.6.3
   Compiling cargo-platform v0.1.9
   Compiling tracing-attributes v0.1.31
    Checking getrandom v0.2.17
   Compiling heck v0.4.1
   Compiling dyn-clone v1.0.20
   Compiling dunce v1.0.5
   Compiling foldhash v0.2.0
   Compiling same-file v1.0.6
   Compiling dom_query v0.27.0
   Compiling walkdir v2.5.0
   Compiling glib-macros v0.18.5
   Compiling plist v1.9.0
   Compiling json-patch v3.0.1
   Compiling cargo_metadata v0.19.2
   Compiling brotli v8.0.2
   Compiling urlpattern v0.3.0
   Compiling serde-untagged v0.1.9
   Compiling infer v0.19.0
   Compiling serde_with v3.20.0
   Compiling ctor v0.8.0
   Compiling http v1.4.0
   Compiling pango-sys v0.18.0
   Compiling gdk-pixbuf-sys v0.18.0
   Compiling cairo-sys-rs v0.18.2
   Compiling libm v0.2.16
   Compiling glob v0.3.3
    Checking glib v0.18.5
   Compiling tauri-utils v2.9.2
   Compiling atk-sys v0.18.2
   Compiling num-traits v0.2.19
   Compiling zerocopy v0.8.48
   Compiling zerocopy-derive v0.8.48
   Compiling vcpkg v0.2.15
    Checking crypto-common v0.1.6
    Checking block-buffer v0.10.4
    Checking tracing-core v0.1.36
   Compiling rand_core v0.6.4
   Compiling gio v0.18.4
   Compiling rand v0.8.6
    Checking digest v0.10.7
   Compiling gtk-sys v0.18.2
   Compiling phf_shared v0.11.3
   Compiling getrandom v0.1.16
   Compiling phf_generator v0.11.3
    Checking tracing v0.1.44
   Compiling toml_datetime v0.7.5+spec-1.1.0
    Checking parking v2.2.1
   Compiling winnow v0.7.15
   Compiling option-ext v0.2.0
   Compiling dirs-sys v0.5.0
   Compiling toml v0.9.12+spec-1.1.0
   Compiling rand_core v0.5.1
   Compiling embed-resource v3.0.9
    Checking concurrent-queue v2.5.0
   Compiling time-macros v0.2.27
   Compiling memoffset v0.9.1
    Checking base64ct v1.8.3
    Checking pem-rfc7468 v0.7.0
   Compiling ppv-lite86 v0.2.21
   Compiling tauri-winres v0.3.6
   Compiling cargo_toml v0.22.3
   Compiling dirs v6.0.0
    Checking gdk-pixbuf v0.18.5
    Checking pango v0.18.3
    Checking cairo-rs v0.18.5
   Compiling field-offset v0.3.6
   Compiling toml_edit v0.19.15
   Compiling tauri-build v2.6.2
    Checking gdk v0.18.2
   Compiling proc-macro-crate v1.3.1
   Compiling rand_chacha v0.2.2
    Checking der v0.7.10
   Compiling rand_pcg v0.2.1
   Compiling javascriptcore-rs-sys v1.1.1
   Compiling soup3-sys v0.5.0
   Compiling gtk v0.18.2
    Checking simd-adler32 v0.3.9
   Compiling getrandom v0.3.4
    Checking bitflags v1.3.2
   Compiling siphasher v0.3.11
    Checking atomic-waker v1.1.2
   Compiling cpufeatures v0.2.17
   Compiling sha2 v0.10.9
   Compiling phf_shared v0.8.0
   Compiling rand v0.7.3
    Checking spki v0.7.3
   Compiling gtk3-macros v0.18.2
    Checking atk v0.18.2
   Compiling tauri-plugin v2.6.2
   Compiling webkit2gtk-sys v2.0.2
   Compiling x11 v2.21.0
    Checking adler2 v2.0.1
    Checking miniz_oxide v0.8.9
   Compiling phf_generator v0.8.0
    Checking pkcs8 v0.10.2
   Compiling tauri v2.11.2
    Checking event-listener v5.4.1
   Compiling gdkx11-sys v0.18.2
    Checking spin v0.9.8
   Compiling paste v1.0.15
    Checking flate2 v1.1.9
   Compiling string_cache_codegen v0.5.4
    Checking tokio-util v0.7.18
   Compiling specta v2.0.0-rc.25
    Checking dpi v0.1.2
   Compiling cookie v0.18.1
   Compiling x11-dl v2.21.0
   Compiling libdbus-sys v0.2.7
   Compiling Inflector v0.11.4
   Compiling specta-macros v2.0.0-rc.25
    Checking soup3 v0.5.0
    Checking javascriptcore-rs v1.1.2
   Compiling fdeflate v0.3.7
    Checking http-body v1.0.1
   Compiling toml_edit v0.25.11+spec-1.1.0
   Compiling enumflags2_derive v0.7.12
   Compiling httparse v1.10.1
    Checking allocator-api2 v0.2.21
    Checking raw-window-handle v0.6.2
    Checking foldhash v0.1.5
    Checking hashbrown v0.15.5
   Compiling png v0.17.16
   Compiling proc-macro-crate v3.5.0
    Checking hmac v0.12.1
    Checking crossbeam-channel v0.5.15
   Compiling zvariant_utils v3.3.1
   Compiling dlopen2_derive v0.4.3
   Compiling ring v0.17.14
   Compiling wayland-sys v0.31.11
   Compiling wry v0.55.1
   Compiling proc-macro-hack v0.5.20+deprecated
   Compiling tauri-runtime v2.11.2
    Checking try-lock v0.2.5
    Checking tower-service v0.3.3
    Checking want v0.3.1
    Checking dlopen2 v0.8.2
   Compiling zvariant_derive v5.11.0
    Checking dbus v0.9.11
   Compiling ico v0.5.0
    Checking gdkx11 v0.18.2
    Checking h2 v0.4.14
    Checking lazy_static v1.5.0
    Checking event-listener-strategy v0.5.4
   Compiling phf_codegen v0.8.0
    Checking futures-lite v2.6.1
    Checking ff v0.13.1
    Checking signature v2.2.0
   Compiling phf_macros v0.11.3
    Checking gdkwayland-sys v0.18.2
    Checking rustls-pki-types v1.14.1
   Compiling serde_repr v0.1.20
   Compiling wayland-backend v0.3.15
    Checking mac v0.1.1
   Compiling tauri-runtime-wry v2.11.2
    Checking unicode-segmentation v1.13.2
    Checking httpdate v1.0.3
    Checking base16ct v0.2.0
    Checking sec1 v0.7.3
    Checking hyper v1.9.0
    Checking keyboard-types v0.7.0
    Checking futf v0.1.5
    Checking phf v0.11.3
    Checking group v0.13.0
   Compiling tauri-codegen v2.6.2
    Checking webkit2gtk v2.0.2
    Checking tao v0.35.2
    Checking string_cache v0.8.9
    Checking hkdf v0.12.4
    Checking crypto-bigint v0.5.5
    Checking num-integer v0.1.46
    Checking either v1.15.0
   Compiling serialize-to-javascript-impl v0.1.2
   Compiling async-io v2.6.0
   Compiling rustversion v1.0.22
    Checking ipnet v2.12.0
   Compiling wayland-client v0.31.14
    Checking untrusted v0.9.0
    Checking downcast-rs v1.2.1
    Checking hyper-util v0.1.20
    Checking tendril v0.4.3
    Checking elliptic-curve v0.13.8
    Checking serialize-to-javascript v0.1.2
   Compiling tauri-macros v2.6.2
   Compiling phf_macros v0.8.0
    Checking muda v0.19.1
   Compiling enumflags2 v0.7.12
    Checking rand_core v0.9.5
   Compiling phf_codegen v0.11.3
   Compiling libsqlite3-sys v0.30.1
    Checking polling v3.11.0
   Compiling wayland-scanner v0.31.10
   Compiling openssl-src v300.6.0+3.6.2
   Compiling tree-sitter-language v0.1.7
   Compiling crc-catalog v2.5.0
    Checking mime v0.3.17
    Checking async-task v4.7.1
    Checking ryu v1.0.23
   Compiling rustls v0.23.40
    Checking utf8parse v0.2.2
   Compiling endi v1.1.1
    Checking http-range v0.1.5
   Compiling zvariant v5.11.0
   Compiling tokio-stream v0.1.18
    Checking anstyle-parse v1.0.0
    Checking serde_urlencoded v0.7.1
   Compiling crc v3.4.0
   Compiling openssl-sys v0.9.116
   Compiling web_atoms v0.1.3
    Checking phf v0.8.0
    Checking rustls-webpki v0.103.13
   Compiling hashlink v0.10.0
    Checking async-channel v2.5.0
   Compiling crossbeam-queue v0.3.12
    Checking rfc6979 v0.4.0
    Checking http-body-util v0.1.3
   Compiling futures-intrusive v0.5.0
    Checking rand_chacha v0.3.1
   Compiling libz-sys v1.1.28
   Compiling curve25519-dalek v4.1.3
   Compiling onig_sys v69.9.3
   Compiling zstd-sys v2.0.16+zstd.1.5.7
   Compiling ahash v0.8.12
    Checking colorchoice v1.0.5
    Checking anstyle v1.0.14
   Compiling prettyplease v0.2.37
   Compiling cfg_aliases v0.2.1
    Checking is_terminal_polyfill v1.70.2
    Checking anstyle-query v1.1.5
    Checking fixedbitset v0.5.7
    Checking compression-core v0.4.32
   Compiling num-bigint-dig v0.8.6
    Checking compression-codecs v0.4.38
    Checking petgraph v0.8.3
    Checking anstream v1.0.0
   Compiling nix v0.30.1
   Compiling sqlx-core v0.8.6
   Compiling flume v0.11.1
    Checking ecdsa v0.16.9
   Compiling atoi v2.0.0
    Checking async-signal v0.2.14
   Compiling zbus_names v4.3.2
    Checking wayland-protocols v0.32.12
    Checking rand_chacha v0.9.0
    Checking primeorder v0.13.6
    Checking num-iter v0.1.45
   Compiling markup5ever v0.10.1
    Checking async-lock v3.4.2
    Checking piper v0.2.5
    Checking gethostname v1.1.0
    Checking terminal_size v0.4.4
   Compiling cssparser v0.27.2
   Compiling tree-sitter v0.25.10
   Compiling async-trait v0.1.89
   Compiling curve25519-dalek-derive v0.1.1
    Checking sync_wrapper v1.0.2
    Checking nom v8.0.0
   Compiling cargo-platform v0.3.3
    Checking tinyvec_macros v0.1.1
    Checking tower-layer v0.3.3
    Checking pxfm v0.1.29
    Checking clap_lex v1.1.0
    Checking openssl-probe v0.2.1
    Checking rustls-native-certs v0.8.3
    Checking clap_builder v4.6.0
    Checking tower v0.5.3
    Checking tree_magic_mini v3.2.2
    Checking moxcms v0.8.1
   Compiling cargo_metadata v0.23.1
    Checking tinyvec v1.11.0
    Checking png v0.18.1
   Compiling sqlx-sqlite v0.8.6
    Checking blocking v1.6.2
    Checking async-process v2.5.0
    Checking rand v0.9.4
    Checking wayland-protocols-wlr v0.3.12
   Compiling zbus_macros v5.15.0
    Checking tokio-rustls v0.26.4
    Checking async-compression v0.4.42
    Checking async-executor v1.14.0
    Checking num-bigint v0.4.6
    Checking webpki-roots v1.0.7
    Checking ed25519 v2.2.3
   Compiling selectors v0.22.0
    Checking async-broadcast v0.7.2
    Checking pkcs1 v0.7.5
   Compiling tauri-plugin-fs v2.5.1
   Compiling tauri-plugin-clipboard-manager v2.3.2
   Compiling tauri-plugin-os v2.3.2
   Compiling tauri-plugin-notification v2.3.3
   Compiling html5ever v0.25.2
   Compiling async-recursion v1.1.1
   Compiling clap_derive v4.6.1
    Checking ordered-stream v0.2.0
   Compiling libgit2-sys v0.18.4+1.9.3
    Checking os_pipe v1.2.3
    Checking matches v0.1.10
    Checking byteorder-lite v0.1.0
    Checking itoa v0.4.8
    Checking nodrop v0.1.14
   Compiling dotenvy v0.15.7
   Compiling entities v1.0.1
    Checking iana-time-zone v0.1.65
   Compiling hex v0.4.3
    Checking x11rb-protocol v0.13.2
   Compiling zstd-safe v7.2.4
   Compiling convert_case v0.4.0
   Compiling jetscii v0.5.3
    Checking bytemuck v1.25.0
    Checking zbus v5.15.0
    Checking image v0.25.10
   Compiling derive_more v0.99.20
    Checking x11rb v0.13.2
    Checking clap v4.6.1
   Compiling sqlx-macros-core v0.8.6
    Checking chrono v0.4.44
   Compiling comrak v0.48.0
    Checking servo_arc v0.1.1
    Checking wl-clipboard-rs v0.9.3
    Checking tempfile v3.27.0
    Checking simple_asn1 v0.6.4
    Checking rsa v0.9.10
    Checking ed25519-dalek v2.2.0
   Compiling bon-macros v3.9.1
    Checking hyper-rustls v0.27.9
    Checking tower-http v0.6.10
    Checking hashbrown v0.14.5
    Checking markup5ever v0.35.0
    Checking onig v6.5.3
   Compiling octocrab v0.50.0
    Checking unicode-normalization v0.1.25
    Checking p256 v0.13.2
    Checking p384 v0.13.1
    Checking fxhash v0.2.1
    Checking pem v3.0.6
    Checking phf_shared v0.12.1
    Checking futures v0.3.32
    Checking bincode v1.3.3
   Compiling match_token v0.35.0
   Compiling snafu-derive v0.8.9
   Compiling pin-project-internal v1.1.13
    Checking inotify-sys v0.1.5
   Compiling chrono-tz v0.10.4
    Checking thin-slice v0.1.1
    Checking streaming-iterator v0.1.9
    Checking pin-project v1.1.13
    Checking inotify v0.11.1
    Checking bon v3.9.1
    Checking html5ever v0.35.0
    Checking snafu v0.8.9
    Checking syntect v5.3.0
    Checking jsonwebtoken v10.4.0
    Checking phf v0.12.1
    Checking caseless v0.2.2
    Checking hashlink v0.9.1
    Checking os_info v3.14.0
    Checking arboard v3.6.1
    Checking notify-rust v4.17.0
   Compiling sqlx-macros v0.8.6
    Checking arc-swap v1.9.1
    Checking cssparser v0.35.0
    Checking hyper-timeout v0.5.2
    Checking emojis v0.6.4
    Checking sharded-slab v0.1.7
    Checking specta-typescript v0.0.12
    Checking specta-serde v0.0.12
    Checking specta-util v0.0.12
   Compiling desktop v0.1.0 (/workspace/apps/desktop/src-tauri)
    Checking matchers v0.2.0
    Checking tracing-log v0.2.0
    Checking secrecy v0.10.3
    Checking serde_path_to_error v0.1.20
    Checking notify-types v2.1.0
    Checking thread_local v1.1.9
    Checking sys-locale v0.3.2
    Checking web-time v1.1.0
    Checking fmt2io v1.0.0
    Checking unicode_categories v0.1.1
    Checking maplit v1.0.2
    Checking fallible-iterator v0.3.0
    Checking shell-words v1.1.1
    Checking openssl-probe v0.1.6
    Checking fallible-streaming-iterator v0.1.9
    Checking typed-arena v2.0.2
    Checking xdg v2.5.2
    Checking nu-ansi-term v0.50.3
    Checking rusqlite v0.32.1
    Checking tracing-subscriber v0.3.23
    Checking ammonia v4.1.2
    Checking notify v8.2.0
    Checking tauri-specta v2.0.0-rc.25
    Checking sqlx v0.8.6
    Checking kuchiki v0.8.1
    Checking zstd v0.13.3
    Checking tree-sitter-highlight v0.25.10
    Checking reqwest v0.12.28
    Checking keyring v3.6.3
    Checking similar v3.1.0
    Checking crossbeam-epoch v0.9.18
   Compiling rayon-core v1.13.0
    Checking crossbeam-deque v0.8.6
    Checking half v2.7.1
   Compiling alloca v0.4.0
    Checking plotters-backend v0.3.7
    Checking ciborium-io v0.2.2
    Checking ciborium-ll v0.2.2
    Checking plotters-svg v0.3.7
    Checking itertools v0.13.0
    Checking assert-json-diff v2.0.2
    Checking num_cpus v1.17.0
    Checking wait-timeout v0.2.1
    Checking quick-error v1.2.3
    Checking cast v0.3.0
    Checking deadpool-runtime v0.1.4
    Checking deadpool v0.12.3
    Checking criterion-plot v0.8.2
    Checking rusty-fork v0.3.1
    Checking rayon v1.12.0
    Checking plotters v0.3.7
    Checking ciborium v0.2.2
    Checking rand_xorshift v0.4.0
    Checking tinytemplate v1.2.1
    Checking page_size v0.6.0
    Checking oorandom v11.1.5
    Checking similar v2.7.0
    Checking unarray v0.1.4
    Checking colored v3.1.1
    Checking anes v0.1.6
    Checking criterion v0.8.2
    Checking mockito v1.7.2
    Checking proptest v1.11.0
    Checking wiremock v0.6.5
    Checking git2 v0.20.4
    Finished `dev` profile [unoptimized + debuginfo] target(s) in 4m 55s
