[WebServer] [lightningcss minify] Unknown at rule: @custom-media
[WebServer] 2009 |  :root{--breakpoint-large: 63.25rem;--breakpoint-medium: 48rem;--breakpoint-small: 34rem;--breakpoint-xlarge: 80rem;--...
[WebServer] 2010 |  :root{--control-large-paddingBlock: 0.625rem;--control-medium-paddingBlock: 0.375rem;--control-xlarge-paddingBlock: 0...
[WebServer] 2011 |  @custom-media --viewportRange-landscape (orientation: landscape);
[WebServer]      |               ^
[WebServer] 2012 |  @custom-media --viewportRange-narrow (max-width: calc(48rem - 0.02px));
[WebServer] 2013 |  @custom-media --viewportRange-narrowLandscape ((max-width: calc(63.25rem - 0.02px)) and (max-height: calc(34rem - 0.0...
[WebServer] [lightningcss minify] Unknown at rule: @custom-media
[WebServer] 2010 |  :root{--control-large-paddingBlock: 0.625rem;--control-medium-paddingBlock: 0.375rem;--control-xlarge-paddingBlock: 0...
[WebServer] 2011 |  @custom-media --viewportRange-landscape (orientation: landscape);
[WebServer] 2012 |  @custom-media --viewportRange-narrow (max-width: calc(48rem - 0.02px));
[WebServer]      |               ^
[WebServer] 2013 |  @custom-media --viewportRange-narrowLandscape ((max-width: calc(63.25rem - 0.02px)) and (max-height: calc(34rem - 0.0...
[WebServer] 2014 |  @custom-media --viewportRange-portrait (orientation: portrait);
[WebServer] [lightningcss minify] Unknown at rule: @custom-media
[WebServer] 2011 |  @custom-media --viewportRange-landscape (orientation: landscape);
[WebServer] 2012 |  @custom-media --viewportRange-narrow (max-width: calc(48rem - 0.02px));
[WebServer] 2013 |  @custom-media --viewportRange-narrowLandscape ((max-width: calc(63.25rem - 0.02px)) and (max-height: calc(34rem - 0.0...
[WebServer]      |               ^
[WebServer] 2014 |  @custom-media --viewportRange-portrait (orientation: portrait);
[WebServer] 2015 |  @custom-media --viewportRange-regular (min-width: 48rem);
[WebServer] [lightningcss minify] Unknown at rule: @custom-media
[WebServer] 2012 |  @custom-media --viewportRange-narrow (max-width: calc(48rem - 0.02px));
[WebServer] 2013 |  @custom-media --viewportRange-narrowLandscape ((max-width: calc(63.25rem - 0.02px)) and (max-height: calc(34rem - 0.0...
[WebServer] 2014 |  @custom-media --viewportRange-portrait (orientation: portrait);
[WebServer]      |               ^
[WebServer] 2015 |  @custom-media --viewportRange-regular (min-width: 48rem);
[WebServer] 2016 |  @custom-media --viewportRange-wide (min-width: 87.5rem);
[WebServer] [lightningcss minify] Unknown at rule: @custom-media
[WebServer] 2013 |  @custom-media --viewportRange-narrowLandscape ((max-width: calc(63.25rem - 0.02px)) and (max-height: calc(34rem - 0.0...
[WebServer] 2014 |  @custom-media --viewportRange-portrait (orientation: portrait);
[WebServer] 2015 |  @custom-media --viewportRange-regular (min-width: 48rem);
[WebServer]      |               ^
[WebServer] 2016 |  @custom-media --viewportRange-wide (min-width: 87.5rem);
[WebServer] 2017 |  :root{--fontStack-monospace: ui-monospace, SFMono-Regular, SF Mono, Menlo, Consolas, Liberation Mono, monospace;--fon...
[WebServer] [lightningcss minify] Unknown at rule: @custom-media
[WebServer] 2014 |  @custom-media --viewportRange-portrait (orientation: portrait);
[WebServer] 2015 |  @custom-media --viewportRange-regular (min-width: 48rem);
[WebServer] 2016 |  @custom-media --viewportRange-wide (min-width: 87.5rem);
[WebServer]      |               ^
[WebServer] 2017 |  :root{--fontStack-monospace: ui-monospace, SFMono-Regular, SF Mono, Menlo, Consolas, Liberation Mono, monospace;--fon...
[WebServer] 2018 |  :root{--h00-size-mobile: 2.5rem;--h0-size-mobile: 2rem;--h1-size-mobile: 1.625rem;--h2-size-mobile: 1.375rem;--h3-siz...
[WebServer] [plugin rolldown:vite-resolve] Module "module" has been externalized for browser compatibility, imported by "/workspace/node_modules/web-tree-sitter/web-tree-sitter.js". See https://vite.dev/guide/troubleshooting.html#module-externalized-for-browser-compatibility for more details.
[WebServer] [plugin rolldown:vite-resolve] Module "fs/promises" has been externalized for browser compatibility, imported by "/workspace/node_modules/web-tree-sitter/web-tree-sitter.js". See https://vite.dev/guide/troubleshooting.html#module-externalized-for-browser-compatibility for more details.
[WebServer] [33m[EVAL] [0mUse of direct `eval` function is strongly discouraged as it poses security risks and may cause issues with minification.
[WebServer]       [38;5;246m╭[0m[38;5;246m─[0m[38;5;246m[[0m ../../node_modules/web-tree-sitter/web-tree-sitter.js:2343:31 [38;5;246m][0m
[WebServer]       [38;5;246m│[0m
[WebServer]  [38;5;246m2343 │[0m [38;5;249m [0m[38;5;249m [0m[38;5;249m [0m[38;5;249m [0m[38;5;249m [0m[38;5;249m [0m[38;5;249m [0m[38;5;249m [0m[38;5;249m [0m[38;5;249m [0m[38;5;249mA[0m[38;5;249mS[0m[38;5;249mM[0m[38;5;249m_[0m[38;5;249mC[0m[38;5;249mO[0m[38;5;249mN[0m[38;5;249mS[0m[38;5;249mT[0m[38;5;249mS[0m[38;5;249m[[0m[38;5;249ms[0m[38;5;249mt[0m[38;5;249ma[0m[38;5;249mr[0m[38;5;249mt[0m[38;5;249m][0m[38;5;249m [0m[38;5;249m=[0m[38;5;249m [0meval[38;5;249m([0m[38;5;249mf[0m[38;5;249mu[0m[38;5;249mn[0m[38;5;249mc[0m[38;5;249m)[0m[38;5;249m;[0m
[WebServer]  [38;5;240m     │[0m                               ──┬─  
[WebServer]  [38;5;240m     │[0m                                 ╰─── Use of direct `eval` here.
[WebServer]  [38;5;240m     │[0m 
[WebServer]  [38;5;240m     │[0m [38;5;115mHelp[0m: Consider using indirect eval. For more information, check the documentation: https://rolldown.rs/guide/troubleshooting#avoiding-direct-eval
[WebServer] [38;5;246m──────╯[0m
[WebServer] 
[WebServer] [33m[EVAL] [0mUse of direct `eval` function is strongly discouraged as it poses security risks and may cause issues with minification.
[WebServer]       [38;5;246m╭[0m[38;5;246m─[0m[38;5;246m[[0m ../../node_modules/web-tree-sitter/web-tree-sitter.js:2366:33 [38;5;246m][0m
[WebServer]       [38;5;246m│[0m
[WebServer]  [38;5;246m2366 │[0m [38;5;249m [0m[38;5;249m [0m[38;5;249m [0m[38;5;249m [0m[38;5;249m [0m[38;5;249m [0m[38;5;249m [0m[38;5;249m [0m[38;5;249m [0m[38;5;249m [0m[38;5;249mm[0m[38;5;249mo[0m[38;5;249md[0m[38;5;249mu[0m[38;5;249ml[0m[38;5;249me[0m[38;5;249mE[0m[38;5;249mx[0m[38;5;249mp[0m[38;5;249mo[0m[38;5;249mr[0m[38;5;249mt[0m[38;5;249ms[0m[38;5;249m[[0m[38;5;249mn[0m[38;5;249ma[0m[38;5;249mm[0m[38;5;249me[0m[38;5;249m][0m[38;5;249m [0m[38;5;249m=[0m[38;5;249m [0meval[38;5;249m([0m[38;5;249mf[0m[38;5;249mu[0m[38;5;249mn[0m[38;5;249mc[0m[38;5;249m)[0m[38;5;249m;[0m
[WebServer]  [38;5;240m     │[0m                                 ──┬─  
[WebServer]  [38;5;240m     │[0m                                   ╰─── Use of direct `eval` here.
[WebServer]  [38;5;240m     │[0m 
[WebServer]  [38;5;240m     │[0m [38;5;115mHelp[0m: Consider using indirect eval. For more information, check the documentation: https://rolldown.rs/guide/troubleshooting#avoiding-direct-eval
[WebServer] [38;5;246m──────╯[0m
[WebServer] 
[WebServer] [lightningcss minify] Unknown at rule: @custom-media
[WebServer] 2009 |  :root{--breakpoint-large: 63.25rem;--breakpoint-medium: 48rem;--breakpoint-small: 34rem;--breakpoint-xlarge: 80rem;--...
[WebServer] 2010 |  :root{--control-large-paddingBlock: 0.625rem;--control-medium-paddingBlock: 0.375rem;--control-xlarge-paddingBlock: 0...
[WebServer] 2011 |  @custom-media --viewportRange-landscape (orientation: landscape);
[WebServer]      |               ^
[WebServer] 2012 |  @custom-media --viewportRange-narrow (max-width: calc(48rem - 0.02px));
[WebServer] 2013 |  @custom-media --viewportRange-narrowLandscape ((max-width: calc(63.25rem - 0.02px)) and (max-height: calc(34rem - 0.0...
[WebServer] [lightningcss minify] Unknown at rule: @custom-media
[WebServer] 2010 |  :root{--control-large-paddingBlock: 0.625rem;--control-medium-paddingBlock: 0.375rem;--control-xlarge-paddingBlock: 0...
[WebServer] 2011 |  @custom-media --viewportRange-landscape (orientation: landscape);
[WebServer] 2012 |  @custom-media --viewportRange-narrow (max-width: calc(48rem - 0.02px));
[WebServer]      |               ^
[WebServer] 2013 |  @custom-media --viewportRange-narrowLandscape ((max-width: calc(63.25rem - 0.02px)) and (max-height: calc(34rem - 0.0...
[WebServer] 2014 |  @custom-media --viewportRange-portrait (orientation: portrait);
[WebServer] [lightningcss minify] Unknown at rule: @custom-media
[WebServer] 2011 |  @custom-media --viewportRange-landscape (orientation: landscape);
[WebServer] 2012 |  @custom-media --viewportRange-narrow (max-width: calc(48rem - 0.02px));
[WebServer] 2013 |  @custom-media --viewportRange-narrowLandscape ((max-width: calc(63.25rem - 0.02px)) and (max-height: calc(34rem - 0.0...
[WebServer]      |               ^
[WebServer] 2014 |  @custom-media --viewportRange-portrait (orientation: portrait);
[WebServer] 2015 |  @custom-media --viewportRange-regular (min-width: 48rem);
[WebServer] [lightningcss minify] Unknown at rule: @custom-media
[WebServer] 2012 |  @custom-media --viewportRange-narrow (max-width: calc(48rem - 0.02px));
[WebServer] 2013 |  @custom-media --viewportRange-narrowLandscape ((max-width: calc(63.25rem - 0.02px)) and (max-height: calc(34rem - 0.0...
[WebServer] 2014 |  @custom-media --viewportRange-portrait (orientation: portrait);
[WebServer]      |               ^
[WebServer] 2015 |  @custom-media --viewportRange-regular (min-width: 48rem);
[WebServer] 2016 |  @custom-media --viewportRange-wide (min-width: 87.5rem);
[WebServer] [lightningcss minify] Unknown at rule: @custom-media
[WebServer] 2013 |  @custom-media --viewportRange-narrowLandscape ((max-width: calc(63.25rem - 0.02px)) and (max-height: calc(34rem - 0.0...
[WebServer] 2014 |  @custom-media --viewportRange-portrait (orientation: portrait);
[WebServer] 2015 |  @custom-media --viewportRange-regular (min-width: 48rem);
[WebServer]      |               ^
[WebServer] 2016 |  @custom-media --viewportRange-wide (min-width: 87.5rem);
[WebServer] 2017 |  :root{--fontStack-monospace: ui-monospace, SFMono-Regular, SF Mono, Menlo, Consolas, Liberation Mono, monospace;--fon...
[WebServer] [lightningcss minify] Unknown at rule: @custom-media
[WebServer] 2014 |  @custom-media --viewportRange-portrait (orientation: portrait);
[WebServer] 2015 |  @custom-media --viewportRange-regular (min-width: 48rem);
[WebServer] 2016 |  @custom-media --viewportRange-wide (min-width: 87.5rem);
[WebServer]      |               ^
[WebServer] 2017 |  :root{--fontStack-monospace: ui-monospace, SFMono-Regular, SF Mono, Menlo, Consolas, Liberation Mono, monospace;--fon...
[WebServer] 2018 |  :root{--h00-size-mobile: 2.5rem;--h0-size-mobile: 2rem;--h1-size-mobile: 1.625rem;--h2-size-mobile: 1.375rem;--h3-siz...

Running 18 tests using 2 workers

(node:170561) Warning: The 'NO_COLOR' env is ignored due to the 'FORCE_COLOR' env being set.
(Use `node --trace-warnings ...` to show where the warning was created)
(node:170560) Warning: The 'NO_COLOR' env is ignored due to the 'FORCE_COLOR' env being set.
(Use `node --trace-warnings ...` to show where the warning was created)
(node:170561) Warning: The 'NO_COLOR' env is ignored due to the 'FORCE_COLOR' env being set.
(Use `node --trace-warnings ...` to show where the warning was created)
(node:170560) Warning: The 'NO_COLOR' env is ignored due to the 'FORCE_COLOR' env being set.
(Use `node --trace-warnings ...` to show where the warning was created)
[WebServer] 
[WebServer] [1;31m[404] GET /assets/grammars/tree-sitter-rust.wasm[0m
[WebServer] 
[WebServer] [1;31m[404] GET /assets/grammars/tree-sitter-rust.wasm[0m
[WebServer] 
[WebServer] [1;31m[404] GET /assets/grammars/tree-sitter-rust.wasm[0m
  ✓   1 playwright/diff-polish.spec.ts:3:1 › diff polish renders text, image, binary, and rename rows (1.1s)
[WebServer] 
[WebServer] [1;31m[404] GET /assets/grammars/tree-sitter-rust.wasm[0m
  ✓   2 playwright/airplane.spec.ts:3:1 › airplane mode queues and drains mutations without data loss (2.7s)
  ✓   3 playwright/m2-smoke.spec.ts:5:1 › m2 optimistic writes smoke flow (4.5s)
[WebServer] 
[WebServer] [1;31m[404] GET /assets/grammars/tree-sitter-rust.wasm[0m
[WebServer] 
[WebServer] [1;31m[404] GET /assets/grammars/tree-sitter-rust.wasm[0m
[WebServer] 
[WebServer] [1;31m[404] GET /assets/grammars/tree-sitter-rust.wasm[0m
[WebServer] 
[WebServer] [1;31m[404] GET /assets/grammars/tree-sitter-rust.wasm[0m
[WebServer] 
[WebServer] [1;31m[404] GET /assets/grammars/tree-sitter-rust.wasm[0m
[WebServer] 
[WebServer] [1;31m[404] GET /assets/grammars/tree-sitter-rust.wasm[0m
[WebServer] 
[WebServer] [1;31m[404] GET /assets/grammars/tree-sitter-rust.wasm[0m
[WebServer] 
[WebServer] [1;31m[404] GET /assets/grammars/tree-sitter-rust.wasm[0m
  ✓   5 playwright/m4-ghe.spec.ts:6:1 › m4 GHE readiness flow: add account, switch, inbox/detail, endpoint routing proof (2.8s)
  ✓   4 playwright/m3-smoke.spec.ts:16:1 › m3 smoke captures diff/worktree/notification flows (3.4s)
  ✓   6 playwright/m4-merge-surface.spec.ts:34:1 › branch protection variations render expected merge controls (3.3s)
  ✓   8 playwright/m4-merge-surface.spec.ts:130:1 › merge confirmation waits for reconcile and submits once (1.3s)
  ✓   9 playwright/m4-merge-surface.spec.ts:163:1 › merge and delete branch runs delete only after merge reconcile (1.3s)
  ✓  10 playwright/m4-merge-surface.spec.ts:194:1 › auto-merge enable modal submits expected payload and flips panel (1.2s)
  ✓  11 playwright/m4-merge-surface.spec.ts:229:1 › merge queue controls enqueue, reorder, and dequeue (1.6s)
  ✓  12 playwright/m4-merge-surface.spec.ts:273:1 › update branch transitions through updating and clean (1.2s)
  ✓   7 playwright/m4-multi-account.spec.ts:9:1 › m4 multi-account UI flow: switcher, badges, composer identity, and rate-limit meter (11.4s)
  ✓  14 playwright/m4-range-diff.spec.ts:6:3 › m4 range-diff surface › local-git mode renders markers and intra-line highlights (750ms)
  ✓  15 playwright/m4-range-diff.spec.ts:26:3 › m4 range-diff surface › rest mode renders the same range-diff structure (819ms)
  ✓  13 playwright/m4-merge-surface.spec.ts:299:1 › mergeable null backoff emits expected sequence screenshots (3.9s)
  ✓  16 playwright/m4-range-diff.spec.ts:46:3 › m4 range-diff surface › force-push banner links to latest push pair (1.1s)
  ✓  17 playwright/notifications.spec.ts:3:1 › notification settings issues expected IPC payloads (1.0s)
  ✓  18 playwright/worktree.spec.ts:5:1 › worktree mapping and roots panel render (2.2s)

  18 passed (31.5s)
