
> pr-cockpit@0.1.0 bench /workspace
> node ./tools/perf-bench/run-all.mjs


> desktop@0.1.0 build /workspace/apps/desktop
> vite build

vite v8.0.13 building ssr environment for production...
[2Ktransforming...✓ 178 modules transformed.
rendering chunks...
vite v8.0.13 building client environment for production...
[2Ktransforming...✓ 199 modules transformed.
rendering chunks...
computing gzip size...
.svelte-kit/output/client/_app/version.json                                                0.02 kB │ gzip:   0.04 kB
.svelte-kit/output/client/.vite/manifest.json                                              3.83 kB │ gzip:   0.66 kB
.svelte-kit/output/client/_app/immutable/workers/highlight-C32va5db.js                    79.72 kB
.svelte-kit/output/client/_app/immutable/workers/assets/web-tree-sitter-CfJ9hzQ2.wasm    196.76 kB │ gzip:  79.59 kB
.svelte-kit/output/client/_app/immutable/assets/3.DNacuyAl.css                             0.39 kB │ gzip:   0.26 kB
.svelte-kit/output/client/_app/immutable/assets/0.xfK-vBl5.css                         1,030.66 kB │ gzip: 160.28 kB
.svelte-kit/output/client/_app/immutable/chunks/D4mfKWze.js                                0.02 kB │ gzip:   0.04 kB
.svelte-kit/output/client/_app/immutable/chunks/Cfug8aQt.js                                0.06 kB │ gzip:   0.08 kB
.svelte-kit/output/client/_app/immutable/entry/start.7L49Hvu5.js                           0.08 kB │ gzip:   0.09 kB
.svelte-kit/output/client/_app/immutable/chunks/ileqDKsQ.js                                0.64 kB │ gzip:   0.38 kB
.svelte-kit/output/client/_app/immutable/nodes/1.C_juFeww.js                               1.06 kB │ gzip:   0.49 kB
.svelte-kit/output/client/_app/immutable/chunks/B0BvW1x3.js                                1.20 kB │ gzip:   0.68 kB
.svelte-kit/output/client/_app/immutable/chunks/BA8I2xjg.js                                2.64 kB │ gzip:   1.27 kB
.svelte-kit/output/client/_app/immutable/entry/app.DAovSOno.js                             3.11 kB │ gzip:   1.37 kB
.svelte-kit/output/client/_app/immutable/nodes/2.Db0aJ28Y.js                               6.07 kB │ gzip:   2.84 kB
.svelte-kit/output/client/_app/immutable/nodes/0.T1Z1-yZk.js                               6.61 kB │ gzip:   2.90 kB
.svelte-kit/output/client/_app/immutable/nodes/4.BcCBC_ul.js                               6.96 kB │ gzip:   2.84 kB
.svelte-kit/output/client/_app/immutable/chunks/YVMTXRMP.js                               23.94 kB │ gzip:   7.82 kB
.svelte-kit/output/client/_app/immutable/chunks/hy71A0oU.js                               27.40 kB │ gzip:  10.68 kB
.svelte-kit/output/client/_app/immutable/chunks/ClLNgdR4.js                               51.37 kB │ gzip:  19.78 kB
.svelte-kit/output/client/_app/immutable/nodes/3.BCrNv-XX.js                              72.17 kB │ gzip:  21.85 kB

✓ built in 492ms
computing gzip size...
.svelte-kit/output/server/.vite/manifest.json                             5.10 kB │ gzip:   0.74 kB
.svelte-kit/output/server/_app/immutable/assets/_page.DNacuyAl.css        0.39 kB │ gzip:   0.26 kB
.svelte-kit/output/server/_app/immutable/assets/_layout.C-L3pASS.css  1,030.09 kB │ gzip: 160.19 kB
.svelte-kit/output/server/chunks/index-server2.js                         0.03 kB │ gzip:   0.05 kB
.svelte-kit/output/server/entries/pages/_layout.ts.js                     0.24 kB │ gzip:   0.19 kB
.svelte-kit/output/server/internal.js                                     0.40 kB │ gzip:   0.20 kB
.svelte-kit/output/server/entries/pages/pr/_id_/_page.ts.js               0.63 kB │ gzip:   0.34 kB
.svelte-kit/output/server/chunks/environment.js                           1.32 kB │ gzip:   0.56 kB
.svelte-kit/output/server/chunks/time.js                                  1.94 kB │ gzip:   0.77 kB
.svelte-kit/output/server/chunks/pr-detail.js                             2.71 kB │ gzip:   0.95 kB
.svelte-kit/output/server/chunks/cockpit.js                               3.08 kB │ gzip:   0.94 kB
.svelte-kit/output/server/entries/fallbacks/error.svelte.js               3.47 kB │ gzip:   1.32 kB
.svelte-kit/output/server/entries/pages/_page.svelte.js                   7.28 kB │ gzip:   2.53 kB
.svelte-kit/output/server/entries/pages/settings/_page.svelte.js          8.35 kB │ gzip:   2.46 kB
.svelte-kit/output/server/entries/pages/_layout.svelte.js                 8.61 kB │ gzip:   2.68 kB
.svelte-kit/output/server/chunks/shared.js                               10.32 kB │ gzip:   3.34 kB
.svelte-kit/output/server/chunks/exports.js                              11.26 kB │ gzip:   3.50 kB
.svelte-kit/output/server/chunks/internal.js                             20.65 kB │ gzip:   6.43 kB
.svelte-kit/output/server/chunks/utils.js                                30.10 kB │ gzip:   8.68 kB
.svelte-kit/output/server/chunks/client2.js                              30.53 kB │ gzip:   7.56 kB
.svelte-kit/output/server/remote-entry.js                                46.10 kB │ gzip:   9.44 kB
.svelte-kit/output/server/chunks/client.js                               47.18 kB │ gzip:  13.85 kB
.svelte-kit/output/server/chunks/index-server.js                         47.47 kB │ gzip:  13.06 kB
.svelte-kit/output/server/entries/pages/pr/_id_/_page.svelte.js          62.95 kB │ gzip:  14.05 kB
.svelte-kit/output/server/chunks/utils2.js                               87.87 kB │ gzip:  22.68 kB
.svelte-kit/output/server/index.js                                      122.95 kB │ gzip:  31.10 kB

✓ built in 1.60s

Run npm run preview to preview your production build locally.

> Using @sveltejs/adapter-static
Overwriting build/index.html with fallback page. Consider using a different name for the fallback.
  Wrote site to "build"
  ✔ done
comrak_render_throughput/comrak_render_throughput
                        time:   [27.230 µs 27.310 µs 27.399 µs]
                        thrpt:  [36.497 Kelem/s 36.616 Kelem/s 36.724 Kelem/s]
Found 4 outliers among 30 measurements (13.33%)
  1 (3.33%) low mild
  1 (3.33%) high mild
  2 (6.67%) high severe

file_open_in_diff_cached
                        time:   [502.60 µs 508.09 µs 514.98 µs]

inbox_first_paint       time:   [8.2000 ms 8.2799 ms 8.3565 ms]
Found 1 outliers among 20 measurements (5.00%)
  1 (5.00%) low mild

mutation_submit_visible_online
                        time:   [280.51 µs 305.08 µs 337.96 µs]
Found 4 outliers among 20 measurements (20.00%)
  1 (5.00%) low mild
  2 (10.00%) high mild
  1 (5.00%) high severe

mutation_submit_visible_offline
                        time:   [286.95 µs 331.69 µs 384.02 µs]
Found 4 outliers among 20 measurements (20.00%)
  1 (5.00%) low mild
  1 (5.00%) high mild
  2 (10.00%) high severe

pr_detail_open/preloaded
                        time:   [510.05 µs 511.99 µs 514.18 µs]

pr_detail_open/cold_cache
                        time:   [8.8681 ms 8.9221 ms 8.9750 ms]
Found 2 outliers among 20 measurements (10.00%)
  1 (5.00%) low mild
  1 (5.00%) high mild

inbox_first_paint_ms=8.27
pr_detail_open_preloaded_ms=0.51
pr_detail_open_cold_ms=8.90
file_open_in_diff_cached_ms=0.51
mutation_submit_visible_online_ms=0.29
mutation_submit_visible_offline_ms=0.31
mutation_submit_visible_ms=0.31
comrak_render_throughput_ops_per_sec=36564.14
inbox_first_paint_ms=18
inbox_dom_content_loaded_ms=18
pr_detail_open_preloaded_ms=18
pr_detail_open_cold_ms=29
file_open_in_diff_cached_ms=61
diff_scroll_fps=62.07
diff_scroll_frame_p95_ms=16.2
diff_scroll_frame_avg_ms=16.11
inbox_first_paint_ms: 8.27ms <= 100ms
pr_detail_open_preloaded_ms: 0.51ms <= 50ms
pr_detail_open_cold_ms: 8.90ms <= 250ms
file_open_in_diff_cached_ms: 0.51ms <= 100ms
mutation_submit_visible_ms: 0.31ms <= 16ms
mutation_submit_visible_online_ms: 0.29ms <= 16ms
mutation_submit_visible_offline_ms: 0.31ms <= 16ms
comrak_render_throughput_ops_per_sec: 36564.14ops/s >= 850ops/s
inbox_first_paint_ms_frontend: 18.00ms <= 100ms
pr_detail_open_preloaded_ms_frontend: 18.00ms <= 50ms
pr_detail_open_cold_ms_frontend: 29.00ms <= 250ms
file_open_in_diff_cached_ms_frontend: 61.00ms <= 100ms
diff_scroll_fps: 62.07fps >= 60fps
diff_scroll_frame_p95_ms: 16.20ms <= 16.7ms
