
> pr-cockpit@0.1.0 typecheck /workspace
> pnpm ipc:bindings && pnpm --filter desktop typecheck


> pr-cockpit@0.1.0 ipc:bindings /workspace
> cargo run -p desktop --bin generate-ipc-bindings

   Compiling slab v0.4.12
   Compiling zerocopy v0.8.48
   Compiling crossbeam-utils v0.8.21
   Compiling tokio v1.52.3
   Compiling futures-util v0.3.32
   Compiling crossbeam-channel v0.5.15
   Compiling concurrent-queue v2.5.0
   Compiling event-listener v5.4.1
   Compiling crossbeam-queue v0.3.12
   Compiling getrandom v0.3.4
   Compiling futures-executor v0.3.32
   Compiling glib v0.18.5
   Compiling ppv-lite86 v0.2.21
   Compiling rand_chacha v0.2.2
   Compiling rand v0.7.3
   Compiling rand_chacha v0.3.1
   Compiling hyper v1.9.0
   Compiling phf_generator v0.8.0
   Compiling phf_codegen v0.8.0
   Compiling phf_macros v0.8.0
   Compiling phf v0.8.0
   Compiling either v1.15.0
   Compiling hyper-util v0.1.20
   Compiling sqlx-core v0.8.6
   Compiling markup5ever v0.10.1
   Compiling tokio-util v0.7.18
   Compiling rand v0.8.6
   Compiling tower v0.5.3
   Compiling sqlx-sqlite v0.8.6
   Compiling num-bigint-dig v0.8.6
   Compiling gio v0.18.4
   Compiling cairo-rs v0.18.5
   Compiling atk v0.18.2
   Compiling javascriptcore-rs v1.1.2
   Compiling tokio-rustls v0.26.4
   Compiling ahash v0.8.12
   Compiling async-compression v0.4.42
   Compiling selectors v0.22.0
   Compiling tokio-stream v0.1.18
   Compiling cssparser v0.27.2
   Compiling sqlx-macros-core v0.8.6
   Compiling rsa v0.9.10
   Compiling tower-http v0.6.10
   Compiling hyper-rustls v0.27.9
   Compiling hashbrown v0.14.5
   Compiling html5ever v0.25.2
   Compiling jsonwebtoken v10.4.0
   Compiling hashlink v0.9.1
   Compiling sqlx-macros v0.8.6
   Compiling hyper-timeout v0.5.2
   Compiling futures v0.3.32
   Compiling octocrab v0.50.0
   Compiling sqlx v0.8.6
   Compiling rusqlite v0.32.1
   Compiling kuchiki v0.8.1
   Compiling reqwest v0.12.28
   Compiling gdk-pixbuf v0.18.5
   Compiling pango v0.18.3
   Compiling gdk v0.18.2
   Compiling soup3 v0.5.0
   Compiling gtk v0.18.2
   Compiling gdkx11 v0.18.2
   Compiling webkit2gtk v2.0.2
   Compiling tao v0.35.2
   Compiling muda v0.19.1
   Compiling tauri-runtime v2.11.2
   Compiling wry v0.55.1
   Compiling tauri-runtime-wry v2.11.2
   Compiling tauri v2.11.2
   Compiling tauri-plugin-clipboard-manager v2.3.2
   Compiling tauri-plugin-fs v2.5.1
   Compiling tauri-plugin-os v2.3.2
   Compiling tauri-specta v2.0.0-rc.25
   Compiling desktop v0.1.0 (/workspace/apps/desktop/src-tauri)
    Finished `dev` profile [unoptimized + debuginfo] target(s) in 55.00s
     Running `target/debug/generate-ipc-bindings`

> desktop@0.1.0 typecheck /workspace/apps/desktop
> svelte-kit sync && tsc --noEmit

