
> pr-cockpit@0.1.0 bench /workspace
> node ./tools/perf-bench/run-all.mjs


> desktop@0.1.0 build /workspace/apps/desktop
> vite build

vite v8.0.13 building ssr environment for production...
[2Ktransforming...✓ 178 modules transformed.
[lightningcss minify] Unknown at rule: @custom-media
2009 |  :root{--breakpoint-large: 63.25rem;--breakpoint-medium: 48rem;--breakpoint-small: 34rem;--breakpoint-xlarge: 80rem;--...
2010 |  :root{--control-large-paddingBlock: 0.625rem;--control-medium-paddingBlock: 0.375rem;--control-xlarge-paddingBlock: 0...
2011 |  @custom-media --viewportRange-landscape (orientation: landscape);
     |               ^
2012 |  @custom-media --viewportRange-narrow (max-width: calc(48rem - 0.02px));
2013 |  @custom-media --viewportRange-narrowLandscape ((max-width: calc(63.25rem - 0.02px)) and (max-height: calc(34rem - 0.0...
[lightningcss minify] Unknown at rule: @custom-media
2010 |  :root{--control-large-paddingBlock: 0.625rem;--control-medium-paddingBlock: 0.375rem;--control-xlarge-paddingBlock: 0...
2011 |  @custom-media --viewportRange-landscape (orientation: landscape);
2012 |  @custom-media --viewportRange-narrow (max-width: calc(48rem - 0.02px));
     |               ^
2013 |  @custom-media --viewportRange-narrowLandscape ((max-width: calc(63.25rem - 0.02px)) and (max-height: calc(34rem - 0.0...
2014 |  @custom-media --viewportRange-portrait (orientation: portrait);
[lightningcss minify] Unknown at rule: @custom-media
2011 |  @custom-media --viewportRange-landscape (orientation: landscape);
2012 |  @custom-media --viewportRange-narrow (max-width: calc(48rem - 0.02px));
2013 |  @custom-media --viewportRange-narrowLandscape ((max-width: calc(63.25rem - 0.02px)) and (max-height: calc(34rem - 0.0...
     |               ^
2014 |  @custom-media --viewportRange-portrait (orientation: portrait);
2015 |  @custom-media --viewportRange-regular (min-width: 48rem);
[lightningcss minify] Unknown at rule: @custom-media
2012 |  @custom-media --viewportRange-narrow (max-width: calc(48rem - 0.02px));
2013 |  @custom-media --viewportRange-narrowLandscape ((max-width: calc(63.25rem - 0.02px)) and (max-height: calc(34rem - 0.0...
2014 |  @custom-media --viewportRange-portrait (orientation: portrait);
     |               ^
2015 |  @custom-media --viewportRange-regular (min-width: 48rem);
2016 |  @custom-media --viewportRange-wide (min-width: 87.5rem);
[lightningcss minify] Unknown at rule: @custom-media
2013 |  @custom-media --viewportRange-narrowLandscape ((max-width: calc(63.25rem - 0.02px)) and (max-height: calc(34rem - 0.0...
2014 |  @custom-media --viewportRange-portrait (orientation: portrait);
2015 |  @custom-media --viewportRange-regular (min-width: 48rem);
     |               ^
2016 |  @custom-media --viewportRange-wide (min-width: 87.5rem);
2017 |  :root{--fontStack-monospace: ui-monospace, SFMono-Regular, SF Mono, Menlo, Consolas, Liberation Mono, monospace;--fon...
[lightningcss minify] Unknown at rule: @custom-media
2014 |  @custom-media --viewportRange-portrait (orientation: portrait);
2015 |  @custom-media --viewportRange-regular (min-width: 48rem);
2016 |  @custom-media --viewportRange-wide (min-width: 87.5rem);
     |               ^
2017 |  :root{--fontStack-monospace: ui-monospace, SFMono-Regular, SF Mono, Menlo, Consolas, Liberation Mono, monospace;--fon...
2018 |  :root{--h00-size-mobile: 2.5rem;--h0-size-mobile: 2rem;--h1-size-mobile: 1.625rem;--h2-size-mobile: 1.375rem;--h3-siz...
rendering chunks...
vite v8.0.13 building client environment for production...
[2Ktransforming...[plugin rolldown:vite-resolve] Module "module" has been externalized for browser compatibility, imported by "/workspace/node_modules/web-tree-sitter/web-tree-sitter.js". See https://vite.dev/guide/troubleshooting.html#module-externalized-for-browser-compatibility for more details.
[plugin rolldown:vite-resolve] Module "fs/promises" has been externalized for browser compatibility, imported by "/workspace/node_modules/web-tree-sitter/web-tree-sitter.js". See https://vite.dev/guide/troubleshooting.html#module-externalized-for-browser-compatibility for more details.
[33m[EVAL] [0mUse of direct `eval` function is strongly discouraged as it poses security risks and may cause issues with minification.
      [38;5;246m╭[0m[38;5;246m─[0m[38;5;246m[[0m ../../node_modules/web-tree-sitter/web-tree-sitter.js:2343:31 [38;5;246m][0m
      [38;5;246m│[0m
 [38;5;246m2343 │[0m [38;5;249m [0m[38;5;249m [0m[38;5;249m [0m[38;5;249m [0m[38;5;249m [0m[38;5;249m [0m[38;5;249m [0m[38;5;249m [0m[38;5;249m [0m[38;5;249m [0m[38;5;249mA[0m[38;5;249mS[0m[38;5;249mM[0m[38;5;249m_[0m[38;5;249mC[0m[38;5;249mO[0m[38;5;249mN[0m[38;5;249mS[0m[38;5;249mT[0m[38;5;249mS[0m[38;5;249m[[0m[38;5;249ms[0m[38;5;249mt[0m[38;5;249ma[0m[38;5;249mr[0m[38;5;249mt[0m[38;5;249m][0m[38;5;249m [0m[38;5;249m=[0m[38;5;249m [0meval[38;5;249m([0m[38;5;249mf[0m[38;5;249mu[0m[38;5;249mn[0m[38;5;249mc[0m[38;5;249m)[0m[38;5;249m;[0m
 [38;5;240m     │[0m                               ──┬─  
 [38;5;240m     │[0m                                 ╰─── Use of direct `eval` here.
 [38;5;240m     │[0m 
 [38;5;240m     │[0m [38;5;115mHelp[0m: Consider using indirect eval. For more information, check the documentation: https://rolldown.rs/guide/troubleshooting#avoiding-direct-eval
[38;5;246m──────╯[0m

[33m[EVAL] [0mUse of direct `eval` function is strongly discouraged as it poses security risks and may cause issues with minification.
      [38;5;246m╭[0m[38;5;246m─[0m[38;5;246m[[0m ../../node_modules/web-tree-sitter/web-tree-sitter.js:2366:33 [38;5;246m][0m
      [38;5;246m│[0m
 [38;5;246m2366 │[0m [38;5;249m [0m[38;5;249m [0m[38;5;249m [0m[38;5;249m [0m[38;5;249m [0m[38;5;249m [0m[38;5;249m [0m[38;5;249m [0m[38;5;249m [0m[38;5;249m [0m[38;5;249mm[0m[38;5;249mo[0m[38;5;249md[0m[38;5;249mu[0m[38;5;249ml[0m[38;5;249me[0m[38;5;249mE[0m[38;5;249mx[0m[38;5;249mp[0m[38;5;249mo[0m[38;5;249mr[0m[38;5;249mt[0m[38;5;249ms[0m[38;5;249m[[0m[38;5;249mn[0m[38;5;249ma[0m[38;5;249mm[0m[38;5;249me[0m[38;5;249m][0m[38;5;249m [0m[38;5;249m=[0m[38;5;249m [0meval[38;5;249m([0m[38;5;249mf[0m[38;5;249mu[0m[38;5;249mn[0m[38;5;249mc[0m[38;5;249m)[0m[38;5;249m;[0m
 [38;5;240m     │[0m                                 ──┬─  
 [38;5;240m     │[0m                                   ╰─── Use of direct `eval` here.
 [38;5;240m     │[0m 
 [38;5;240m     │[0m [38;5;115mHelp[0m: Consider using indirect eval. For more information, check the documentation: https://rolldown.rs/guide/troubleshooting#avoiding-direct-eval
[38;5;246m──────╯[0m

✓ 199 modules transformed.
[lightningcss minify] Unknown at rule: @custom-media
2009 |  :root{--breakpoint-large: 63.25rem;--breakpoint-medium: 48rem;--breakpoint-small: 34rem;--breakpoint-xlarge: 80rem;--...
2010 |  :root{--control-large-paddingBlock: 0.625rem;--control-medium-paddingBlock: 0.375rem;--control-xlarge-paddingBlock: 0...
2011 |  @custom-media --viewportRange-landscape (orientation: landscape);
     |               ^
2012 |  @custom-media --viewportRange-narrow (max-width: calc(48rem - 0.02px));
2013 |  @custom-media --viewportRange-narrowLandscape ((max-width: calc(63.25rem - 0.02px)) and (max-height: calc(34rem - 0.0...
[lightningcss minify] Unknown at rule: @custom-media
2010 |  :root{--control-large-paddingBlock: 0.625rem;--control-medium-paddingBlock: 0.375rem;--control-xlarge-paddingBlock: 0...
2011 |  @custom-media --viewportRange-landscape (orientation: landscape);
2012 |  @custom-media --viewportRange-narrow (max-width: calc(48rem - 0.02px));
     |               ^
2013 |  @custom-media --viewportRange-narrowLandscape ((max-width: calc(63.25rem - 0.02px)) and (max-height: calc(34rem - 0.0...
2014 |  @custom-media --viewportRange-portrait (orientation: portrait);
[lightningcss minify] Unknown at rule: @custom-media
2011 |  @custom-media --viewportRange-landscape (orientation: landscape);
2012 |  @custom-media --viewportRange-narrow (max-width: calc(48rem - 0.02px));
2013 |  @custom-media --viewportRange-narrowLandscape ((max-width: calc(63.25rem - 0.02px)) and (max-height: calc(34rem - 0.0...
     |               ^
2014 |  @custom-media --viewportRange-portrait (orientation: portrait);
2015 |  @custom-media --viewportRange-regular (min-width: 48rem);
[lightningcss minify] Unknown at rule: @custom-media
2012 |  @custom-media --viewportRange-narrow (max-width: calc(48rem - 0.02px));
2013 |  @custom-media --viewportRange-narrowLandscape ((max-width: calc(63.25rem - 0.02px)) and (max-height: calc(34rem - 0.0...
2014 |  @custom-media --viewportRange-portrait (orientation: portrait);
     |               ^
2015 |  @custom-media --viewportRange-regular (min-width: 48rem);
2016 |  @custom-media --viewportRange-wide (min-width: 87.5rem);
[lightningcss minify] Unknown at rule: @custom-media
2013 |  @custom-media --viewportRange-narrowLandscape ((max-width: calc(63.25rem - 0.02px)) and (max-height: calc(34rem - 0.0...
2014 |  @custom-media --viewportRange-portrait (orientation: portrait);
2015 |  @custom-media --viewportRange-regular (min-width: 48rem);
     |               ^
2016 |  @custom-media --viewportRange-wide (min-width: 87.5rem);
2017 |  :root{--fontStack-monospace: ui-monospace, SFMono-Regular, SF Mono, Menlo, Consolas, Liberation Mono, monospace;--fon...
[lightningcss minify] Unknown at rule: @custom-media
2014 |  @custom-media --viewportRange-portrait (orientation: portrait);
2015 |  @custom-media --viewportRange-regular (min-width: 48rem);
2016 |  @custom-media --viewportRange-wide (min-width: 87.5rem);
     |               ^
2017 |  :root{--fontStack-monospace: ui-monospace, SFMono-Regular, SF Mono, Menlo, Consolas, Liberation Mono, monospace;--fon...
2018 |  :root{--h00-size-mobile: 2.5rem;--h0-size-mobile: 2rem;--h1-size-mobile: 1.625rem;--h2-size-mobile: 1.375rem;--h3-siz...
rendering chunks...
computing gzip size...
.svelte-kit/output/client/_app/version.json                                                0.02 kB │ gzip:   0.04 kB
.svelte-kit/output/client/.vite/manifest.json                                              3.83 kB │ gzip:   0.66 kB
.svelte-kit/output/client/_app/immutable/workers/highlight-C32va5db.js                    79.72 kB
.svelte-kit/output/client/_app/immutable/workers/assets/web-tree-sitter-CfJ9hzQ2.wasm    196.76 kB │ gzip:  79.59 kB
.svelte-kit/output/client/_app/immutable/assets/3.DNacuyAl.css                             0.39 kB │ gzip:   0.26 kB
.svelte-kit/output/client/_app/immutable/assets/0.xfK-vBl5.css                         1,030.66 kB │ gzip: 160.28 kB
.svelte-kit/output/client/_app/immutable/chunks/D4mfKWze.js                                0.02 kB │ gzip:   0.04 kB
.svelte-kit/output/client/_app/immutable/chunks/Cfug8aQt.js                                0.06 kB │ gzip:   0.08 kB
.svelte-kit/output/client/_app/immutable/entry/start.C795mCf6.js                           0.08 kB │ gzip:   0.09 kB
.svelte-kit/output/client/_app/immutable/chunks/ileqDKsQ.js                                0.64 kB │ gzip:   0.38 kB
.svelte-kit/output/client/_app/immutable/nodes/1.CyvC0sgZ.js                               1.06 kB │ gzip:   0.49 kB
.svelte-kit/output/client/_app/immutable/chunks/B0BvW1x3.js                                1.20 kB │ gzip:   0.68 kB
.svelte-kit/output/client/_app/immutable/chunks/BA8I2xjg.js                                2.64 kB │ gzip:   1.27 kB
.svelte-kit/output/client/_app/immutable/entry/app.DJbQ2MUW.js                             3.11 kB │ gzip:   1.37 kB
.svelte-kit/output/client/_app/immutable/nodes/2.DyKrvdv8.js                               6.07 kB │ gzip:   2.84 kB
.svelte-kit/output/client/_app/immutable/nodes/0.BcmtuZhn.js                               6.61 kB │ gzip:   2.90 kB
.svelte-kit/output/client/_app/immutable/nodes/4.BcCBC_ul.js                               6.96 kB │ gzip:   2.84 kB
.svelte-kit/output/client/_app/immutable/chunks/YVMTXRMP.js                               23.94 kB │ gzip:   7.82 kB
.svelte-kit/output/client/_app/immutable/chunks/CnebTrvc.js                               27.40 kB │ gzip:  10.68 kB
.svelte-kit/output/client/_app/immutable/chunks/ClLNgdR4.js                               51.37 kB │ gzip:  19.78 kB
.svelte-kit/output/client/_app/immutable/nodes/3.BCrNv-XX.js                              72.17 kB │ gzip:  21.85 kB

✓ built in 547ms
computing gzip size...
.svelte-kit/output/server/.vite/manifest.json                             5.10 kB │ gzip:   0.74 kB
.svelte-kit/output/server/_app/immutable/assets/_page.DNacuyAl.css        0.39 kB │ gzip:   0.26 kB
.svelte-kit/output/server/_app/immutable/assets/_layout.C-L3pASS.css  1,030.09 kB │ gzip: 160.19 kB
.svelte-kit/output/server/chunks/index-server2.js                         0.03 kB │ gzip:   0.05 kB
.svelte-kit/output/server/entries/pages/_layout.ts.js                     0.24 kB │ gzip:   0.19 kB
.svelte-kit/output/server/internal.js                                     0.40 kB │ gzip:   0.20 kB
.svelte-kit/output/server/entries/pages/pr/_id_/_page.ts.js               0.63 kB │ gzip:   0.34 kB
.svelte-kit/output/server/chunks/environment.js                           1.32 kB │ gzip:   0.56 kB
.svelte-kit/output/server/chunks/time.js                                  1.94 kB │ gzip:   0.77 kB
.svelte-kit/output/server/chunks/pr-detail.js                             2.71 kB │ gzip:   0.95 kB
.svelte-kit/output/server/chunks/cockpit.js                               3.08 kB │ gzip:   0.94 kB
.svelte-kit/output/server/entries/fallbacks/error.svelte.js               3.47 kB │ gzip:   1.32 kB
.svelte-kit/output/server/entries/pages/_page.svelte.js                   7.28 kB │ gzip:   2.53 kB
.svelte-kit/output/server/entries/pages/settings/_page.svelte.js          8.35 kB │ gzip:   2.46 kB
.svelte-kit/output/server/entries/pages/_layout.svelte.js                 8.61 kB │ gzip:   2.68 kB
.svelte-kit/output/server/chunks/shared.js                               10.32 kB │ gzip:   3.34 kB
.svelte-kit/output/server/chunks/exports.js                              11.26 kB │ gzip:   3.50 kB
.svelte-kit/output/server/chunks/internal.js                             20.65 kB │ gzip:   6.43 kB
.svelte-kit/output/server/chunks/utils.js                                30.10 kB │ gzip:   8.68 kB
.svelte-kit/output/server/chunks/client2.js                              30.53 kB │ gzip:   7.56 kB
.svelte-kit/output/server/remote-entry.js                                46.10 kB │ gzip:   9.44 kB
.svelte-kit/output/server/chunks/client.js                               47.18 kB │ gzip:  13.85 kB
.svelte-kit/output/server/chunks/index-server.js                         47.47 kB │ gzip:  13.06 kB
.svelte-kit/output/server/entries/pages/pr/_id_/_page.svelte.js          62.95 kB │ gzip:  14.05 kB
.svelte-kit/output/server/chunks/utils2.js                               87.87 kB │ gzip:  22.68 kB
.svelte-kit/output/server/index.js                                      122.95 kB │ gzip:  31.10 kB

✓ built in 1.75s

Run npm run preview to preview your production build locally.

> Using @sveltejs/adapter-static
Overwriting build/index.html with fallback page. Consider using a different name for the fallback.
  Wrote site to "build"
  ✔ done
   Compiling desktop v0.1.0 (/workspace/apps/desktop/src-tauri)
    Finished `bench` profile [optimized] target(s) in 1m 29s
     Running benches/comrak_render_throughput.rs (target/release/deps/comrak_render_throughput-7c55b58227e2a680)
Gnuplot not found, using plotters backend
Benchmarking comrak_render_throughput/comrak_render_throughput
Benchmarking comrak_render_throughput/comrak_render_throughput: Warming up for 300.00 ms
Benchmarking comrak_render_throughput/comrak_render_throughput: Collecting 30 samples in estimated 3.0032 s (106k iterations)
Benchmarking comrak_render_throughput/comrak_render_throughput: Analyzing
comrak_render_throughput/comrak_render_throughput
                        time:   [27.778 µs 27.849 µs 27.964 µs]
                        thrpt:  [35.760 Kelem/s 35.908 Kelem/s 36.000 Kelem/s]
                 change:
                        time:   [+0.6231% +0.9686% +1.2674%] (p = 0.00 < 0.05)
                        thrpt:  [−1.2515% −0.9593% −0.6192%]
                        Change within noise threshold.
Found 1 outliers among 30 measurements (3.33%)
  1 (3.33%) high severe

     Running benches/file_open_in_diff_cached.rs (target/release/deps/file_open_in_diff_cached-22d36a159ea144e0)
Gnuplot not found, using plotters backend
Benchmarking file_open_in_diff_cached
Benchmarking file_open_in_diff_cached: Warming up for 300.00 ms
Benchmarking file_open_in_diff_cached: Collecting 20 samples in estimated 2.0475 s (3150 iterations)
Benchmarking file_open_in_diff_cached: Analyzing
file_open_in_diff_cached
                        time:   [634.09 µs 652.29 µs 677.70 µs]
                        change: [−15.833% −10.508% −5.0060%] (p = 0.00 < 0.05)
                        Performance has improved.

     Running benches/inbox_first_paint.rs (target/release/deps/inbox_first_paint-3c8c6a886b43e77f)
Gnuplot not found, using plotters backend
Benchmarking inbox_first_paint
Benchmarking inbox_first_paint: Warming up for 300.00 ms
Benchmarking inbox_first_paint: Collecting 20 samples in estimated 3.8702 s (420 iterations)
Benchmarking inbox_first_paint: Analyzing
inbox_first_paint       time:   [9.2001 ms 9.3436 ms 9.5278 ms]
                        change: [−2.1685% +0.0820% +2.3913%] (p = 0.95 > 0.05)
                        No change in performance detected.

     Running benches/mutation_submit_visible.rs (target/release/deps/mutation_submit_visible-e908d80d3991c8db)
Gnuplot not found, using plotters backend
Benchmarking mutation_submit_visible_online
Benchmarking mutation_submit_visible_online: Warming up for 250.00 ms
Benchmarking mutation_submit_visible_online: Collecting 20 samples in estimated 2.0514 s (7140 iterations)
Benchmarking mutation_submit_visible_online: Analyzing
mutation_submit_visible_online
                        time:   [278.39 µs 297.45 µs 315.51 µs]
                        change: [−22.689% −12.661% −2.7377%] (p = 0.03 < 0.05)
                        Performance has improved.
Found 1 outliers among 20 measurements (5.00%)
  1 (5.00%) low mild

Benchmarking mutation_submit_visible_offline
Benchmarking mutation_submit_visible_offline: Warming up for 250.00 ms
Benchmarking mutation_submit_visible_offline: Collecting 20 samples in estimated 2.0408 s (7350 iterations)
Benchmarking mutation_submit_visible_offline: Analyzing
mutation_submit_visible_offline
                        time:   [274.82 µs 304.10 µs 352.10 µs]
                        change: [−6.5704% +3.3114% +16.776%] (p = 0.61 > 0.05)
                        No change in performance detected.
Found 3 outliers among 20 measurements (15.00%)
  2 (10.00%) low mild
  1 (5.00%) high severe

     Running benches/pr_detail_open.rs (target/release/deps/pr_detail_open-43e77477aa64a3c7)
Gnuplot not found, using plotters backend
Benchmarking pr_detail_open/preloaded
Benchmarking pr_detail_open/preloaded: Warming up for 300.00 ms
Benchmarking pr_detail_open/preloaded: Collecting 20 samples in estimated 2.0101 s (3780 iterations)
Benchmarking pr_detail_open/preloaded: Analyzing
pr_detail_open/preloaded
                        time:   [504.41 µs 546.08 µs 592.37 µs]
                        change: [−4.0515% −0.1371% +5.1631%] (p = 0.96 > 0.05)
                        No change in performance detected.
Found 2 outliers among 20 measurements (10.00%)
  2 (10.00%) high severe

Benchmarking pr_detail_open/cold_cache
Benchmarking pr_detail_open/cold_cache: Warming up for 300.00 ms

Warning: Unable to complete 20 samples in 2.0s. You may wish to increase target time to 2.1s, enable flat sampling, or reduce sample count to 10.
Benchmarking pr_detail_open/cold_cache: Collecting 20 samples in estimated 2.0873 s (210 iterations)
Benchmarking pr_detail_open/cold_cache: Analyzing
pr_detail_open/cold_cache
                        time:   [9.5039 ms 9.6010 ms 9.7063 ms]
                        change: [+6.0061% +8.4388% +11.080%] (p = 0.00 < 0.05)
                        Performance has regressed.
Found 2 outliers among 20 measurements (10.00%)
  1 (5.00%) low mild
  1 (5.00%) high mild

inbox_first_paint_ms=9.36
pr_detail_open_preloaded_ms=0.52
pr_detail_open_cold_ms=9.64
file_open_in_diff_cached_ms=0.65
mutation_submit_visible_online_ms=0.28
mutation_submit_visible_offline_ms=0.28
mutation_submit_visible_ms=0.28
comrak_render_throughput_ops_per_sec=35970.14
inbox_first_paint_ms=106
inbox_dom_content_loaded_ms=18
pr_detail_open_preloaded_ms=21
pr_detail_open_cold_ms=36
file_open_in_diff_cached_ms=61
diff_scroll_fps=62.15
diff_scroll_frame_p95_ms=16.2
diff_scroll_frame_avg_ms=16.09
inbox_first_paint_ms: 9.36ms <= 100ms
pr_detail_open_preloaded_ms: 0.52ms <= 50ms
pr_detail_open_cold_ms: 9.64ms <= 250ms
file_open_in_diff_cached_ms: 0.65ms <= 100ms
mutation_submit_visible_ms: 0.28ms <= 16ms
mutation_submit_visible_online_ms: 0.28ms <= 16ms
mutation_submit_visible_offline_ms: 0.28ms <= 16ms
comrak_render_throughput_ops_per_sec: 35970.14ops/s >= 850ops/s
inbox_first_paint_ms_frontend: 106.00ms <= 100ms
pr_detail_open_preloaded_ms_frontend: 21.00ms <= 50ms
pr_detail_open_cold_ms_frontend: 36.00ms <= 250ms
file_open_in_diff_cached_ms_frontend: 61.00ms <= 100ms
diff_scroll_fps: 62.15fps >= 60fps
diff_scroll_frame_p95_ms: 16.20ms <= 16.7ms
inbox_first_paint_ms_frontend: 106ms exceeds hard budget 100ms
inbox_first_paint_ms_frontend: 106ms regressed past 10% threshold (99.00ms)
node tools/perf-bench/compare-budgets.mjs failed with 1
 ELIFECYCLE  Command failed with exit code 1.
