[WebServer] [lightningcss minify] Unknown at rule: @custom-media
[WebServer] 2009 |  :root{--breakpoint-large: 63.25rem;--breakpoint-medium: 48rem;--breakpoint-small: 34rem;--breakpoint-xlarge: 80rem;--...
[WebServer] 2010 |  :root{--control-large-paddingBlock: 0.625rem;--control-medium-paddingBlock: 0.375rem;--control-xlarge-paddingBlock: 0...
[WebServer] 2011 |  @custom-media --viewportRange-landscape (orientation: landscape);
[WebServer]      |               ^
[WebServer] 2012 |  @custom-media --viewportRange-narrow (max-width: calc(48rem - 0.02px));
[WebServer] 2013 |  @custom-media --viewportRange-narrowLandscape ((max-width: calc(63.25rem - 0.02px)) and (max-height: calc(34rem - 0.0...
[WebServer] [lightningcss minify] Unknown at rule: @custom-media
[WebServer] 2010 |  :root{--control-large-paddingBlock: 0.625rem;--control-medium-paddingBlock: 0.375rem;--control-xlarge-paddingBlock: 0...
[WebServer] 2011 |  @custom-media --viewportRange-landscape (orientation: landscape);
[WebServer] 2012 |  @custom-media --viewportRange-narrow (max-width: calc(48rem - 0.02px));
[WebServer]      |               ^
[WebServer] 2013 |  @custom-media --viewportRange-narrowLandscape ((max-width: calc(63.25rem - 0.02px)) and (max-height: calc(34rem - 0.0...
[WebServer] 2014 |  @custom-media --viewportRange-portrait (orientation: portrait);
[WebServer] [lightningcss minify] Unknown at rule: @custom-media
[WebServer] 2011 |  @custom-media --viewportRange-landscape (orientation: landscape);
[WebServer] 2012 |  @custom-media --viewportRange-narrow (max-width: calc(48rem - 0.02px));
[WebServer] 2013 |  @custom-media --viewportRange-narrowLandscape ((max-width: calc(63.25rem - 0.02px)) and (max-height: calc(34rem - 0.0...
[WebServer]      |               ^
[WebServer] 2014 |  @custom-media --viewportRange-portrait (orientation: portrait);
[WebServer] 2015 |  @custom-media --viewportRange-regular (min-width: 48rem);
[WebServer] [lightningcss minify] Unknown at rule: @custom-media
[WebServer] 2012 |  @custom-media --viewportRange-narrow (max-width: calc(48rem - 0.02px));
[WebServer] 2013 |  @custom-media --viewportRange-narrowLandscape ((max-width: calc(63.25rem - 0.02px)) and (max-height: calc(34rem - 0.0...
[WebServer] 2014 |  @custom-media --viewportRange-portrait (orientation: portrait);
[WebServer]      |               ^
[WebServer] 2015 |  @custom-media --viewportRange-regular (min-width: 48rem);
[WebServer] 2016 |  @custom-media --viewportRange-wide (min-width: 87.5rem);
[WebServer] [lightningcss minify] Unknown at rule: @custom-media
[WebServer] 2013 |  @custom-media --viewportRange-narrowLandscape ((max-width: calc(63.25rem - 0.02px)) and (max-height: calc(34rem - 0.0...
[WebServer] 2014 |  @custom-media --viewportRange-portrait (orientation: portrait);
[WebServer] 2015 |  @custom-media --viewportRange-regular (min-width: 48rem);
[WebServer]      |               ^
[WebServer] 2016 |  @custom-media --viewportRange-wide (min-width: 87.5rem);
[WebServer] 2017 |  :root{--fontStack-monospace: ui-monospace, SFMono-Regular, SF Mono, Menlo, Consolas, Liberation Mono, monospace;--fon...
[WebServer] [lightningcss minify] Unknown at rule: @custom-media
[WebServer] 2014 |  @custom-media --viewportRange-portrait (orientation: portrait);
[WebServer] 2015 |  @custom-media --viewportRange-regular (min-width: 48rem);
[WebServer] 2016 |  @custom-media --viewportRange-wide (min-width: 87.5rem);
[WebServer]      |               ^
[WebServer] 2017 |  :root{--fontStack-monospace: ui-monospace, SFMono-Regular, SF Mono, Menlo, Consolas, Liberation Mono, monospace;--fon...
[WebServer] 2018 |  :root{--h00-size-mobile: 2.5rem;--h0-size-mobile: 2rem;--h1-size-mobile: 1.625rem;--h2-size-mobile: 1.375rem;--h3-siz...
[WebServer] [plugin rolldown:vite-resolve] Module "module" has been externalized for browser compatibility, imported by "/workspace/node_modules/web-tree-sitter/web-tree-sitter.js". See https://vite.dev/guide/troubleshooting.html#module-externalized-for-browser-compatibility for more details.
[WebServer] [plugin rolldown:vite-resolve] Module "fs/promises" has been externalized for browser compatibility, imported by "/workspace/node_modules/web-tree-sitter/web-tree-sitter.js". See https://vite.dev/guide/troubleshooting.html#module-externalized-for-browser-compatibility for more details.
[WebServer] [33m[EVAL] [0mUse of direct `eval` function is strongly discouraged as it poses security risks and may cause issues with minification.
[WebServer]       [38;5;246m╭[0m[38;5;246m─[0m[38;5;246m[[0m ../../node_modules/web-tree-sitter/web-tree-sitter.js:2343:31 [38;5;246m][0m
[WebServer]       [38;5;246m│[0m
[WebServer]  [38;5;246m2343 │[0m [38;5;249m [0m[38;5;249m [0m[38;5;249m [0m[38;5;249m [0m[38;5;249m [0m[38;5;249m [0m[38;5;249m [0m[38;5;249m [0m[38;5;249m [0m[38;5;249m [0m[38;5;249mA[0m[38;5;249mS[0m[38;5;249mM[0m[38;5;249m_[0m[38;5;249mC[0m[38;5;249mO[0m[38;5;249mN[0m[38;5;249mS[0m[38;5;249mT[0m[38;5;249mS[0m[38;5;249m[[0m[38;5;249ms[0m[38;5;249mt[0m[38;5;249ma[0m[38;5;249mr[0m[38;5;249mt[0m[38;5;249m][0m[38;5;249m [0m[38;5;249m=[0m[38;5;249m [0meval[38;5;249m([0m[38;5;249mf[0m[38;5;249mu[0m[38;5;249mn[0m[38;5;249mc[0m[38;5;249m)[0m[38;5;249m;[0m
[WebServer]  [38;5;240m     │[0m                               ──┬─  
[WebServer]  [38;5;240m     │[0m                                 ╰─── Use of direct `eval` here.
[WebServer]  [38;5;240m     │[0m 
[WebServer]  [38;5;240m     │[0m [38;5;115mHelp[0m: Consider using indirect eval. For more information, check the documentation: https://rolldown.rs/guide/troubleshooting#avoiding-direct-eval
[WebServer] [38;5;246m──────╯[0m
[WebServer] 
[WebServer] [33m[EVAL] [0mUse of direct `eval` function is strongly discouraged as it poses security risks and may cause issues with minification.
[WebServer]       [38;5;246m╭[0m[38;5;246m─[0m[38;5;246m[[0m ../../node_modules/web-tree-sitter/web-tree-sitter.js:2366:33 [38;5;246m][0m
[WebServer]       [38;5;246m│[0m
[WebServer]  [38;5;246m2366 │[0m [38;5;249m [0m[38;5;249m [0m[38;5;249m [0m[38;5;249m [0m[38;5;249m [0m[38;5;249m [0m[38;5;249m [0m[38;5;249m [0m[38;5;249m [0m[38;5;249m [0m[38;5;249mm[0m[38;5;249mo[0m[38;5;249md[0m[38;5;249mu[0m[38;5;249ml[0m[38;5;249me[0m[38;5;249mE[0m[38;5;249mx[0m[38;5;249mp[0m[38;5;249mo[0m[38;5;249mr[0m[38;5;249mt[0m[38;5;249ms[0m[38;5;249m[[0m[38;5;249mn[0m[38;5;249ma[0m[38;5;249mm[0m[38;5;249me[0m[38;5;249m][0m[38;5;249m [0m[38;5;249m=[0m[38;5;249m [0meval[38;5;249m([0m[38;5;249mf[0m[38;5;249mu[0m[38;5;249mn[0m[38;5;249mc[0m[38;5;249m)[0m[38;5;249m;[0m
[WebServer]  [38;5;240m     │[0m                                 ──┬─  
[WebServer]  [38;5;240m     │[0m                                   ╰─── Use of direct `eval` here.
[WebServer]  [38;5;240m     │[0m 
[WebServer]  [38;5;240m     │[0m [38;5;115mHelp[0m: Consider using indirect eval. For more information, check the documentation: https://rolldown.rs/guide/troubleshooting#avoiding-direct-eval
[WebServer] [38;5;246m──────╯[0m
[WebServer] 
[WebServer] [lightningcss minify] Unknown at rule: @custom-media
[WebServer] 2009 |  :root{--breakpoint-large: 63.25rem;--breakpoint-medium: 48rem;--breakpoint-small: 34rem;--breakpoint-xlarge: 80rem;--...
[WebServer] 2010 |  :root{--control-large-paddingBlock: 0.625rem;--control-medium-paddingBlock: 0.375rem;--control-xlarge-paddingBlock: 0...
[WebServer] 2011 |  @custom-media --viewportRange-landscape (orientation: landscape);
[WebServer]      |               ^
[WebServer] 2012 |  @custom-media --viewportRange-narrow (max-width: calc(48rem - 0.02px));
[WebServer] 2013 |  @custom-media --viewportRange-narrowLandscape ((max-width: calc(63.25rem - 0.02px)) and (max-height: calc(34rem - 0.0...
[WebServer] [lightningcss minify] Unknown at rule: @custom-media
[WebServer] 2010 |  :root{--control-large-paddingBlock: 0.625rem;--control-medium-paddingBlock: 0.375rem;--control-xlarge-paddingBlock: 0...
[WebServer] 2011 |  @custom-media --viewportRange-landscape (orientation: landscape);
[WebServer] 2012 |  @custom-media --viewportRange-narrow (max-width: calc(48rem - 0.02px));
[WebServer]      |               ^
[WebServer] 2013 |  @custom-media --viewportRange-narrowLandscape ((max-width: calc(63.25rem - 0.02px)) and (max-height: calc(34rem - 0.0...
[WebServer] 2014 |  @custom-media --viewportRange-portrait (orientation: portrait);
[WebServer] [lightningcss minify] Unknown at rule: @custom-media
[WebServer] 2011 |  @custom-media --viewportRange-landscape (orientation: landscape);
[WebServer] 2012 |  @custom-media --viewportRange-narrow (max-width: calc(48rem - 0.02px));
[WebServer] 2013 |  @custom-media --viewportRange-narrowLandscape ((max-width: calc(63.25rem - 0.02px)) and (max-height: calc(34rem - 0.0...
[WebServer]      |               ^
[WebServer] 2014 |  @custom-media --viewportRange-portrait (orientation: portrait);
[WebServer] 2015 |  @custom-media --viewportRange-regular (min-width: 48rem);
[WebServer] [lightningcss minify] Unknown at rule: @custom-media
[WebServer] 2012 |  @custom-media --viewportRange-narrow (max-width: calc(48rem - 0.02px));
[WebServer] 2013 |  @custom-media --viewportRange-narrowLandscape ((max-width: calc(63.25rem - 0.02px)) and (max-height: calc(34rem - 0.0...
[WebServer] 2014 |  @custom-media --viewportRange-portrait (orientation: portrait);
[WebServer]      |               ^
[WebServer] 2015 |  @custom-media --viewportRange-regular (min-width: 48rem);
[WebServer] 2016 |  @custom-media --viewportRange-wide (min-width: 87.5rem);
[WebServer] [lightningcss minify] Unknown at rule: @custom-media
[WebServer] 2013 |  @custom-media --viewportRange-narrowLandscape ((max-width: calc(63.25rem - 0.02px)) and (max-height: calc(34rem - 0.0...
[WebServer] 2014 |  @custom-media --viewportRange-portrait (orientation: portrait);
[WebServer] 2015 |  @custom-media --viewportRange-regular (min-width: 48rem);
[WebServer]      |               ^
[WebServer] 2016 |  @custom-media --viewportRange-wide (min-width: 87.5rem);
[WebServer] 2017 |  :root{--fontStack-monospace: ui-monospace, SFMono-Regular, SF Mono, Menlo, Consolas, Liberation Mono, monospace;--fon...
[WebServer] [lightningcss minify] Unknown at rule: @custom-media
[WebServer] 2014 |  @custom-media --viewportRange-portrait (orientation: portrait);
[WebServer] 2015 |  @custom-media --viewportRange-regular (min-width: 48rem);
[WebServer] 2016 |  @custom-media --viewportRange-wide (min-width: 87.5rem);
[WebServer]      |               ^
[WebServer] 2017 |  :root{--fontStack-monospace: ui-monospace, SFMono-Regular, SF Mono, Menlo, Consolas, Liberation Mono, monospace;--fon...
[WebServer] 2018 |  :root{--h00-size-mobile: 2.5rem;--h0-size-mobile: 2rem;--h1-size-mobile: 1.625rem;--h2-size-mobile: 1.375rem;--h3-siz...

Running 44 tests using 2 workers

(node:133375) Warning: The 'NO_COLOR' env is ignored due to the 'FORCE_COLOR' env being set.
(Use `node --trace-warnings ...` to show where the warning was created)
(node:133376) Warning: The 'NO_COLOR' env is ignored due to the 'FORCE_COLOR' env being set.
(Use `node --trace-warnings ...` to show where the warning was created)
(node:133375) Warning: The 'NO_COLOR' env is ignored due to the 'FORCE_COLOR' env being set.
(Use `node --trace-warnings ...` to show where the warning was created)
(node:133376) Warning: The 'NO_COLOR' env is ignored due to the 'FORCE_COLOR' env being set.
(Use `node --trace-warnings ...` to show where the warning was created)
  ✓   2 playwright/a11y-pr-detail.spec.ts:3:1 › pr detail keyboard + accessible naming smoke (1.1s)
[WebServer] 
[WebServer] [1;31m[404] GET /assets/grammars/tree-sitter-rust.wasm[0m
[WebServer] 
[WebServer] [1;31m[404] GET /assets/grammars/tree-sitter-typescript.wasm[0m
[WebServer] 
[WebServer] [1;31m[404] GET /assets/grammars/tree-sitter-typescript.wasm[0m
  ✓   3 playwright/diff-polish.spec.ts:3:1 › diff polish renders text, image, binary, and rename rows (1.1s)
[WebServer] 
[WebServer] [1;31m[404] GET /assets/grammars/tree-sitter-rust.wasm[0m
  ✓   1 playwright/airplane.spec.ts:3:1 › airplane mode queues and drains mutations without data loss (3.0s)
[WebServer] 
[WebServer] [1;31m[404] GET /assets/grammars/tree-sitter-rust.wasm[0m
[WebServer] 
[WebServer] [1;31m[404] GET /assets/grammars/tree-sitter-rust.wasm[0m
  ✓   4 playwright/m2-smoke.spec.ts:5:1 › m2 optimistic writes smoke flow (4.8s)
[WebServer] 
[WebServer] [1;31m[404] GET /assets/grammars/tree-sitter-rust.wasm[0m
[WebServer] 
[WebServer] [1;31m[404] GET /assets/grammars/tree-sitter-rust.wasm[0m
[WebServer] 
[WebServer] [1;31m[404] GET /assets/grammars/tree-sitter-rust.wasm[0m
[WebServer] 
[WebServer] [1;31m[404] GET /assets/grammars/tree-sitter-rust.wasm[0m
[WebServer] 
[WebServer] [1;31m[404] GET /assets/grammars/tree-sitter-typescript.wasm[0m
[WebServer] 
[WebServer] [1;31m[404] GET /assets/grammars/tree-sitter-typescript.wasm[0m
  ✓   5 playwright/m3-smoke.spec.ts:16:1 › m3 smoke captures diff/worktree/notification flows (3.6s)
  ✓   6 playwright/m4-ghe.spec.ts:6:1 › m4 GHE readiness flow: add account, switch, inbox/detail, endpoint routing proof (3.0s)
  ✓   7 playwright/m4-merge-surface.spec.ts:34:1 › branch protection variations render expected merge controls (3.4s)
  ✓   9 playwright/m4-merge-surface.spec.ts:130:1 › merge confirmation waits for reconcile and submits once (1.4s)
  ✓  10 playwright/m4-merge-surface.spec.ts:163:1 › merge and delete branch runs delete only after merge reconcile (1.4s)
  ✓  11 playwright/m4-merge-surface.spec.ts:194:1 › auto-merge enable modal submits expected payload and flips panel (1.3s)
  ✓  12 playwright/m4-merge-surface.spec.ts:229:1 › merge queue controls enqueue, reorder, and dequeue (1.6s)
  ✓  13 playwright/m4-merge-surface.spec.ts:273:1 › update branch transitions through updating and clean (1.1s)
  ✓   8 playwright/m4-multi-account.spec.ts:9:1 › m4 multi-account UI flow: switcher, badges, composer identity, and rate-limit meter (11.2s)
  ✓  15 playwright/m4-range-diff.spec.ts:6:3 › m4 range-diff surface › local-git mode renders markers and intra-line highlights (850ms)
  ✓  16 playwright/m4-range-diff.spec.ts:27:3 › m4 range-diff surface › rest mode renders the same range-diff structure (777ms)
  ✓  14 playwright/m4-merge-surface.spec.ts:299:1 › mergeable null backoff emits expected sequence screenshots (3.9s)
  ✓  17 playwright/m4-range-diff.spec.ts:48:3 › m4 range-diff surface › force-push banner links to latest push pair (998ms)
[WebServer] 
[WebServer] [1;31m[404] GET /assets/grammars/tree-sitter-rust.wasm[0m
[WebServer] 
[WebServer] [1;31m[404] GET /assets/grammars/tree-sitter-rust.wasm[0m
[WebServer] 
[WebServer] [1;31m[404] GET /assets/grammars/tree-sitter-rust.wasm[0m
[WebServer] 
[WebServer] [1;31m[404] GET /assets/grammars/tree-sitter-rust.wasm[0m
[WebServer] 
[WebServer] [1;31m[404] GET /assets/grammars/tree-sitter-rust.wasm[0m
[WebServer] 
[WebServer] [1;31m[404] GET /assets/grammars/tree-sitter-rust.wasm[0m
[WebServer] 
[WebServer] [1;31m[404] GET /assets/grammars/tree-sitter-rust.wasm[0m
[WebServer] 
[WebServer] [1;31m[404] GET /assets/grammars/tree-sitter-rust.wasm[0m
[WebServer] 
[WebServer] [1;31m[404] GET /assets/grammars/tree-sitter-rust.wasm[0m
[WebServer] 
[WebServer] [1;31m[404] GET /assets/grammars/tree-sitter-rust.wasm[0m
[WebServer] 
[WebServer] [1;31m[404] GET /assets/grammars/tree-sitter-rust.wasm[0m
[WebServer] 
[WebServer] [1;31m[404] GET /assets/grammars/tree-sitter-rust.wasm[0m
[WebServer] 
[WebServer] [1;31m[404] GET /assets/grammars/tree-sitter-rust.wasm[0m
[WebServer] 
[WebServer] [1;31m[404] GET /assets/grammars/tree-sitter-rust.wasm[0m
[WebServer] 
[WebServer] [1;31m[404] GET /assets/grammars/tree-sitter-rust.wasm[0m
[WebServer] 
[WebServer] [1;31m[404] GET /assets/grammars/tree-sitter-rust.wasm[0m
[WebServer] 
[WebServer] [1;31m[404] GET /assets/grammars/tree-sitter-rust.wasm[0m
[WebServer] 
[WebServer] [1;31m[404] GET /assets/grammars/tree-sitter-rust.wasm[0m
[WebServer] 
[WebServer] [1;31m[404] GET /assets/grammars/tree-sitter-rust.wasm[0m
[WebServer] 
[WebServer] [1;31m[404] GET /assets/grammars/tree-sitter-rust.wasm[0m
[WebServer] 
[WebServer] [1;31m[404] GET /assets/grammars/tree-sitter-rust.wasm[0m
[WebServer] 
[WebServer] [1;31m[404] GET /assets/grammars/tree-sitter-rust.wasm[0m
[WebServer] 
[WebServer] [1;31m[404] GET /assets/grammars/tree-sitter-rust.wasm[0m
[WebServer] 
[WebServer] [1;31m[404] GET /assets/grammars/tree-sitter-rust.wasm[0m
[WebServer] 
[WebServer] [1;31m[404] GET /assets/grammars/tree-sitter-rust.wasm[0m
[WebServer] 
[WebServer] [1;31m[404] GET /assets/grammars/tree-sitter-rust.wasm[0m
[WebServer] 
[WebServer] [1;31m[404] GET /assets/grammars/tree-sitter-rust.wasm[0m
[WebServer] 
[WebServer] [1;31m[404] GET /assets/grammars/tree-sitter-rust.wasm[0m
[WebServer] 
[WebServer] [1;31m[404] GET /assets/grammars/tree-sitter-rust.wasm[0m
[WebServer] 
[WebServer] [1;31m[404] GET /assets/grammars/tree-sitter-rust.wasm[0m
[WebServer] 
[WebServer] [1;31m[404] GET /assets/grammars/tree-sitter-rust.wasm[0m
[WebServer] 
[WebServer] [1;31m[404] GET /assets/grammars/tree-sitter-rust.wasm[0m
[WebServer] 
[WebServer] [1;31m[404] GET /assets/grammars/tree-sitter-rust.wasm[0m
[WebServer] 
[WebServer] [1;31m[404] GET /assets/grammars/tree-sitter-rust.wasm[0m
[WebServer] 
[WebServer] [1;31m[404] GET /assets/grammars/tree-sitter-rust.wasm[0m
[WebServer] 
[WebServer] [1;31m[404] GET /assets/grammars/tree-sitter-rust.wasm[0m
[WebServer] 
[WebServer] [1;31m[404] GET /assets/grammars/tree-sitter-rust.wasm[0m
[WebServer] 
[WebServer] [1;31m[404] GET /assets/grammars/tree-sitter-rust.wasm[0m
[WebServer] 
[WebServer] [1;31m[404] GET /assets/grammars/tree-sitter-rust.wasm[0m
[WebServer] 
[WebServer] [1;31m[404] GET /assets/grammars/tree-sitter-rust.wasm[0m
[WebServer] 
[WebServer] [1;31m[404] GET /assets/grammars/tree-sitter-rust.wasm[0m
[WebServer] 
[WebServer] [1;31m[404] GET /assets/grammars/tree-sitter-rust.wasm[0m
[WebServer] 
[WebServer] [1;31m[404] GET /assets/grammars/tree-sitter-rust.wasm[0m
[WebServer] 
[WebServer] [1;31m[404] GET /assets/grammars/tree-sitter-rust.wasm[0m
[WebServer] 
[WebServer] [1;31m[404] GET /assets/grammars/tree-sitter-rust.wasm[0m
[WebServer] 
[WebServer] [1;31m[404] GET /assets/grammars/tree-sitter-rust.wasm[0m
[WebServer] 
[WebServer] [1;31m[404] GET /assets/grammars/tree-sitter-rust.wasm[0m
[WebServer] 
[WebServer] [1;31m[404] GET /assets/grammars/tree-sitter-rust.wasm[0m
[WebServer] 
[WebServer] [1;31m[404] GET /assets/grammars/tree-sitter-rust.wasm[0m
[WebServer] 
[WebServer] [1;31m[404] GET /assets/grammars/tree-sitter-rust.wasm[0m
[WebServer] 
[WebServer] [1;31m[404] GET /assets/grammars/tree-sitter-rust.wasm[0m
[WebServer] 
[WebServer] [1;31m[404] GET /assets/grammars/tree-sitter-rust.wasm[0m
[WebServer] 
[WebServer] [1;31m[404] GET /assets/grammars/tree-sitter-rust.wasm[0m
[WebServer] 
[WebServer] [1;31m[404] GET /assets/grammars/tree-sitter-rust.wasm[0m
[WebServer] 
[WebServer] [1;31m[404] GET /assets/grammars/tree-sitter-rust.wasm[0m
[WebServer] 
[WebServer] [1;31m[404] GET /assets/grammars/tree-sitter-rust.wasm[0m
[WebServer] 
[WebServer] [1;31m[404] GET /assets/grammars/tree-sitter-rust.wasm[0m
[WebServer] 
[WebServer] [1;31m[404] GET /assets/grammars/tree-sitter-rust.wasm[0m
[WebServer] 
[WebServer] [1;31m[404] GET /assets/grammars/tree-sitter-rust.wasm[0m
[WebServer] 
[WebServer] [1;31m[404] GET /assets/grammars/tree-sitter-rust.wasm[0m
[WebServer] 
[WebServer] [1;31m[404] GET /assets/grammars/tree-sitter-rust.wasm[0m
[WebServer] 
[WebServer] [1;31m[404] GET /assets/grammars/tree-sitter-rust.wasm[0m
[WebServer] 
[WebServer] [1;31m[404] GET /assets/grammars/tree-sitter-rust.wasm[0m
[WebServer] 
[WebServer] [1;31m[404] GET /assets/grammars/tree-sitter-rust.wasm[0m
[WebServer] 
[WebServer] [1;31m[404] GET /assets/grammars/tree-sitter-rust.wasm[0m
[WebServer] 
[WebServer] [1;31m[404] GET /assets/grammars/tree-sitter-rust.wasm[0m
[WebServer] 
[WebServer] [1;31m[404] GET /assets/grammars/tree-sitter-rust.wasm[0m
[WebServer] 
[WebServer] [1;31m[404] GET /assets/grammars/tree-sitter-rust.wasm[0m
[WebServer] 
[WebServer] [1;31m[404] GET /assets/grammars/tree-sitter-rust.wasm[0m
[WebServer] 
[WebServer] [1;31m[404] GET /assets/grammars/tree-sitter-rust.wasm[0m
[WebServer] 
[WebServer] [1;31m[404] GET /assets/grammars/tree-sitter-rust.wasm[0m
[WebServer] 
[WebServer] [1;31m[404] GET /assets/grammars/tree-sitter-rust.wasm[0m
[WebServer] 
[WebServer] [1;31m[404] GET /assets/grammars/tree-sitter-rust.wasm[0m
[WebServer] 
[WebServer] [1;31m[404] GET /assets/grammars/tree-sitter-rust.wasm[0m
[WebServer] 
[WebServer] [1;31m[404] GET /assets/grammars/tree-sitter-rust.wasm[0m
[WebServer] 
[WebServer] [1;31m[404] GET /assets/grammars/tree-sitter-rust.wasm[0m
[WebServer] 
[WebServer] [1;31m[404] GET /assets/grammars/tree-sitter-rust.wasm[0m
[WebServer] 
[WebServer] [1;31m[404] GET /assets/grammars/tree-sitter-rust.wasm[0m
[WebServer] 
[WebServer] [1;31m[404] GET /assets/grammars/tree-sitter-rust.wasm[0m
[WebServer] 
[WebServer] [1;31m[404] GET /assets/grammars/tree-sitter-rust.wasm[0m
[WebServer] 
[WebServer] [1;31m[404] GET /assets/grammars/tree-sitter-rust.wasm[0m
[WebServer] 
[WebServer] [1;31m[404] GET /assets/grammars/tree-sitter-rust.wasm[0m
[WebServer] 
[WebServer] [1;31m[404] GET /assets/grammars/tree-sitter-rust.wasm[0m
[WebServer] 
[WebServer] [1;31m[404] GET /assets/grammars/tree-sitter-rust.wasm[0m
[WebServer] 
[WebServer] [1;31m[404] GET /assets/grammars/tree-sitter-rust.wasm[0m
[WebServer] 
[WebServer] [1;31m[404] GET /assets/grammars/tree-sitter-rust.wasm[0m
[WebServer] 
[WebServer] [1;31m[404] GET /assets/grammars/tree-sitter-rust.wasm[0m
[WebServer] 
[WebServer] [1;31m[404] GET /assets/grammars/tree-sitter-rust.wasm[0m
[WebServer] 
[WebServer] [1;31m[404] GET /assets/grammars/tree-sitter-rust.wasm[0m
[WebServer] 
[WebServer] [1;31m[404] GET /assets/grammars/tree-sitter-rust.wasm[0m
[WebServer] 
[WebServer] [1;31m[404] GET /assets/grammars/tree-sitter-rust.wasm[0m
[WebServer] 
[WebServer] [1;31m[404] GET /assets/grammars/tree-sitter-rust.wasm[0m
[WebServer] 
[WebServer] [1;31m[404] GET /assets/grammars/tree-sitter-rust.wasm[0m
[WebServer] 
[WebServer] [1;31m[404] GET /assets/grammars/tree-sitter-rust.wasm[0m
[WebServer] 
[WebServer] [1;31m[404] GET /assets/grammars/tree-sitter-rust.wasm[0m
[WebServer] 
[WebServer] [1;31m[404] GET /assets/grammars/tree-sitter-rust.wasm[0m
[WebServer] 
[WebServer] [1;31m[404] GET /assets/grammars/tree-sitter-rust.wasm[0m
[WebServer] 
[WebServer] [1;31m[404] GET /assets/grammars/tree-sitter-rust.wasm[0m
[WebServer] 
[WebServer] [1;31m[404] GET /assets/grammars/tree-sitter-rust.wasm[0m
[WebServer] 
[WebServer] [1;31m[404] GET /assets/grammars/tree-sitter-rust.wasm[0m
[WebServer] 
[WebServer] [1;31m[404] GET /assets/grammars/tree-sitter-rust.wasm[0m
[WebServer] 
[WebServer] [1;31m[404] GET /assets/grammars/tree-sitter-rust.wasm[0m
[WebServer] 
[WebServer] [1;31m[404] GET /assets/grammars/tree-sitter-rust.wasm[0m
[WebServer] 
[WebServer] [1;31m[404] GET /assets/grammars/tree-sitter-rust.wasm[0m
[WebServer] 
[WebServer] [1;31m[404] GET /assets/grammars/tree-sitter-rust.wasm[0m
[WebServer] 
[WebServer] [1;31m[404] GET /assets/grammars/tree-sitter-rust.wasm[0m
[WebServer] 
[WebServer] [1;31m[404] GET /assets/grammars/tree-sitter-rust.wasm[0m
[WebServer] 
[WebServer] [1;31m[404] GET /assets/grammars/tree-sitter-rust.wasm[0m
[WebServer] 
[WebServer] [1;31m[404] GET /assets/grammars/tree-sitter-rust.wasm[0m
[WebServer] 
[WebServer] [1;31m[404] GET /assets/grammars/tree-sitter-rust.wasm[0m
[WebServer] 
[WebServer] [1;31m[404] GET /assets/grammars/tree-sitter-rust.wasm[0m
[WebServer] 
[WebServer] [1;31m[404] GET /assets/grammars/tree-sitter-rust.wasm[0m
[WebServer] 
[WebServer] [1;31m[404] GET /assets/grammars/tree-sitter-rust.wasm[0m
[WebServer] 
[WebServer] [1;31m[404] GET /assets/grammars/tree-sitter-rust.wasm[0m
[WebServer] 
[WebServer] [1;31m[404] GET /assets/grammars/tree-sitter-rust.wasm[0m
[WebServer] 
[WebServer] [1;31m[404] GET /assets/grammars/tree-sitter-rust.wasm[0m
[WebServer] 
[WebServer] [1;31m[404] GET /assets/grammars/tree-sitter-rust.wasm[0m
[WebServer] 
[WebServer] [1;31m[404] GET /assets/grammars/tree-sitter-rust.wasm[0m
[WebServer] 
[WebServer] [1;31m[404] GET /assets/grammars/tree-sitter-rust.wasm[0m
[WebServer] 
[WebServer] [1;31m[404] GET /assets/grammars/tree-sitter-rust.wasm[0m
[WebServer] 
[WebServer] [1;31m[404] GET /assets/grammars/tree-sitter-rust.wasm[0m
[WebServer] 
[WebServer] [1;31m[404] GET /assets/grammars/tree-sitter-rust.wasm[0m
[WebServer] 
[WebServer] [1;31m[404] GET /assets/grammars/tree-sitter-rust.wasm[0m
[WebServer] 
[WebServer] [1;31m[404] GET /assets/grammars/tree-sitter-rust.wasm[0m
[WebServer] 
[WebServer] [1;31m[404] GET /assets/grammars/tree-sitter-rust.wasm[0m
[WebServer] 
[WebServer] [1;31m[404] GET /assets/grammars/tree-sitter-rust.wasm[0m
[WebServer] 
[WebServer] [1;31m[404] GET /assets/grammars/tree-sitter-rust.wasm[0m
[WebServer] 
[WebServer] [1;31m[404] GET /assets/grammars/tree-sitter-rust.wasm[0m
[WebServer] 
[WebServer] [1;31m[404] GET /assets/grammars/tree-sitter-rust.wasm[0m
[WebServer] 
[WebServer] [1;31m[404] GET /assets/grammars/tree-sitter-rust.wasm[0m
[WebServer] 
[WebServer] [1;31m[404] GET /assets/grammars/tree-sitter-rust.wasm[0m
[WebServer] 
[WebServer] [1;31m[404] GET /assets/grammars/tree-sitter-rust.wasm[0m
[WebServer] 
[WebServer] [1;31m[404] GET /assets/grammars/tree-sitter-rust.wasm[0m
[WebServer] 
[WebServer] [1;31m[404] GET /assets/grammars/tree-sitter-rust.wasm[0m
[WebServer] 
[WebServer] [1;31m[404] GET /assets/grammars/tree-sitter-typescript.wasm[0m
[WebServer] 
[WebServer] [1;31m[404] GET /assets/grammars/tree-sitter-rust.wasm[0m
[WebServer] 
[WebServer] [1;31m[404] GET /assets/grammars/tree-sitter-rust.wasm[0m
  ✓  19 playwright/m5-check-annotations.spec.ts:56:1 › renders inline annotations and expansion details on diff lines (9.7s)
[WebServer] 
[WebServer] [1;31m[404] GET /assets/grammars/tree-sitter-rust.wasm[0m
[WebServer] 
[WebServer] [1;31m[404] GET /assets/grammars/tree-sitter-rust.wasm[0m
[WebServer] 
[WebServer] [1;31m[404] GET /assets/grammars/tree-sitter-rust.wasm[0m
[WebServer] 
[WebServer] [1;31m[404] GET /assets/grammars/tree-sitter-rust.wasm[0m
[WebServer] 
[WebServer] [1;31m[404] GET /assets/grammars/tree-sitter-rust.wasm[0m
[WebServer] 
[WebServer] [1;31m[404] GET /assets/grammars/tree-sitter-rust.wasm[0m
[WebServer] 
[WebServer] [1;31m[404] GET /assets/grammars/tree-sitter-rust.wasm[0m
[WebServer] 
[WebServer] [1;31m[404] GET /assets/grammars/tree-sitter-rust.wasm[0m
[WebServer] 
[WebServer] [1;31m[404] GET /assets/grammars/tree-sitter-rust.wasm[0m
[WebServer] 
[WebServer] [1;31m[404] GET /assets/grammars/tree-sitter-rust.wasm[0m
[WebServer] 
[WebServer] [1;31m[404] GET /assets/grammars/tree-sitter-rust.wasm[0m
[WebServer] 
[WebServer] [1;31m[404] GET /assets/grammars/tree-sitter-rust.wasm[0m
[WebServer] 
[WebServer] [1;31m[404] GET /assets/grammars/tree-sitter-rust.wasm[0m
[WebServer] 
[WebServer] [1;31m[404] GET /assets/grammars/tree-sitter-rust.wasm[0m
[WebServer] 
[WebServer] [1;31m[404] GET /assets/grammars/tree-sitter-rust.wasm[0m
[WebServer] 
[WebServer] [1;31m[404] GET /assets/grammars/tree-sitter-rust.wasm[0m
[WebServer] 
[WebServer] [1;31m[404] GET /assets/grammars/tree-sitter-rust.wasm[0m
[WebServer] 
[WebServer] [1;31m[404] GET /assets/grammars/tree-sitter-rust.wasm[0m
[WebServer] 
[WebServer] [1;31m[404] GET /assets/grammars/tree-sitter-rust.wasm[0m
[WebServer] 
[WebServer] [1;31m[404] GET /assets/grammars/tree-sitter-rust.wasm[0m
[WebServer] 
[WebServer] [1;31m[404] GET /assets/grammars/tree-sitter-rust.wasm[0m
[WebServer] 
[WebServer] [1;31m[404] GET /assets/grammars/tree-sitter-rust.wasm[0m
[WebServer] 
[WebServer] [1;31m[404] GET /assets/grammars/tree-sitter-rust.wasm[0m
[WebServer] 
[WebServer] [1;31m[404] GET /assets/grammars/tree-sitter-rust.wasm[0m
[WebServer] 
[WebServer] [1;31m[404] GET /assets/grammars/tree-sitter-rust.wasm[0m
[WebServer] 
[WebServer] [1;31m[404] GET /assets/grammars/tree-sitter-rust.wasm[0m
[WebServer] 
[WebServer] [1;31m[404] GET /assets/grammars/tree-sitter-rust.wasm[0m
[WebServer] 
[WebServer] [1;31m[404] GET /assets/grammars/tree-sitter-rust.wasm[0m
[WebServer] 
[WebServer] [1;31m[404] GET /assets/grammars/tree-sitter-rust.wasm[0m
[WebServer] 
[WebServer] [1;31m[404] GET /assets/grammars/tree-sitter-rust.wasm[0m
[WebServer] 
[WebServer] [1;31m[404] GET /assets/grammars/tree-sitter-rust.wasm[0m
[WebServer] 
[WebServer] [1;31m[404] GET /assets/grammars/tree-sitter-rust.wasm[0m
[WebServer] 
[WebServer] [1;31m[404] GET /assets/grammars/tree-sitter-rust.wasm[0m
[WebServer] 
[WebServer] [1;31m[404] GET /assets/grammars/tree-sitter-rust.wasm[0m
[WebServer] 
[WebServer] [1;31m[404] GET /assets/grammars/tree-sitter-rust.wasm[0m
[WebServer] 
[WebServer] [1;31m[404] GET /assets/grammars/tree-sitter-rust.wasm[0m
[WebServer] 
[WebServer] [1;31m[404] GET /assets/grammars/tree-sitter-rust.wasm[0m
[WebServer] 
[WebServer] [1;31m[404] GET /assets/grammars/tree-sitter-rust.wasm[0m
[WebServer] 
[WebServer] [1;31m[404] GET /assets/grammars/tree-sitter-rust.wasm[0m
[WebServer] 
[WebServer] [1;31m[404] GET /assets/grammars/tree-sitter-rust.wasm[0m
[WebServer] 
[WebServer] [1;31m[404] GET /assets/grammars/tree-sitter-rust.wasm[0m
[WebServer] 
[WebServer] [1;31m[404] GET /assets/grammars/tree-sitter-rust.wasm[0m
[WebServer] 
[WebServer] [1;31m[404] GET /assets/grammars/tree-sitter-rust.wasm[0m
[WebServer] 
[WebServer] [1;31m[404] GET /assets/grammars/tree-sitter-rust.wasm[0m
[WebServer] 
[WebServer] [1;31m[404] GET /assets/grammars/tree-sitter-rust.wasm[0m
[WebServer] 
[WebServer] [1;31m[404] GET /assets/grammars/tree-sitter-rust.wasm[0m
[WebServer] 
[WebServer] [1;31m[404] GET /assets/grammars/tree-sitter-rust.wasm[0m
[WebServer] 
[WebServer] [1;31m[404] GET /assets/grammars/tree-sitter-rust.wasm[0m
[WebServer] 
[WebServer] [1;31m[404] GET /assets/grammars/tree-sitter-rust.wasm[0m
[WebServer] 
[WebServer] [1;31m[404] GET /assets/grammars/tree-sitter-rust.wasm[0m
[WebServer] 
[WebServer] [1;31m[404] GET /assets/grammars/tree-sitter-rust.wasm[0m
[WebServer] 
[WebServer] [1;31m[404] GET /assets/grammars/tree-sitter-rust.wasm[0m
[WebServer] 
[WebServer] [1;31m[404] GET /assets/grammars/tree-sitter-rust.wasm[0m
[WebServer] 
[WebServer] [1;31m[404] GET /assets/grammars/tree-sitter-rust.wasm[0m
[WebServer] 
[WebServer] [1;31m[404] GET /assets/grammars/tree-sitter-rust.wasm[0m
[WebServer] 
[WebServer] [1;31m[404] GET /assets/grammars/tree-sitter-rust.wasm[0m
[WebServer] 
[WebServer] [1;31m[404] GET /assets/grammars/tree-sitter-rust.wasm[0m
[WebServer] 
[WebServer] [1;31m[404] GET /assets/grammars/tree-sitter-rust.wasm[0m
[WebServer] 
[WebServer] [1;31m[404] GET /assets/grammars/tree-sitter-rust.wasm[0m
[WebServer] 
[WebServer] [1;31m[404] GET /assets/grammars/tree-sitter-rust.wasm[0m
[WebServer] 
[WebServer] [1;31m[404] GET /assets/grammars/tree-sitter-rust.wasm[0m
[WebServer] 
[WebServer] [1;31m[404] GET /assets/grammars/tree-sitter-rust.wasm[0m
[WebServer] 
[WebServer] [1;31m[404] GET /assets/grammars/tree-sitter-rust.wasm[0m
[WebServer] 
[WebServer] [1;31m[404] GET /assets/grammars/tree-sitter-rust.wasm[0m
[WebServer] 
[WebServer] [1;31m[404] GET /assets/grammars/tree-sitter-rust.wasm[0m
[WebServer] 
[WebServer] [1;31m[404] GET /assets/grammars/tree-sitter-rust.wasm[0m
[WebServer] 
[WebServer] [1;31m[404] GET /assets/grammars/tree-sitter-rust.wasm[0m
[WebServer] 
[WebServer] [1;31m[404] GET /assets/grammars/tree-sitter-rust.wasm[0m
[WebServer] 
[WebServer] [1;31m[404] GET /assets/grammars/tree-sitter-rust.wasm[0m
[WebServer] 
[WebServer] [1;31m[404] GET /assets/grammars/tree-sitter-rust.wasm[0m
[WebServer] 
[WebServer] [1;31m[404] GET /assets/grammars/tree-sitter-rust.wasm[0m
[WebServer] 
[WebServer] [1;31m[404] GET /assets/grammars/tree-sitter-rust.wasm[0m
[WebServer] 
[WebServer] [1;31m[404] GET /assets/grammars/tree-sitter-rust.wasm[0m
[WebServer] 
[WebServer] [1;31m[404] GET /assets/grammars/tree-sitter-rust.wasm[0m
[WebServer] 
[WebServer] [1;31m[404] GET /assets/grammars/tree-sitter-rust.wasm[0m
[WebServer] 
[WebServer] [1;31m[404] GET /assets/grammars/tree-sitter-rust.wasm[0m
[WebServer] 
[WebServer] [1;31m[404] GET /assets/grammars/tree-sitter-rust.wasm[0m
[WebServer] 
[WebServer] [1;31m[404] GET /assets/grammars/tree-sitter-rust.wasm[0m
[WebServer] 
[WebServer] [1;31m[404] GET /assets/grammars/tree-sitter-rust.wasm[0m
[WebServer] 
[WebServer] [1;31m[404] GET /assets/grammars/tree-sitter-rust.wasm[0m
[WebServer] 
[WebServer] [1;31m[404] GET /assets/grammars/tree-sitter-rust.wasm[0m
[WebServer] 
[WebServer] [1;31m[404] GET /assets/grammars/tree-sitter-rust.wasm[0m
[WebServer] 
[WebServer] [1;31m[404] GET /assets/grammars/tree-sitter-rust.wasm[0m
[WebServer] 
[WebServer] [1;31m[404] GET /assets/grammars/tree-sitter-rust.wasm[0m
[WebServer] 
[WebServer] [1;31m[404] GET /assets/grammars/tree-sitter-rust.wasm[0m
[WebServer] 
[WebServer] [1;31m[404] GET /assets/grammars/tree-sitter-rust.wasm[0m
[WebServer] 
[WebServer] [1;31m[404] GET /assets/grammars/tree-sitter-rust.wasm[0m
[WebServer] 
[WebServer] [1;31m[404] GET /assets/grammars/tree-sitter-rust.wasm[0m
[WebServer] 
[WebServer] [1;31m[404] GET /assets/grammars/tree-sitter-rust.wasm[0m
[WebServer] 
[WebServer] [1;31m[404] GET /assets/grammars/tree-sitter-rust.wasm[0m
[WebServer] 
[WebServer] [1;31m[404] GET /assets/grammars/tree-sitter-rust.wasm[0m
[WebServer] 
[WebServer] [1;31m[404] GET /assets/grammars/tree-sitter-rust.wasm[0m
[WebServer] 
[WebServer] [1;31m[404] GET /assets/grammars/tree-sitter-rust.wasm[0m
[WebServer] 
[WebServer] [1;31m[404] GET /assets/grammars/tree-sitter-rust.wasm[0m
[WebServer] 
[WebServer] [1;31m[404] GET /assets/grammars/tree-sitter-rust.wasm[0m
[WebServer] 
[WebServer] [1;31m[404] GET /assets/grammars/tree-sitter-rust.wasm[0m
[WebServer] 
[WebServer] [1;31m[404] GET /assets/grammars/tree-sitter-rust.wasm[0m
[WebServer] 
[WebServer] [1;31m[404] GET /assets/grammars/tree-sitter-rust.wasm[0m
[WebServer] 
[WebServer] [1;31m[404] GET /assets/grammars/tree-sitter-rust.wasm[0m
[WebServer] 
[WebServer] [1;31m[404] GET /assets/grammars/tree-sitter-rust.wasm[0m
[WebServer] 
[WebServer] [1;31m[404] GET /assets/grammars/tree-sitter-rust.wasm[0m
[WebServer] 
[WebServer] [1;31m[404] GET /assets/grammars/tree-sitter-rust.wasm[0m
[WebServer] 
[WebServer] [1;31m[404] GET /assets/grammars/tree-sitter-rust.wasm[0m
[WebServer] 
[WebServer] [1;31m[404] GET /assets/grammars/tree-sitter-rust.wasm[0m
[WebServer] 
[WebServer] [1;31m[404] GET /assets/grammars/tree-sitter-rust.wasm[0m
[WebServer] 
[WebServer] [1;31m[404] GET /assets/grammars/tree-sitter-rust.wasm[0m
[WebServer] 
[WebServer] [1;31m[404] GET /assets/grammars/tree-sitter-rust.wasm[0m
[WebServer] 
[WebServer] [1;31m[404] GET /assets/grammars/tree-sitter-rust.wasm[0m
[WebServer] 
[WebServer] [1;31m[404] GET /assets/grammars/tree-sitter-rust.wasm[0m
[WebServer] 
[WebServer] [1;31m[404] GET /assets/grammars/tree-sitter-rust.wasm[0m
[WebServer] 
[WebServer] [1;31m[404] GET /assets/grammars/tree-sitter-rust.wasm[0m
[WebServer] 
[WebServer] [1;31m[404] GET /assets/grammars/tree-sitter-rust.wasm[0m
[WebServer] 
[WebServer] [1;31m[404] GET /assets/grammars/tree-sitter-rust.wasm[0m
[WebServer] 
[WebServer] [1;31m[404] GET /assets/grammars/tree-sitter-rust.wasm[0m
[WebServer] 
[WebServer] [1;31m[404] GET /assets/grammars/tree-sitter-rust.wasm[0m
[WebServer] 
[WebServer] [1;31m[404] GET /assets/grammars/tree-sitter-rust.wasm[0m
[WebServer] 
[WebServer] [1;31m[404] GET /assets/grammars/tree-sitter-rust.wasm[0m
[WebServer] 
[WebServer] [1;31m[404] GET /assets/grammars/tree-sitter-rust.wasm[0m
[WebServer] 
[WebServer] [1;31m[404] GET /assets/grammars/tree-sitter-rust.wasm[0m
[WebServer] 
[WebServer] [1;31m[404] GET /assets/grammars/tree-sitter-rust.wasm[0m
[WebServer] 
[WebServer] [1;31m[404] GET /assets/grammars/tree-sitter-rust.wasm[0m
[WebServer] 
[WebServer] [1;31m[404] GET /assets/grammars/tree-sitter-rust.wasm[0m
[WebServer] 
[WebServer] [1;31m[404] GET /assets/grammars/tree-sitter-rust.wasm[0m
[WebServer] 
[WebServer] [1;31m[404] GET /assets/grammars/tree-sitter-rust.wasm[0m
[WebServer] 
[WebServer] [1;31m[404] GET /assets/grammars/tree-sitter-rust.wasm[0m
[WebServer] 
[WebServer] [1;31m[404] GET /assets/grammars/tree-sitter-rust.wasm[0m
[WebServer] 
[WebServer] [1;31m[404] GET /assets/grammars/tree-sitter-rust.wasm[0m
[WebServer] 
[WebServer] [1;31m[404] GET /assets/grammars/tree-sitter-rust.wasm[0m
[WebServer] 
[WebServer] [1;31m[404] GET /assets/grammars/tree-sitter-rust.wasm[0m
[WebServer] 
[WebServer] [1;31m[404] GET /assets/grammars/tree-sitter-rust.wasm[0m
[WebServer] 
[WebServer] [1;31m[404] GET /assets/grammars/tree-sitter-rust.wasm[0m
[WebServer] 
[WebServer] [1;31m[404] GET /assets/grammars/tree-sitter-rust.wasm[0m
[WebServer] 
[WebServer] [1;31m[404] GET /assets/grammars/tree-sitter-rust.wasm[0m
[WebServer] 
[WebServer] [1;31m[404] GET /assets/grammars/tree-sitter-rust.wasm[0m
[WebServer] 
[WebServer] [1;31m[404] GET /assets/grammars/tree-sitter-typescript.wasm[0m
[WebServer] 
[WebServer] [1;31m[404] GET /assets/grammars/tree-sitter-typescript.wasm[0m
  ✓  18 playwright/m5-a11y.spec.ts:10:1 › M5 a11y sweep for inbox, PR detail, composer, palette, suggestion modal, and checks rail (17.7s)
  ✓  20 playwright/m5-check-annotations.spec.ts:92:1 › streams failed-job log tail and exposes stale badge (9.9s)
  ✓  22 playwright/m5-check-annotations.spec.ts:124:1 › rerun check-run and rerun-suite dispatch cautious mutations (1.4s)
  ✓  21 playwright/m5-command-palette.spec.ts:86:1 › open/filter/run command palette with perf budgets (2.0s)
  ✓  23 playwright/m5-saved-replies-paste-image.spec.ts:64:1 › saved replies settings CRUD, reorder, and per-account isolation (1.6s)
  ✓  24 playwright/m5-command-palette.spec.ts:103:1 › sequence shortcuts and input-focus suppression (2.5s)
  ✓  25 playwright/m5-saved-replies-paste-image.spec.ts:116:1 › composer saved replies dropdown, keyboard shortcut, and quick-switch palette insertion (2.7s)
[WebServer] 
[WebServer] [1;31m[404] GET /assets/grammars/tree-sitter-rust.wasm[0m
[WebServer] 
[WebServer] [1;31m[404] GET /assets/grammars/tree-sitter-rust.wasm[0m
  ✓  26 playwright/m5-command-palette.spec.ts:123:1 › palette commands trigger suggestion, thread, file, github, and saved-reply flows (3.9s)
  ✓  27 playwright/m5-saved-replies-paste-image.spec.ts:159:1 › paste image upload success and failure retry/dismiss flow (2.7s)
[WebServer] 
[WebServer] [1;31m[404] GET /assets/grammars/tree-sitter-rust.wasm[0m
[WebServer] 
[WebServer] [1;31m[404] GET /assets/grammars/tree-sitter-rust.wasm[0m
  ✓  29 playwright/m5-suggestion-apply.spec.ts:25:1 › single suggestion apply flow (1.7s)
  ✓  28 playwright/m5-command-palette.spec.ts:216:1 › keyboard-only PR cycle (2.6s)
  ✓  30 playwright/m5-suggestion-apply.spec.ts:48:1 › batch suggestion apply shows progress steps and push state (4.1s)
  ✓  32 playwright/m5-suggestion-apply.spec.ts:105:1 › dirty worktree blocks batch submission (1.6s)
  ✓  33 playwright/m5-suggestion-apply.spec.ts:119:1 › force-with-stash opt-in is sent in payload (1.2s)
  ✓  34 playwright/m5-suggestion-apply.spec.ts:139:1 › head mismatch conflict is surfaced (1.1s)
  ✓  35 playwright/m6-ghe-full-parity.spec.ts:8:1 › m6 GHE full parity smoke path (4.7s)
  ✓  36 playwright/m6-stacks.spec.ts:23:1 › linear stack renders and row navigation opens PR detail (929ms)
  ✓  37 playwright/m6-stacks.spec.ts:38:1 › dag stack renders warning banner (842ms)
  ✓  38 playwright/m6-stacks.spec.ts:44:1 › rebase stack happy path streams progress and completes (1.0s)
  ✓  31 playwright/m6-demo-gif.spec.ts:20:1 › m6 demo walkthrough recording (16.9s)
  ✓  39 playwright/m6-stacks.spec.ts:97:1 › rebase conflict panel supports abort action (1.1s)
  ✓  40 playwright/notifications.spec.ts:3:1 › notification settings issues expected IPC payloads (1.0s)
  ✓  41 playwright/m6-stacks.spec.ts:141:1 › merge stack emits merge and retarget sequence (1.1s)
  ✓  43 playwright/m6-stacks.spec.ts:160:1 › graphite toggle enables gt badge in stack actions (1.3s)
  ✓  42 playwright/worktree.spec.ts:5:1 › worktree mapping and roots panel render (2.2s)
[WebServer] 
[WebServer] [1;31m[404] GET /assets/grammars/tree-sitter-rust.wasm[0m
[WebServer] 
[WebServer] [1;31m[404] GET /assets/grammars/tree-sitter-typescript.wasm[0m
[WebServer] 
[WebServer] [1;31m[404] GET /assets/grammars/tree-sitter-typescript.wasm[0m
  ✓  44 tests/smoke.spec.ts:5:1 › offline fixture inbox to diff smoke flow (33.8s)

  44 passed (1.9m)
