
> pr-cockpit@0.1.0 bench /workspace
> node ./tools/perf-bench/run-all.mjs


> desktop@0.1.0 build /workspace/apps/desktop
> vite build

vite v8.0.13 building ssr environment for production...
[2Ktransforming...✓ 212 modules transformed.
[lightningcss minify] Unknown at rule: @custom-media
2009 |  :root{--breakpoint-large: 63.25rem;--breakpoint-medium: 48rem;--breakpoint-small: 34rem;--breakpoint-xlarge: 80rem;--...
2010 |  :root{--control-large-paddingBlock: 0.625rem;--control-medium-paddingBlock: 0.375rem;--control-xlarge-paddingBlock: 0...
2011 |  @custom-media --viewportRange-landscape (orientation: landscape);
     |               ^
2012 |  @custom-media --viewportRange-narrow (max-width: calc(48rem - 0.02px));
2013 |  @custom-media --viewportRange-narrowLandscape ((max-width: calc(63.25rem - 0.02px)) and (max-height: calc(34rem - 0.0...
[lightningcss minify] Unknown at rule: @custom-media
2010 |  :root{--control-large-paddingBlock: 0.625rem;--control-medium-paddingBlock: 0.375rem;--control-xlarge-paddingBlock: 0...
2011 |  @custom-media --viewportRange-landscape (orientation: landscape);
2012 |  @custom-media --viewportRange-narrow (max-width: calc(48rem - 0.02px));
     |               ^
2013 |  @custom-media --viewportRange-narrowLandscape ((max-width: calc(63.25rem - 0.02px)) and (max-height: calc(34rem - 0.0...
2014 |  @custom-media --viewportRange-portrait (orientation: portrait);
[lightningcss minify] Unknown at rule: @custom-media
2011 |  @custom-media --viewportRange-landscape (orientation: landscape);
2012 |  @custom-media --viewportRange-narrow (max-width: calc(48rem - 0.02px));
2013 |  @custom-media --viewportRange-narrowLandscape ((max-width: calc(63.25rem - 0.02px)) and (max-height: calc(34rem - 0.0...
     |               ^
2014 |  @custom-media --viewportRange-portrait (orientation: portrait);
2015 |  @custom-media --viewportRange-regular (min-width: 48rem);
[lightningcss minify] Unknown at rule: @custom-media
2012 |  @custom-media --viewportRange-narrow (max-width: calc(48rem - 0.02px));
2013 |  @custom-media --viewportRange-narrowLandscape ((max-width: calc(63.25rem - 0.02px)) and (max-height: calc(34rem - 0.0...
2014 |  @custom-media --viewportRange-portrait (orientation: portrait);
     |               ^
2015 |  @custom-media --viewportRange-regular (min-width: 48rem);
2016 |  @custom-media --viewportRange-wide (min-width: 87.5rem);
[lightningcss minify] Unknown at rule: @custom-media
2013 |  @custom-media --viewportRange-narrowLandscape ((max-width: calc(63.25rem - 0.02px)) and (max-height: calc(34rem - 0.0...
2014 |  @custom-media --viewportRange-portrait (orientation: portrait);
2015 |  @custom-media --viewportRange-regular (min-width: 48rem);
     |               ^
2016 |  @custom-media --viewportRange-wide (min-width: 87.5rem);
2017 |  :root{--fontStack-monospace: ui-monospace, SFMono-Regular, SF Mono, Menlo, Consolas, Liberation Mono, monospace;--fon...
[lightningcss minify] Unknown at rule: @custom-media
2014 |  @custom-media --viewportRange-portrait (orientation: portrait);
2015 |  @custom-media --viewportRange-regular (min-width: 48rem);
2016 |  @custom-media --viewportRange-wide (min-width: 87.5rem);
     |               ^
2017 |  :root{--fontStack-monospace: ui-monospace, SFMono-Regular, SF Mono, Menlo, Consolas, Liberation Mono, monospace;--fon...
2018 |  :root{--h00-size-mobile: 2.5rem;--h0-size-mobile: 2rem;--h1-size-mobile: 1.625rem;--h2-size-mobile: 1.375rem;--h3-siz...
rendering chunks...
vite v8.0.13 building client environment for production...
[2Ktransforming...[plugin rolldown:vite-resolve] Module "module" has been externalized for browser compatibility, imported by "/workspace/node_modules/web-tree-sitter/web-tree-sitter.js". See https://vite.dev/guide/troubleshooting.html#module-externalized-for-browser-compatibility for more details.
[plugin rolldown:vite-resolve] Module "fs/promises" has been externalized for browser compatibility, imported by "/workspace/node_modules/web-tree-sitter/web-tree-sitter.js". See https://vite.dev/guide/troubleshooting.html#module-externalized-for-browser-compatibility for more details.
[33m[EVAL] [0mUse of direct `eval` function is strongly discouraged as it poses security risks and may cause issues with minification.
      [38;5;246m╭[0m[38;5;246m─[0m[38;5;246m[[0m ../../node_modules/web-tree-sitter/web-tree-sitter.js:2343:31 [38;5;246m][0m
      [38;5;246m│[0m
 [38;5;246m2343 │[0m [38;5;249m [0m[38;5;249m [0m[38;5;249m [0m[38;5;249m [0m[38;5;249m [0m[38;5;249m [0m[38;5;249m [0m[38;5;249m [0m[38;5;249m [0m[38;5;249m [0m[38;5;249mA[0m[38;5;249mS[0m[38;5;249mM[0m[38;5;249m_[0m[38;5;249mC[0m[38;5;249mO[0m[38;5;249mN[0m[38;5;249mS[0m[38;5;249mT[0m[38;5;249mS[0m[38;5;249m[[0m[38;5;249ms[0m[38;5;249mt[0m[38;5;249ma[0m[38;5;249mr[0m[38;5;249mt[0m[38;5;249m][0m[38;5;249m [0m[38;5;249m=[0m[38;5;249m [0meval[38;5;249m([0m[38;5;249mf[0m[38;5;249mu[0m[38;5;249mn[0m[38;5;249mc[0m[38;5;249m)[0m[38;5;249m;[0m
 [38;5;240m     │[0m                               ──┬─  
 [38;5;240m     │[0m                                 ╰─── Use of direct `eval` here.
 [38;5;240m     │[0m 
 [38;5;240m     │[0m [38;5;115mHelp[0m: Consider using indirect eval. For more information, check the documentation: https://rolldown.rs/guide/troubleshooting#avoiding-direct-eval
[38;5;246m──────╯[0m

[33m[EVAL] [0mUse of direct `eval` function is strongly discouraged as it poses security risks and may cause issues with minification.
      [38;5;246m╭[0m[38;5;246m─[0m[38;5;246m[[0m ../../node_modules/web-tree-sitter/web-tree-sitter.js:2366:33 [38;5;246m][0m
      [38;5;246m│[0m
 [38;5;246m2366 │[0m [38;5;249m [0m[38;5;249m [0m[38;5;249m [0m[38;5;249m [0m[38;5;249m [0m[38;5;249m [0m[38;5;249m [0m[38;5;249m [0m[38;5;249m [0m[38;5;249m [0m[38;5;249mm[0m[38;5;249mo[0m[38;5;249md[0m[38;5;249mu[0m[38;5;249ml[0m[38;5;249me[0m[38;5;249mE[0m[38;5;249mx[0m[38;5;249mp[0m[38;5;249mo[0m[38;5;249mr[0m[38;5;249mt[0m[38;5;249ms[0m[38;5;249m[[0m[38;5;249mn[0m[38;5;249ma[0m[38;5;249mm[0m[38;5;249me[0m[38;5;249m][0m[38;5;249m [0m[38;5;249m=[0m[38;5;249m [0meval[38;5;249m([0m[38;5;249mf[0m[38;5;249mu[0m[38;5;249mn[0m[38;5;249mc[0m[38;5;249m)[0m[38;5;249m;[0m
 [38;5;240m     │[0m                                 ──┬─  
 [38;5;240m     │[0m                                   ╰─── Use of direct `eval` here.
 [38;5;240m     │[0m 
 [38;5;240m     │[0m [38;5;115mHelp[0m: Consider using indirect eval. For more information, check the documentation: https://rolldown.rs/guide/troubleshooting#avoiding-direct-eval
[38;5;246m──────╯[0m

✓ 236 modules transformed.
[lightningcss minify] Unknown at rule: @custom-media
2009 |  :root{--breakpoint-large: 63.25rem;--breakpoint-medium: 48rem;--breakpoint-small: 34rem;--breakpoint-xlarge: 80rem;--...
2010 |  :root{--control-large-paddingBlock: 0.625rem;--control-medium-paddingBlock: 0.375rem;--control-xlarge-paddingBlock: 0...
2011 |  @custom-media --viewportRange-landscape (orientation: landscape);
     |               ^
2012 |  @custom-media --viewportRange-narrow (max-width: calc(48rem - 0.02px));
2013 |  @custom-media --viewportRange-narrowLandscape ((max-width: calc(63.25rem - 0.02px)) and (max-height: calc(34rem - 0.0...
[lightningcss minify] Unknown at rule: @custom-media
2010 |  :root{--control-large-paddingBlock: 0.625rem;--control-medium-paddingBlock: 0.375rem;--control-xlarge-paddingBlock: 0...
2011 |  @custom-media --viewportRange-landscape (orientation: landscape);
2012 |  @custom-media --viewportRange-narrow (max-width: calc(48rem - 0.02px));
     |               ^
2013 |  @custom-media --viewportRange-narrowLandscape ((max-width: calc(63.25rem - 0.02px)) and (max-height: calc(34rem - 0.0...
2014 |  @custom-media --viewportRange-portrait (orientation: portrait);
[lightningcss minify] Unknown at rule: @custom-media
2011 |  @custom-media --viewportRange-landscape (orientation: landscape);
2012 |  @custom-media --viewportRange-narrow (max-width: calc(48rem - 0.02px));
2013 |  @custom-media --viewportRange-narrowLandscape ((max-width: calc(63.25rem - 0.02px)) and (max-height: calc(34rem - 0.0...
     |               ^
2014 |  @custom-media --viewportRange-portrait (orientation: portrait);
2015 |  @custom-media --viewportRange-regular (min-width: 48rem);
[lightningcss minify] Unknown at rule: @custom-media
2012 |  @custom-media --viewportRange-narrow (max-width: calc(48rem - 0.02px));
2013 |  @custom-media --viewportRange-narrowLandscape ((max-width: calc(63.25rem - 0.02px)) and (max-height: calc(34rem - 0.0...
2014 |  @custom-media --viewportRange-portrait (orientation: portrait);
     |               ^
2015 |  @custom-media --viewportRange-regular (min-width: 48rem);
2016 |  @custom-media --viewportRange-wide (min-width: 87.5rem);
[lightningcss minify] Unknown at rule: @custom-media
2013 |  @custom-media --viewportRange-narrowLandscape ((max-width: calc(63.25rem - 0.02px)) and (max-height: calc(34rem - 0.0...
2014 |  @custom-media --viewportRange-portrait (orientation: portrait);
2015 |  @custom-media --viewportRange-regular (min-width: 48rem);
     |               ^
2016 |  @custom-media --viewportRange-wide (min-width: 87.5rem);
2017 |  :root{--fontStack-monospace: ui-monospace, SFMono-Regular, SF Mono, Menlo, Consolas, Liberation Mono, monospace;--fon...
[lightningcss minify] Unknown at rule: @custom-media
2014 |  @custom-media --viewportRange-portrait (orientation: portrait);
2015 |  @custom-media --viewportRange-regular (min-width: 48rem);
2016 |  @custom-media --viewportRange-wide (min-width: 87.5rem);
     |               ^
2017 |  :root{--fontStack-monospace: ui-monospace, SFMono-Regular, SF Mono, Menlo, Consolas, Liberation Mono, monospace;--fon...
2018 |  :root{--h00-size-mobile: 2.5rem;--h0-size-mobile: 2rem;--h1-size-mobile: 1.625rem;--h2-size-mobile: 1.375rem;--h3-siz...
rendering chunks...
computing gzip size...
.svelte-kit/output/client/_app/version.json                                                0.02 kB │ gzip:   0.04 kB
.svelte-kit/output/client/.vite/manifest.json                                              6.02 kB │ gzip:   0.93 kB
.svelte-kit/output/client/_app/immutable/workers/highlight-C32va5db.js                    79.72 kB
.svelte-kit/output/client/_app/immutable/workers/assets/web-tree-sitter-CfJ9hzQ2.wasm    196.76 kB │ gzip:  79.59 kB
.svelte-kit/output/client/_app/immutable/assets/2.BG8OpOVH.css                             0.29 kB │ gzip:   0.16 kB
.svelte-kit/output/client/_app/immutable/assets/5.DWqrcgMl.css                             0.53 kB │ gzip:   0.26 kB
.svelte-kit/output/client/_app/immutable/assets/4.B0JonEm4.css                             0.59 kB │ gzip:   0.27 kB
.svelte-kit/output/client/_app/immutable/assets/3.ivI_cRR_.css                             2.24 kB │ gzip:   0.72 kB
.svelte-kit/output/client/_app/immutable/assets/0.DUeUcjJ0.css                         1,033.03 kB │ gzip: 160.79 kB
.svelte-kit/output/client/_app/immutable/chunks/BTFSPZyn.js                                0.02 kB │ gzip:   0.04 kB
.svelte-kit/output/client/_app/immutable/chunks/BsF2RsjN.js                                0.02 kB │ gzip:   0.04 kB
.svelte-kit/output/client/_app/immutable/chunks/CHJ94jMC.js                                0.03 kB │ gzip:   0.05 kB
.svelte-kit/output/client/_app/immutable/chunks/CT0T0Gak.js                                0.06 kB │ gzip:   0.08 kB
.svelte-kit/output/client/_app/immutable/entry/start.Bvpre7n3.js                           0.08 kB │ gzip:   0.09 kB
.svelte-kit/output/client/_app/immutable/chunks/CH5CscIB.js                                0.24 kB │ gzip:   0.17 kB
.svelte-kit/output/client/_app/immutable/chunks/B7xZHWKt.js                                0.64 kB │ gzip:   0.38 kB
.svelte-kit/output/client/_app/immutable/nodes/1.BHimt02A.js                               1.06 kB │ gzip:   0.50 kB
.svelte-kit/output/client/_app/immutable/chunks/DXb0ZbaM.js                                1.20 kB │ gzip:   0.68 kB
.svelte-kit/output/client/_app/immutable/nodes/6.11hr1DFW.js                               1.74 kB │ gzip:   0.93 kB
.svelte-kit/output/client/_app/immutable/chunks/CtjmX-RP.js                                2.52 kB │ gzip:   1.03 kB
.svelte-kit/output/client/_app/immutable/chunks/Cp6p0LcV.js                                2.73 kB │ gzip:   1.32 kB
.svelte-kit/output/client/_app/immutable/entry/app.DCVLQxUS.js                             3.69 kB │ gzip:   1.55 kB
.svelte-kit/output/client/_app/immutable/nodes/4.C84sqtDK.js                               5.90 kB │ gzip:   2.42 kB
.svelte-kit/output/client/_app/immutable/nodes/2.BVMnICtr.js                               7.40 kB │ gzip:   3.31 kB
.svelte-kit/output/client/_app/immutable/chunks/B3cJE6ps.js                               10.04 kB │ gzip:   2.49 kB
.svelte-kit/output/client/_app/immutable/chunks/CTa-6qjQ.js                               16.26 kB │ gzip:   5.10 kB
.svelte-kit/output/client/_app/immutable/nodes/5.3mG5IbJz.js                              21.07 kB │ gzip:   7.14 kB
.svelte-kit/output/client/_app/immutable/chunks/D04REWyT.js                               27.39 kB │ gzip:  10.67 kB
.svelte-kit/output/client/_app/immutable/nodes/0.DlUOVCBb.js                              45.10 kB │ gzip:  14.46 kB
.svelte-kit/output/client/_app/immutable/chunks/Bx5oWESV.js                               52.61 kB │ gzip:  20.20 kB
.svelte-kit/output/client/_app/immutable/chunks/DKWhGWFo.js                               53.74 kB │ gzip:  15.20 kB
.svelte-kit/output/client/_app/immutable/nodes/3.Dsphwaxx.js                             100.98 kB │ gzip:  29.61 kB

✓ built in 853ms
computing gzip size...
.svelte-kit/output/server/.vite/manifest.json                                   7.23 kB │ gzip:   0.97 kB
.svelte-kit/output/server/_app/immutable/assets/_page.BG8OpOVH.css              0.29 kB │ gzip:   0.16 kB
.svelte-kit/output/server/_app/immutable/assets/_page.DWqrcgMl.css              0.53 kB │ gzip:   0.26 kB
.svelte-kit/output/server/_app/immutable/assets/_page.B0JonEm4.css              0.59 kB │ gzip:   0.27 kB
.svelte-kit/output/server/_app/immutable/assets/_page.ivI_cRR_.css              2.24 kB │ gzip:   0.72 kB
.svelte-kit/output/server/_app/immutable/assets/_layout.BwqKP6VK.css        1,032.47 kB │ gzip: 160.70 kB
.svelte-kit/output/server/chunks/index-server2.js                               0.03 kB │ gzip:   0.05 kB
.svelte-kit/output/server/chunks/navigation.js                                  0.03 kB │ gzip:   0.05 kB
.svelte-kit/output/server/entries/pages/pr/_id_/range-diff/_page.ts.js          0.10 kB │ gzip:   0.11 kB
.svelte-kit/output/server/entries/pages/_layout.ts.js                           0.24 kB │ gzip:   0.19 kB
.svelte-kit/output/server/internal.js                                           0.40 kB │ gzip:   0.20 kB
.svelte-kit/output/server/entries/pages/pr/_id_/_page.ts.js                     0.63 kB │ gzip:   0.34 kB
.svelte-kit/output/server/entries/pages/pr/_id_/range-diff/_page.svelte.js      1.18 kB │ gzip:   0.58 kB
.svelte-kit/output/server/chunks/environment.js                                 1.32 kB │ gzip:   0.56 kB
.svelte-kit/output/server/chunks/stores.js                                      1.47 kB │ gzip:   0.66 kB
.svelte-kit/output/server/chunks/time.js                                        1.93 kB │ gzip:   0.77 kB
.svelte-kit/output/server/chunks/palette-state.js                               2.20 kB │ gzip:   0.80 kB
.svelte-kit/output/server/entries/pages/settings/keyboard/_page.svelte.js       2.58 kB │ gzip:   1.07 kB
.svelte-kit/output/server/chunks/pr-detail.js                                   2.95 kB │ gzip:   1.01 kB
.svelte-kit/output/server/entries/fallbacks/error.svelte.js                     3.50 kB │ gzip:   1.32 kB
.svelte-kit/output/server/chunks/index-server.js                                4.65 kB │ gzip:   1.72 kB
.svelte-kit/output/server/chunks/cockpit.js                                     5.99 kB │ gzip:   1.47 kB
.svelte-kit/output/server/entries/pages/_page.svelte.js                         9.13 kB │ gzip:   2.93 kB
.svelte-kit/output/server/chunks/shared.js                                     10.32 kB │ gzip:   3.34 kB
.svelte-kit/output/server/chunks/exports.js                                    11.26 kB │ gzip:   3.50 kB
.svelte-kit/output/server/chunks/keymap.js                                     15.56 kB │ gzip:   3.13 kB
.svelte-kit/output/server/entries/pages/settings/_page.svelte.js               15.76 kB │ gzip:   3.86 kB
.svelte-kit/output/server/chunks/internal.js                                   20.67 kB │ gzip:   6.43 kB
.svelte-kit/output/server/chunks/utils.js                                      30.10 kB │ gzip:   8.68 kB
.svelte-kit/output/server/chunks/dev.js                                        44.18 kB │ gzip:  12.10 kB
.svelte-kit/output/server/remote-entry.js                                      46.10 kB │ gzip:   9.44 kB
.svelte-kit/output/server/chunks/client.js                                     47.20 kB │ gzip:  13.86 kB
.svelte-kit/output/server/entries/pages/_layout.svelte.js                      58.67 kB │ gzip:  12.77 kB
.svelte-kit/output/server/chunks/client2.js                                    74.64 kB │ gzip:  16.50 kB
.svelte-kit/output/server/chunks/utils2.js                                     87.87 kB │ gzip:  22.68 kB
.svelte-kit/output/server/entries/pages/pr/_id_/_page.svelte.js               114.18 kB │ gzip:  23.88 kB
.svelte-kit/output/server/index.js                                            122.95 kB │ gzip:  31.10 kB

✓ built in 2.40s

Run npm run preview to preview your production build locally.

> Using @sveltejs/adapter-static
Overwriting build/index.html with fallback page. Consider using a different name for the fallback.
  Wrote site to "build"
  ✔ done
    Finished `bench` profile [optimized] target(s) in 0.49s
     Running benches/comrak_render_throughput.rs (target/release/deps/comrak_render_throughput-658b12f3f06bbd12)
Gnuplot not found, using plotters backend
Benchmarking comrak_render_throughput/comrak_render_throughput
Benchmarking comrak_render_throughput/comrak_render_throughput: Warming up for 300.00 ms
Benchmarking comrak_render_throughput/comrak_render_throughput: Collecting 30 samples in estimated 3.0023 s (108k iterations)
Benchmarking comrak_render_throughput/comrak_render_throughput: Analyzing
comrak_render_throughput/comrak_render_throughput
                        time:   [27.337 µs 27.531 µs 27.747 µs]
                        thrpt:  [36.040 Kelem/s 36.322 Kelem/s 36.581 Kelem/s]
                 change:
                        time:   [+0.4925% +0.8959% +1.4385%] (p = 0.00 < 0.05)
                        thrpt:  [−1.4181% −0.8880% −0.4901%]
                        Change within noise threshold.
Found 4 outliers among 30 measurements (13.33%)
  2 (6.67%) high mild
  2 (6.67%) high severe

     Running benches/file_open_in_diff_cached.rs (target/release/deps/file_open_in_diff_cached-3dcf8515d744d323)
Gnuplot not found, using plotters backend
Benchmarking file_open_in_diff_cached
Benchmarking file_open_in_diff_cached: Warming up for 300.00 ms
Benchmarking file_open_in_diff_cached: Collecting 20 samples in estimated 2.0536 s (3990 iterations)
Benchmarking file_open_in_diff_cached: Analyzing
file_open_in_diff_cached
                        time:   [509.77 µs 516.33 µs 521.94 µs]
                        change: [−24.719% −19.333% −13.003%] (p = 0.00 < 0.05)
                        Performance has improved.

     Running benches/inbox_first_paint.rs (target/release/deps/inbox_first_paint-6bfe98a85397c14e)
Gnuplot not found, using plotters backend
Benchmarking inbox_first_paint
Benchmarking inbox_first_paint: Warming up for 300.00 ms
Benchmarking inbox_first_paint: Collecting 20 samples in estimated 2.2624 s (80 iterations)
Benchmarking inbox_first_paint: Analyzing
inbox_first_paint       time:   [28.534 ms 28.886 ms 29.244 ms]
                        change: [−7.5919% −5.5607% −3.7070%] (p = 0.00 < 0.05)
                        Performance has improved.

     Running benches/mutation_submit_visible.rs (target/release/deps/mutation_submit_visible-8605d5bfbcfe9025)
Gnuplot not found, using plotters backend
Benchmarking mutation_submit_visible_online
Benchmarking mutation_submit_visible_online: Warming up for 250.00 ms
Benchmarking mutation_submit_visible_online: Collecting 20 samples in estimated 2.0012 s (7140 iterations)
Benchmarking mutation_submit_visible_online: Analyzing
mutation_submit_visible_online
                        time:   [260.18 µs 269.64 µs 277.92 µs]
                        change: [−36.974% −31.387% −25.146%] (p = 0.00 < 0.05)
                        Performance has improved.
Found 1 outliers among 20 measurements (5.00%)
  1 (5.00%) low severe

Benchmarking mutation_submit_visible_offline
Benchmarking mutation_submit_visible_offline: Warming up for 250.00 ms
Benchmarking mutation_submit_visible_offline: Collecting 20 samples in estimated 2.0181 s (7770 iterations)
Benchmarking mutation_submit_visible_offline: Analyzing
mutation_submit_visible_offline
                        time:   [272.77 µs 285.03 µs 299.92 µs]
                        change: [−43.030% −36.048% −28.168%] (p = 0.00 < 0.05)
                        Performance has improved.
Found 2 outliers among 20 measurements (10.00%)
  1 (5.00%) low severe
  1 (5.00%) high severe

     Running benches/pr_detail_open.rs (target/release/deps/pr_detail_open-c1159c659a937053)
Gnuplot not found, using plotters backend
Benchmarking pr_detail_open/preloaded
Benchmarking pr_detail_open/preloaded: Warming up for 300.00 ms
Benchmarking pr_detail_open/preloaded: Collecting 20 samples in estimated 2.0416 s (3780 iterations)
Benchmarking pr_detail_open/preloaded: Analyzing
pr_detail_open/preloaded
                        time:   [520.48 µs 526.95 µs 532.03 µs]
                        change: [−36.583% −34.086% −31.386%] (p = 0.00 < 0.05)
                        Performance has improved.
Found 2 outliers among 20 measurements (10.00%)
  1 (5.00%) low severe
  1 (5.00%) high mild

Benchmarking pr_detail_open/cold_cache
Benchmarking pr_detail_open/cold_cache: Warming up for 300.00 ms
Benchmarking pr_detail_open/cold_cache: Collecting 20 samples in estimated 2.5185 s (80 iterations)
Benchmarking pr_detail_open/cold_cache: Analyzing
pr_detail_open/cold_cache
                        time:   [30.801 ms 31.190 ms 31.568 ms]
                        change: [−5.0146% −3.2836% −1.5287%] (p = 0.00 < 0.05)
                        Performance has improved.

inbox_first_paint_ms=28.89
pr_detail_open_preloaded_ms=0.52
pr_detail_open_cold_ms=31.19
file_open_in_diff_cached_ms=0.51
mutation_submit_visible_online_ms=0.26
mutation_submit_visible_offline_ms=0.27
mutation_submit_visible_ms=0.27
comrak_render_throughput_ops_per_sec=36467.84
inbox_first_paint_ms=79
inbox_dom_content_loaded_ms=19
pr_detail_open_preloaded_ms=21
pr_detail_open_cold_ms=34
file_open_in_diff_cached_ms=60
diff_scroll_fps=62.09
diff_scroll_frame_p95_ms=16.2
diff_scroll_frame_avg_ms=16.1
command_palette_open_ms=2
command_palette_result_ms=0
inbox_first_paint_ms: 28.89ms <= 100ms
pr_detail_open_preloaded_ms: 0.52ms <= 50ms
pr_detail_open_cold_ms: 31.19ms <= 250ms
file_open_in_diff_cached_ms: 0.51ms <= 100ms
mutation_submit_visible_ms: 0.27ms <= 16ms
mutation_submit_visible_online_ms: 0.26ms <= 16ms
mutation_submit_visible_offline_ms: 0.27ms <= 16ms
comrak_render_throughput_ops_per_sec: 36467.84ops/s >= 850ops/s
inbox_first_paint_ms_frontend: 79.00ms <= 100ms
pr_detail_open_preloaded_ms_frontend: 21.00ms <= 50ms
pr_detail_open_cold_ms_frontend: 34.00ms <= 250ms
file_open_in_diff_cached_ms_frontend: 60.00ms <= 100ms
diff_scroll_fps: 62.09fps >= 60fps
diff_scroll_frame_p95_ms: 16.20ms <= 16.7ms
command_palette_open_ms: 2.00ms <= 75ms
command_palette_result_ms: 0.00ms <= 150ms
