
> pr-cockpit@0.1.0 bench /workspace
> node ./tools/perf-bench/run-all.mjs


> desktop@0.1.0 build /workspace/apps/desktop
> vite build

vite v8.0.13 building ssr environment for production...
[2Ktransforming...✓ 212 modules transformed.
[lightningcss minify] Unknown at rule: @custom-media
2009 |  :root{--breakpoint-large: 63.25rem;--breakpoint-medium: 48rem;--breakpoint-small: 34rem;--breakpoint-xlarge: 80rem;--...
2010 |  :root{--control-large-paddingBlock: 0.625rem;--control-medium-paddingBlock: 0.375rem;--control-xlarge-paddingBlock: 0...
2011 |  @custom-media --viewportRange-landscape (orientation: landscape);
     |               ^
2012 |  @custom-media --viewportRange-narrow (max-width: calc(48rem - 0.02px));
2013 |  @custom-media --viewportRange-narrowLandscape ((max-width: calc(63.25rem - 0.02px)) and (max-height: calc(34rem - 0.0...
[lightningcss minify] Unknown at rule: @custom-media
2010 |  :root{--control-large-paddingBlock: 0.625rem;--control-medium-paddingBlock: 0.375rem;--control-xlarge-paddingBlock: 0...
2011 |  @custom-media --viewportRange-landscape (orientation: landscape);
2012 |  @custom-media --viewportRange-narrow (max-width: calc(48rem - 0.02px));
     |               ^
2013 |  @custom-media --viewportRange-narrowLandscape ((max-width: calc(63.25rem - 0.02px)) and (max-height: calc(34rem - 0.0...
2014 |  @custom-media --viewportRange-portrait (orientation: portrait);
[lightningcss minify] Unknown at rule: @custom-media
2011 |  @custom-media --viewportRange-landscape (orientation: landscape);
2012 |  @custom-media --viewportRange-narrow (max-width: calc(48rem - 0.02px));
2013 |  @custom-media --viewportRange-narrowLandscape ((max-width: calc(63.25rem - 0.02px)) and (max-height: calc(34rem - 0.0...
     |               ^
2014 |  @custom-media --viewportRange-portrait (orientation: portrait);
2015 |  @custom-media --viewportRange-regular (min-width: 48rem);
[lightningcss minify] Unknown at rule: @custom-media
2012 |  @custom-media --viewportRange-narrow (max-width: calc(48rem - 0.02px));
2013 |  @custom-media --viewportRange-narrowLandscape ((max-width: calc(63.25rem - 0.02px)) and (max-height: calc(34rem - 0.0...
2014 |  @custom-media --viewportRange-portrait (orientation: portrait);
     |               ^
2015 |  @custom-media --viewportRange-regular (min-width: 48rem);
2016 |  @custom-media --viewportRange-wide (min-width: 87.5rem);
[lightningcss minify] Unknown at rule: @custom-media
2013 |  @custom-media --viewportRange-narrowLandscape ((max-width: calc(63.25rem - 0.02px)) and (max-height: calc(34rem - 0.0...
2014 |  @custom-media --viewportRange-portrait (orientation: portrait);
2015 |  @custom-media --viewportRange-regular (min-width: 48rem);
     |               ^
2016 |  @custom-media --viewportRange-wide (min-width: 87.5rem);
2017 |  :root{--fontStack-monospace: ui-monospace, SFMono-Regular, SF Mono, Menlo, Consolas, Liberation Mono, monospace;--fon...
[lightningcss minify] Unknown at rule: @custom-media
2014 |  @custom-media --viewportRange-portrait (orientation: portrait);
2015 |  @custom-media --viewportRange-regular (min-width: 48rem);
2016 |  @custom-media --viewportRange-wide (min-width: 87.5rem);
     |               ^
2017 |  :root{--fontStack-monospace: ui-monospace, SFMono-Regular, SF Mono, Menlo, Consolas, Liberation Mono, monospace;--fon...
2018 |  :root{--h00-size-mobile: 2.5rem;--h0-size-mobile: 2rem;--h1-size-mobile: 1.625rem;--h2-size-mobile: 1.375rem;--h3-siz...
rendering chunks...
vite v8.0.13 building client environment for production...
[2Ktransforming...[plugin rolldown:vite-resolve] Module "module" has been externalized for browser compatibility, imported by "/workspace/node_modules/web-tree-sitter/web-tree-sitter.js". See https://vite.dev/guide/troubleshooting.html#module-externalized-for-browser-compatibility for more details.
[plugin rolldown:vite-resolve] Module "fs/promises" has been externalized for browser compatibility, imported by "/workspace/node_modules/web-tree-sitter/web-tree-sitter.js". See https://vite.dev/guide/troubleshooting.html#module-externalized-for-browser-compatibility for more details.
[33m[EVAL] [0mUse of direct `eval` function is strongly discouraged as it poses security risks and may cause issues with minification.
      [38;5;246m╭[0m[38;5;246m─[0m[38;5;246m[[0m ../../node_modules/web-tree-sitter/web-tree-sitter.js:2343:31 [38;5;246m][0m
      [38;5;246m│[0m
 [38;5;246m2343 │[0m [38;5;249m [0m[38;5;249m [0m[38;5;249m [0m[38;5;249m [0m[38;5;249m [0m[38;5;249m [0m[38;5;249m [0m[38;5;249m [0m[38;5;249m [0m[38;5;249m [0m[38;5;249mA[0m[38;5;249mS[0m[38;5;249mM[0m[38;5;249m_[0m[38;5;249mC[0m[38;5;249mO[0m[38;5;249mN[0m[38;5;249mS[0m[38;5;249mT[0m[38;5;249mS[0m[38;5;249m[[0m[38;5;249ms[0m[38;5;249mt[0m[38;5;249ma[0m[38;5;249mr[0m[38;5;249mt[0m[38;5;249m][0m[38;5;249m [0m[38;5;249m=[0m[38;5;249m [0meval[38;5;249m([0m[38;5;249mf[0m[38;5;249mu[0m[38;5;249mn[0m[38;5;249mc[0m[38;5;249m)[0m[38;5;249m;[0m
 [38;5;240m     │[0m                               ──┬─  
 [38;5;240m     │[0m                                 ╰─── Use of direct `eval` here.
 [38;5;240m     │[0m 
 [38;5;240m     │[0m [38;5;115mHelp[0m: Consider using indirect eval. For more information, check the documentation: https://rolldown.rs/guide/troubleshooting#avoiding-direct-eval
[38;5;246m──────╯[0m

[33m[EVAL] [0mUse of direct `eval` function is strongly discouraged as it poses security risks and may cause issues with minification.
      [38;5;246m╭[0m[38;5;246m─[0m[38;5;246m[[0m ../../node_modules/web-tree-sitter/web-tree-sitter.js:2366:33 [38;5;246m][0m
      [38;5;246m│[0m
 [38;5;246m2366 │[0m [38;5;249m [0m[38;5;249m [0m[38;5;249m [0m[38;5;249m [0m[38;5;249m [0m[38;5;249m [0m[38;5;249m [0m[38;5;249m [0m[38;5;249m [0m[38;5;249m [0m[38;5;249mm[0m[38;5;249mo[0m[38;5;249md[0m[38;5;249mu[0m[38;5;249ml[0m[38;5;249me[0m[38;5;249mE[0m[38;5;249mx[0m[38;5;249mp[0m[38;5;249mo[0m[38;5;249mr[0m[38;5;249mt[0m[38;5;249ms[0m[38;5;249m[[0m[38;5;249mn[0m[38;5;249ma[0m[38;5;249mm[0m[38;5;249me[0m[38;5;249m][0m[38;5;249m [0m[38;5;249m=[0m[38;5;249m [0meval[38;5;249m([0m[38;5;249mf[0m[38;5;249mu[0m[38;5;249mn[0m[38;5;249mc[0m[38;5;249m)[0m[38;5;249m;[0m
 [38;5;240m     │[0m                                 ──┬─  
 [38;5;240m     │[0m                                   ╰─── Use of direct `eval` here.
 [38;5;240m     │[0m 
 [38;5;240m     │[0m [38;5;115mHelp[0m: Consider using indirect eval. For more information, check the documentation: https://rolldown.rs/guide/troubleshooting#avoiding-direct-eval
[38;5;246m──────╯[0m

✓ 236 modules transformed.
[lightningcss minify] Unknown at rule: @custom-media
2009 |  :root{--breakpoint-large: 63.25rem;--breakpoint-medium: 48rem;--breakpoint-small: 34rem;--breakpoint-xlarge: 80rem;--...
2010 |  :root{--control-large-paddingBlock: 0.625rem;--control-medium-paddingBlock: 0.375rem;--control-xlarge-paddingBlock: 0...
2011 |  @custom-media --viewportRange-landscape (orientation: landscape);
     |               ^
2012 |  @custom-media --viewportRange-narrow (max-width: calc(48rem - 0.02px));
2013 |  @custom-media --viewportRange-narrowLandscape ((max-width: calc(63.25rem - 0.02px)) and (max-height: calc(34rem - 0.0...
[lightningcss minify] Unknown at rule: @custom-media
2010 |  :root{--control-large-paddingBlock: 0.625rem;--control-medium-paddingBlock: 0.375rem;--control-xlarge-paddingBlock: 0...
2011 |  @custom-media --viewportRange-landscape (orientation: landscape);
2012 |  @custom-media --viewportRange-narrow (max-width: calc(48rem - 0.02px));
     |               ^
2013 |  @custom-media --viewportRange-narrowLandscape ((max-width: calc(63.25rem - 0.02px)) and (max-height: calc(34rem - 0.0...
2014 |  @custom-media --viewportRange-portrait (orientation: portrait);
[lightningcss minify] Unknown at rule: @custom-media
2011 |  @custom-media --viewportRange-landscape (orientation: landscape);
2012 |  @custom-media --viewportRange-narrow (max-width: calc(48rem - 0.02px));
2013 |  @custom-media --viewportRange-narrowLandscape ((max-width: calc(63.25rem - 0.02px)) and (max-height: calc(34rem - 0.0...
     |               ^
2014 |  @custom-media --viewportRange-portrait (orientation: portrait);
2015 |  @custom-media --viewportRange-regular (min-width: 48rem);
[lightningcss minify] Unknown at rule: @custom-media
2012 |  @custom-media --viewportRange-narrow (max-width: calc(48rem - 0.02px));
2013 |  @custom-media --viewportRange-narrowLandscape ((max-width: calc(63.25rem - 0.02px)) and (max-height: calc(34rem - 0.0...
2014 |  @custom-media --viewportRange-portrait (orientation: portrait);
     |               ^
2015 |  @custom-media --viewportRange-regular (min-width: 48rem);
2016 |  @custom-media --viewportRange-wide (min-width: 87.5rem);
[lightningcss minify] Unknown at rule: @custom-media
2013 |  @custom-media --viewportRange-narrowLandscape ((max-width: calc(63.25rem - 0.02px)) and (max-height: calc(34rem - 0.0...
2014 |  @custom-media --viewportRange-portrait (orientation: portrait);
2015 |  @custom-media --viewportRange-regular (min-width: 48rem);
     |               ^
2016 |  @custom-media --viewportRange-wide (min-width: 87.5rem);
2017 |  :root{--fontStack-monospace: ui-monospace, SFMono-Regular, SF Mono, Menlo, Consolas, Liberation Mono, monospace;--fon...
[lightningcss minify] Unknown at rule: @custom-media
2014 |  @custom-media --viewportRange-portrait (orientation: portrait);
2015 |  @custom-media --viewportRange-regular (min-width: 48rem);
2016 |  @custom-media --viewportRange-wide (min-width: 87.5rem);
     |               ^
2017 |  :root{--fontStack-monospace: ui-monospace, SFMono-Regular, SF Mono, Menlo, Consolas, Liberation Mono, monospace;--fon...
2018 |  :root{--h00-size-mobile: 2.5rem;--h0-size-mobile: 2rem;--h1-size-mobile: 1.625rem;--h2-size-mobile: 1.375rem;--h3-siz...
rendering chunks...
computing gzip size...
.svelte-kit/output/client/_app/version.json                                                0.02 kB │ gzip:   0.04 kB
.svelte-kit/output/client/.vite/manifest.json                                              6.02 kB │ gzip:   0.94 kB
.svelte-kit/output/client/_app/immutable/workers/highlight-C32va5db.js                    79.72 kB
.svelte-kit/output/client/_app/immutable/workers/assets/web-tree-sitter-CfJ9hzQ2.wasm    196.76 kB │ gzip:  79.59 kB
.svelte-kit/output/client/_app/immutable/assets/2.BG8OpOVH.css                             0.29 kB │ gzip:   0.16 kB
.svelte-kit/output/client/_app/immutable/assets/5.DWqrcgMl.css                             0.53 kB │ gzip:   0.26 kB
.svelte-kit/output/client/_app/immutable/assets/4.B0JonEm4.css                             0.59 kB │ gzip:   0.27 kB
.svelte-kit/output/client/_app/immutable/assets/3.ivI_cRR_.css                             2.24 kB │ gzip:   0.72 kB
.svelte-kit/output/client/_app/immutable/assets/0.DUeUcjJ0.css                         1,033.03 kB │ gzip: 160.79 kB
.svelte-kit/output/client/_app/immutable/chunks/BsF2RsjN.js                                0.02 kB │ gzip:   0.04 kB
.svelte-kit/output/client/_app/immutable/chunks/Z7-hgFYg.js                                0.02 kB │ gzip:   0.04 kB
.svelte-kit/output/client/_app/immutable/chunks/CHJ94jMC.js                                0.03 kB │ gzip:   0.05 kB
.svelte-kit/output/client/_app/immutable/chunks/CT0T0Gak.js                                0.06 kB │ gzip:   0.08 kB
.svelte-kit/output/client/_app/immutable/entry/start.CBg5BH15.js                           0.08 kB │ gzip:   0.09 kB
.svelte-kit/output/client/_app/immutable/chunks/DQBu8CuN.js                                0.24 kB │ gzip:   0.17 kB
.svelte-kit/output/client/_app/immutable/chunks/B7xZHWKt.js                                0.64 kB │ gzip:   0.38 kB
.svelte-kit/output/client/_app/immutable/nodes/1.C3Q0q55A.js                               1.06 kB │ gzip:   0.49 kB
.svelte-kit/output/client/_app/immutable/chunks/DXb0ZbaM.js                                1.20 kB │ gzip:   0.68 kB
.svelte-kit/output/client/_app/immutable/nodes/6.11hr1DFW.js                               1.74 kB │ gzip:   0.93 kB
.svelte-kit/output/client/_app/immutable/chunks/CtjmX-RP.js                                2.52 kB │ gzip:   1.03 kB
.svelte-kit/output/client/_app/immutable/chunks/Cp6p0LcV.js                                2.73 kB │ gzip:   1.32 kB
.svelte-kit/output/client/_app/immutable/entry/app.CDXVJCDa.js                             3.69 kB │ gzip:   1.55 kB
.svelte-kit/output/client/_app/immutable/nodes/4.Cpmzp9rN.js                               5.90 kB │ gzip:   2.42 kB
.svelte-kit/output/client/_app/immutable/nodes/2.DK12HR9m.js                               7.40 kB │ gzip:   3.31 kB
.svelte-kit/output/client/_app/immutable/chunks/B3cJE6ps.js                               10.04 kB │ gzip:   2.49 kB
.svelte-kit/output/client/_app/immutable/chunks/CTa-6qjQ.js                               16.26 kB │ gzip:   5.10 kB
.svelte-kit/output/client/_app/immutable/nodes/5.3mG5IbJz.js                              21.07 kB │ gzip:   7.14 kB
.svelte-kit/output/client/_app/immutable/chunks/BHdbgmXc.js                               27.39 kB │ gzip:  10.67 kB
.svelte-kit/output/client/_app/immutable/nodes/0.DsOuNUvG.js                              45.10 kB │ gzip:  14.46 kB
.svelte-kit/output/client/_app/immutable/chunks/Bx5oWESV.js                               52.61 kB │ gzip:  20.20 kB
.svelte-kit/output/client/_app/immutable/chunks/DKWhGWFo.js                               53.74 kB │ gzip:  15.20 kB
.svelte-kit/output/client/_app/immutable/nodes/3.Dsphwaxx.js                             100.98 kB │ gzip:  29.61 kB

✓ built in 843ms
computing gzip size...
.svelte-kit/output/server/.vite/manifest.json                                   7.23 kB │ gzip:   0.97 kB
.svelte-kit/output/server/_app/immutable/assets/_page.BG8OpOVH.css              0.29 kB │ gzip:   0.16 kB
.svelte-kit/output/server/_app/immutable/assets/_page.DWqrcgMl.css              0.53 kB │ gzip:   0.26 kB
.svelte-kit/output/server/_app/immutable/assets/_page.B0JonEm4.css              0.59 kB │ gzip:   0.27 kB
.svelte-kit/output/server/_app/immutable/assets/_page.ivI_cRR_.css              2.24 kB │ gzip:   0.72 kB
.svelte-kit/output/server/_app/immutable/assets/_layout.BwqKP6VK.css        1,032.47 kB │ gzip: 160.70 kB
.svelte-kit/output/server/chunks/index-server2.js                               0.03 kB │ gzip:   0.05 kB
.svelte-kit/output/server/chunks/navigation.js                                  0.03 kB │ gzip:   0.05 kB
.svelte-kit/output/server/entries/pages/pr/_id_/range-diff/_page.ts.js          0.10 kB │ gzip:   0.11 kB
.svelte-kit/output/server/entries/pages/_layout.ts.js                           0.24 kB │ gzip:   0.19 kB
.svelte-kit/output/server/internal.js                                           0.40 kB │ gzip:   0.20 kB
.svelte-kit/output/server/entries/pages/pr/_id_/_page.ts.js                     0.63 kB │ gzip:   0.34 kB
.svelte-kit/output/server/entries/pages/pr/_id_/range-diff/_page.svelte.js      1.18 kB │ gzip:   0.58 kB
.svelte-kit/output/server/chunks/environment.js                                 1.32 kB │ gzip:   0.56 kB
.svelte-kit/output/server/chunks/stores.js                                      1.47 kB │ gzip:   0.66 kB
.svelte-kit/output/server/chunks/time.js                                        1.93 kB │ gzip:   0.77 kB
.svelte-kit/output/server/chunks/palette-state.js                               2.20 kB │ gzip:   0.80 kB
.svelte-kit/output/server/entries/pages/settings/keyboard/_page.svelte.js       2.58 kB │ gzip:   1.07 kB
.svelte-kit/output/server/chunks/pr-detail.js                                   2.95 kB │ gzip:   1.01 kB
.svelte-kit/output/server/entries/fallbacks/error.svelte.js                     3.50 kB │ gzip:   1.32 kB
.svelte-kit/output/server/chunks/index-server.js                                4.65 kB │ gzip:   1.72 kB
.svelte-kit/output/server/chunks/cockpit.js                                     5.99 kB │ gzip:   1.47 kB
.svelte-kit/output/server/entries/pages/_page.svelte.js                         9.13 kB │ gzip:   2.93 kB
.svelte-kit/output/server/chunks/shared.js                                     10.32 kB │ gzip:   3.34 kB
.svelte-kit/output/server/chunks/exports.js                                    11.26 kB │ gzip:   3.50 kB
.svelte-kit/output/server/chunks/keymap.js                                     15.56 kB │ gzip:   3.13 kB
.svelte-kit/output/server/entries/pages/settings/_page.svelte.js               15.76 kB │ gzip:   3.86 kB
.svelte-kit/output/server/chunks/internal.js                                   20.67 kB │ gzip:   6.43 kB
.svelte-kit/output/server/chunks/utils.js                                      30.10 kB │ gzip:   8.68 kB
.svelte-kit/output/server/chunks/dev.js                                        44.18 kB │ gzip:  12.10 kB
.svelte-kit/output/server/remote-entry.js                                      46.10 kB │ gzip:   9.44 kB
.svelte-kit/output/server/chunks/client.js                                     47.20 kB │ gzip:  13.86 kB
.svelte-kit/output/server/entries/pages/_layout.svelte.js                      58.67 kB │ gzip:  12.77 kB
.svelte-kit/output/server/chunks/client2.js                                    74.64 kB │ gzip:  16.50 kB
.svelte-kit/output/server/chunks/utils2.js                                     87.87 kB │ gzip:  22.68 kB
.svelte-kit/output/server/entries/pages/pr/_id_/_page.svelte.js               114.18 kB │ gzip:  23.88 kB
.svelte-kit/output/server/index.js                                            122.95 kB │ gzip:  31.10 kB

✓ built in 2.35s

Run npm run preview to preview your production build locally.

> Using @sveltejs/adapter-static
Overwriting build/index.html with fallback page. Consider using a different name for the fallback.
  Wrote site to "build"
  ✔ done
    Finished `bench` profile [optimized] target(s) in 0.49s
     Running benches/comrak_render_throughput.rs (target/release/deps/comrak_render_throughput-658b12f3f06bbd12)
Gnuplot not found, using plotters backend
Benchmarking comrak_render_throughput/comrak_render_throughput
Benchmarking comrak_render_throughput/comrak_render_throughput: Warming up for 300.00 ms
Benchmarking comrak_render_throughput/comrak_render_throughput: Collecting 30 samples in estimated 3.0119 s (109k iterations)
Benchmarking comrak_render_throughput/comrak_render_throughput: Analyzing
comrak_render_throughput/comrak_render_throughput
                        time:   [27.103 µs 27.146 µs 27.229 µs]
                        thrpt:  [36.726 Kelem/s 36.837 Kelem/s 36.897 Kelem/s]
                 change:
                        time:   [−0.2996% +0.0239% +0.3027%] (p = 0.89 > 0.05)
                        thrpt:  [−0.3017% −0.0239% +0.3005%]
                        No change in performance detected.
Found 2 outliers among 30 measurements (6.67%)
  2 (6.67%) high mild

     Running benches/file_open_in_diff_cached.rs (target/release/deps/file_open_in_diff_cached-3dcf8515d744d323)
Gnuplot not found, using plotters backend
Benchmarking file_open_in_diff_cached
Benchmarking file_open_in_diff_cached: Warming up for 300.00 ms
Benchmarking file_open_in_diff_cached: Collecting 20 samples in estimated 2.1262 s (3360 iterations)
Benchmarking file_open_in_diff_cached: Analyzing
file_open_in_diff_cached
                        time:   [645.03 µs 693.73 µs 721.44 µs]
                        change: [−21.343% −15.364% −9.3749%] (p = 0.00 < 0.05)
                        Performance has improved.

     Running benches/inbox_first_paint.rs (target/release/deps/inbox_first_paint-6bfe98a85397c14e)
Gnuplot not found, using plotters backend
Benchmarking inbox_first_paint
Benchmarking inbox_first_paint: Warming up for 300.00 ms
Benchmarking inbox_first_paint: Collecting 20 samples in estimated 2.4833 s (80 iterations)
Benchmarking inbox_first_paint: Analyzing
inbox_first_paint       time:   [30.134 ms 30.587 ms 31.128 ms]
                        change: [−0.9509% +1.1201% +3.2394%] (p = 0.33 > 0.05)
                        No change in performance detected.
Found 1 outliers among 20 measurements (5.00%)
  1 (5.00%) high mild

     Running benches/mutation_submit_visible.rs (target/release/deps/mutation_submit_visible-8605d5bfbcfe9025)
Gnuplot not found, using plotters backend
Benchmarking mutation_submit_visible_online
Benchmarking mutation_submit_visible_online: Warming up for 250.00 ms
Benchmarking mutation_submit_visible_online: Collecting 20 samples in estimated 2.0564 s (6090 iterations)
Benchmarking mutation_submit_visible_online: Analyzing
mutation_submit_visible_online
                        time:   [378.68 µs 404.11 µs 424.31 µs]
                        change: [−25.055% −16.460% −7.4934%] (p = 0.00 < 0.05)
                        Performance has improved.

Benchmarking mutation_submit_visible_offline
Benchmarking mutation_submit_visible_offline: Warming up for 250.00 ms
Benchmarking mutation_submit_visible_offline: Collecting 20 samples in estimated 2.0764 s (5040 iterations)
Benchmarking mutation_submit_visible_offline: Analyzing
mutation_submit_visible_offline
                        time:   [418.62 µs 457.72 µs 488.32 µs]
                        change: [−12.722% −0.7152% +12.797%] (p = 0.91 > 0.05)
                        No change in performance detected.
Found 1 outliers among 20 measurements (5.00%)
  1 (5.00%) low mild

     Running benches/pr_detail_open.rs (target/release/deps/pr_detail_open-c1159c659a937053)
Gnuplot not found, using plotters backend
Benchmarking pr_detail_open/preloaded
Benchmarking pr_detail_open/preloaded: Warming up for 300.00 ms
Benchmarking pr_detail_open/preloaded: Collecting 20 samples in estimated 2.1044 s (2520 iterations)
Benchmarking pr_detail_open/preloaded: Analyzing
pr_detail_open/preloaded
                        time:   [776.35 µs 812.29 µs 839.91 µs]
                        change: [−9.8702% −4.6563% +0.8346%] (p = 0.11 > 0.05)
                        No change in performance detected.

Benchmarking pr_detail_open/cold_cache
Benchmarking pr_detail_open/cold_cache: Warming up for 300.00 ms
Benchmarking pr_detail_open/cold_cache: Collecting 20 samples in estimated 2.5986 s (80 iterations)
Benchmarking pr_detail_open/cold_cache: Analyzing
pr_detail_open/cold_cache
                        time:   [31.810 ms 32.249 ms 32.701 ms]
                        change: [−2.1680% −0.4320% +1.4532%] (p = 0.66 > 0.05)
                        No change in performance detected.

inbox_first_paint_ms=30.59
pr_detail_open_preloaded_ms=0.80
pr_detail_open_cold_ms=32.25
file_open_in_diff_cached_ms=0.63
mutation_submit_visible_online_ms=0.38
mutation_submit_visible_offline_ms=0.43
mutation_submit_visible_ms=0.43
comrak_render_throughput_ops_per_sec=36794.57
inbox_first_paint_ms=108
inbox_dom_content_loaded_ms=22
pr_detail_open_preloaded_ms=25
pr_detail_open_cold_ms=38
file_open_in_diff_cached_ms=64
diff_scroll_fps=62.16
diff_scroll_frame_p95_ms=16.2
diff_scroll_frame_avg_ms=16.09
command_palette_open_ms=3
command_palette_result_ms=0
inbox_first_paint_ms: 30.59ms <= 100ms
pr_detail_open_preloaded_ms: 0.80ms <= 50ms
pr_detail_open_cold_ms: 32.25ms <= 250ms
file_open_in_diff_cached_ms: 0.63ms <= 100ms
mutation_submit_visible_ms: 0.43ms <= 16ms
mutation_submit_visible_online_ms: 0.38ms <= 16ms
mutation_submit_visible_offline_ms: 0.43ms <= 16ms
comrak_render_throughput_ops_per_sec: 36794.57ops/s >= 850ops/s
inbox_first_paint_ms_frontend: 108.00ms <= 100ms
pr_detail_open_preloaded_ms_frontend: 25.00ms <= 50ms
pr_detail_open_cold_ms_frontend: 38.00ms <= 250ms
file_open_in_diff_cached_ms_frontend: 64.00ms <= 100ms
diff_scroll_fps: 62.16fps >= 60fps
diff_scroll_frame_p95_ms: 16.20ms <= 16.7ms
command_palette_open_ms: 3.00ms <= 75ms
command_palette_result_ms: 0.00ms <= 150ms
inbox_first_paint_ms_frontend: 108ms exceeds hard budget 100ms
inbox_first_paint_ms_frontend: 108ms regressed past 10% threshold (99.00ms)
node tools/perf-bench/compare-budgets.mjs failed with 1
 ELIFECYCLE  Command failed with exit code 1.
